Component: ARM Compiler 5.06 update 5 (build 528) Tool: armlink [4d35e2]

==============================================================================

Section Cross References

    startup_stm32f407xx.o(STACK) refers (Special) to heapauxi.o(.text) for __use_two_region_memory
    startup_stm32f407xx.o(HEAP) refers (Special) to heapauxi.o(.text) for __use_two_region_memory
    startup_stm32f407xx.o(RESET) refers (Special) to heapauxi.o(.text) for __use_two_region_memory
    startup_stm32f407xx.o(RESET) refers to startup_stm32f407xx.o(STACK) for __initial_sp
    startup_stm32f407xx.o(RESET) refers to startup_stm32f407xx.o(.text) for Reset_Handler
    startup_stm32f407xx.o(RESET) refers to system.o(i.SysTick_Handler) for SysTick_Handler
    startup_stm32f407xx.o(RESET) refers to exti.o(i.EXTI0_IRQHandler) for EXTI0_IRQHandler
    startup_stm32f407xx.o(RESET) refers to exti.o(i.EXTI1_IRQHandler) for EXTI1_IRQHandler
    startup_stm32f407xx.o(RESET) refers to exti.o(i.EXTI2_IRQHandler) for EXTI2_IRQHandler
    startup_stm32f407xx.o(RESET) refers to exti.o(i.EXTI3_IRQHandler) for EXTI3_IRQHandler
    startup_stm32f407xx.o(RESET) refers to exti.o(i.EXTI4_IRQHandler) for EXTI4_IRQHandler
    startup_stm32f407xx.o(RESET) refers to dma_stm32f4xx.o(i.DMA1_Stream0_IRQHandler) for DMA1_Stream0_IRQHandler
    startup_stm32f407xx.o(RESET) refers to dma_stm32f4xx.o(i.DMA1_Stream1_IRQHandler) for DMA1_Stream1_IRQHandler
    startup_stm32f407xx.o(RESET) refers to dma_stm32f4xx.o(i.DMA1_Stream2_IRQHandler) for DMA1_Stream2_IRQHandler
    startup_stm32f407xx.o(RESET) refers to dma_stm32f4xx.o(i.DMA1_Stream3_IRQHandler) for DMA1_Stream3_IRQHandler
    startup_stm32f407xx.o(RESET) refers to dma_stm32f4xx.o(i.DMA1_Stream4_IRQHandler) for DMA1_Stream4_IRQHandler
    startup_stm32f407xx.o(RESET) refers to dma_stm32f4xx.o(i.DMA1_Stream5_IRQHandler) for DMA1_Stream5_IRQHandler
    startup_stm32f407xx.o(RESET) refers to dma_stm32f4xx.o(i.DMA1_Stream6_IRQHandler) for DMA1_Stream6_IRQHandler
    startup_stm32f407xx.o(RESET) refers to exti.o(i.EXTI9_5_IRQHandler) for EXTI9_5_IRQHandler
    startup_stm32f407xx.o(RESET) refers to timer.o(i.TIM1_CC_IRQHandler) for TIM1_CC_IRQHandler
    startup_stm32f407xx.o(RESET) refers to timer.o(i.TIM2_IRQHandler) for TIM2_IRQHandler
    startup_stm32f407xx.o(RESET) refers to timer.o(i.TIM3_IRQHandler) for TIM3_IRQHandler
    startup_stm32f407xx.o(RESET) refers to timer.o(i.TIM4_IRQHandler) for TIM4_IRQHandler
    startup_stm32f407xx.o(RESET) refers to serial_uart_stm32f4xx.o(i.USART1_IRQHandler) for USART1_IRQHandler
    startup_stm32f407xx.o(RESET) refers to serial_uart_stm32f4xx.o(i.USART3_IRQHandler) for USART3_IRQHandler
    startup_stm32f407xx.o(RESET) refers to exti.o(i.EXTI15_10_IRQHandler) for EXTI15_10_IRQHandler
    startup_stm32f407xx.o(RESET) refers to dma_stm32f4xx.o(i.DMA1_Stream7_IRQHandler) for DMA1_Stream7_IRQHandler
    startup_stm32f407xx.o(RESET) refers to dma_stm32f4xx.o(i.DMA2_Stream0_IRQHandler) for DMA2_Stream0_IRQHandler
    startup_stm32f407xx.o(RESET) refers to dma_stm32f4xx.o(i.DMA2_Stream1_IRQHandler) for DMA2_Stream1_IRQHandler
    startup_stm32f407xx.o(RESET) refers to dma_stm32f4xx.o(i.DMA2_Stream2_IRQHandler) for DMA2_Stream2_IRQHandler
    startup_stm32f407xx.o(RESET) refers to dma_stm32f4xx.o(i.DMA2_Stream3_IRQHandler) for DMA2_Stream3_IRQHandler
    startup_stm32f407xx.o(RESET) refers to dma_stm32f4xx.o(i.DMA2_Stream4_IRQHandler) for DMA2_Stream4_IRQHandler
    startup_stm32f407xx.o(RESET) refers to dma_stm32f4xx.o(i.DMA2_Stream5_IRQHandler) for DMA2_Stream5_IRQHandler
    startup_stm32f407xx.o(RESET) refers to dma_stm32f4xx.o(i.DMA2_Stream6_IRQHandler) for DMA2_Stream6_IRQHandler
    startup_stm32f407xx.o(RESET) refers to dma_stm32f4xx.o(i.DMA2_Stream7_IRQHandler) for DMA2_Stream7_IRQHandler
    startup_stm32f407xx.o(RESET) refers to serial_uart_stm32f4xx.o(i.USART6_IRQHandler) for USART6_IRQHandler
    startup_stm32f407xx.o(.text) refers (Special) to heapauxi.o(.text) for __use_two_region_memory
    startup_stm32f407xx.o(.text) refers to system_stm32f4xx.o(i.SystemInit) for SystemInit
    startup_stm32f407xx.o(.text) refers to __main.o(!!!main) for __main
    startup_stm32f407xx.o(.text) refers to startup_stm32f407xx.o(HEAP) for Heap_Mem
    startup_stm32f407xx.o(.text) refers to startup_stm32f407xx.o(STACK) for Stack_Mem
    stm32f4xx_flash.o(i.FLASH_EraseAllBank1Sectors) refers to stm32f4xx_flash.o(i.FLASH_WaitForLastOperation) for FLASH_WaitForLastOperation
    stm32f4xx_flash.o(i.FLASH_EraseAllBank2Sectors) refers to stm32f4xx_flash.o(i.FLASH_WaitForLastOperation) for FLASH_WaitForLastOperation
    stm32f4xx_flash.o(i.FLASH_EraseAllSectors) refers to stm32f4xx_flash.o(i.FLASH_WaitForLastOperation) for FLASH_WaitForLastOperation
    stm32f4xx_flash.o(i.FLASH_EraseSector) refers to stm32f4xx_flash.o(i.FLASH_WaitForLastOperation) for FLASH_WaitForLastOperation
[...]
    uartStartTxDMA                           0x08009cf9   Thumb Code    74  serial_uart.o(i.uartStartTxDMA)
    uartTotalRxBytesWaiting                  0x08009d43   Thumb Code    24  serial_uart.o(i.uartTotalRxBytesWaiting)
    uartTotalTxBytesFree                     0x08009d5b   Thumb Code    38  serial_uart.o(i.uartTotalTxBytesFree)
    uartWrite                                0x08009d81   Thumb Code    48  serial_uart.o(i.uartWrite)
    updateActivatedModes                     0x08009db1   Thumb Code    58  rc_controls.o(i.updateActivatedModes)
    updateLEDs                               0x08009df1   Thumb Code    42  fc_core.o(i.updateLEDs)
    updateRcCommands                         0x08009e29   Thumb Code   272  fc_rc.o(i.updateRcCommands)
    useRcControlsConfig                      0x08009f55   Thumb Code    22  rc_controls.o(i.useRcControlsConfig)
    validateAndFixConfig                     0x08009f71   Thumb Code    64  config.o(i.validateAndFixConfig)
    validateAndFixGyroConfig                 0x08009fb1   Thumb Code    38  config.o(i.validateAndFixGyroConfig)
    validateBlackboxConfig                   0x08009fdd   Thumb Code    76  blackbox.o(i.validateBlackboxConfig)
    verifyMPU9250WriteRegister               0x0800a02d   Thumb Code    64  accgyro_spi_mpu9250.o(i.verifyMPU9250WriteRegister)
    writeMotors                              0x0800a06d   Thumb Code    44  mixer.o(i.writeMotors)
    _get_lc_ctype                            0x0800a0a1   Thumb Code    44  lc_ctype_c.o(locale$$code)
    _get_lc_numeric                          0x0800a0cd   Thumb Code    44  lc_numeric_c.o(locale$$code)
    __fpl_dretinf                            0x0800a0f9   Thumb Code    12  dretinf.o(x$fpl$dretinf)
    __aeabi_f2d                              0x0800a105   Thumb Code     0  f2d.o(x$fpl$f2d)
    _f2d                                     0x0800a105   Thumb Code    86  f2d.o(x$fpl$f2d)
    _ffix_r                                  0x0800a15b   Thumb Code    14  ffix.o(x$fpl$ffixr)
    __fpl_fnaninf                            0x0800a169   Thumb Code   140  fnaninf.o(x$fpl$fnaninf)
    _fp_init                                 0x0800a1f5   Thumb Code    10  fpinit.o(x$fpl$fpinit)
    __fplib_config_fpu_vfp                   0x0800a1fd   Thumb Code     0  fpinit.o(x$fpl$fpinit)
    __fplib_config_pureend_doubles           0x0800a1fd   Thumb Code     0  fpinit.o(x$fpl$fpinit)
    _frnd                                    0x0800a201   Thumb Code    96  frnd.o(x$fpl$frnd)
    _printf_fp_dec                           0x0800a261   Thumb Code     4  printf1.o(x$fpl$printf1)
    __I$use$fp                               0x0800a264   Number         0  usenofp.o(x$fpl$usenofp)
    timerHardware                            0x0800a26c   Data         168  target.o(.constdata)
    ioPortDefs                               0x0800a373   Data           6  io.o(.constdata)
    serialPortIdentifiers                    0x0800a384   Data           3  serial.o(.constdata)
    uartVTable                               0x0800a388   Data          40  serial_uart.o(.constdata)
    timerDefinitions                         0x0800a3b0   Data         112  timer_stm32f4xx.o(.constdata)
    rcChannelLetters                         0x0800a4a0   Data          21  rx.o(.constdata)
    Region$$Table$$Base                      0x0800a718   Number         0  anon$$obj.o(Region$$Table)
    Region$$Table$$Limit                     0x0800a738   Number         0  anon$$obj.o(Region$$Table)
    __ctype                                  0x0800a745   Data           0  lc_ctype_c.o(locale$$data)
    systemState                              0x20000010   Data           1  main.o(.data)
    __stdout                                 0x20000014   Data           4  main.o(.data)
    SystemCoreClock                          0x20000018   Data           4  system_stm32f4xx.o(.data)
    AHBPrescTable                            0x2000001c   Data          16  system_stm32f4xx.o(.data)
    sysTickUptime                            0x20000030   Data           4  system.o(.data)
    mpuReset                                 0x20000038   Data           4  accgyro_mpu.o(.data)
    pwmMotorsEnabled                         0x2000022c   Data           1  pwm_output.o(.data)
    timerInfo                                0x20000fe0   Data           6  timer.o(.data)
    currentProfile                           0x20000fec   Data           4  config.o(.data)
    currentControlRateProfile                0x20000ff0   Data           4  config.o(.data)
    motorControlEnable                       0x20000ff4   Data           1  fc_core.o(.data)
    isRXDataNew                              0x20001004   Data           1  fc_core.o(.data)
    cfTasks                                  0x20001028   Data         572  fc_tasks.o(.data)
    rcModeActivationMask                     0x20001270   Data           4  rc_controls.o(.data)
    rcCommand                                0x20001274   Data           8  rc_controls.o(.data)
    armingFlags                              0x2000127c   Data           1  runtime_config.o(.data)
    flightModeFlags                          0x20001280   Data           2  runtime_config.o(.data)
    currentMixerMode                         0x2000128d   Data           1  mixer.o(.data)
    motorOutputHigh                          0x20001290   Data           2  mixer.o(.data)
    motorOutputLow                           0x20001292   Data           2  mixer.o(.data)
    rxConfig                                 0x200012a4   Data           4  mixer.o(.data)
    targetPidLooptime                        0x200012b4   Data           4  pid.o(.data)
    detectedSensors                          0x20001318   Data           4  initialisation.o(.data)
    debug                                    0x20001348   Data           8  debug.o(.data)
    debugMode                                0x20001350   Data           1  debug.o(.data)
    blackboxHeaderBudget                     0x20001364   Data           4  blackbox_io.o(.data)
    averageSystemLoadPercentage              0x2000136a   Data           2  scheduler.o(.data)
    checkFuncMaxExecutionTime                0x20001380   Data           4  scheduler.o(.data)
    checkFuncTotalExecutionTime              0x20001384   Data           4  scheduler.o(.data)
    checkFuncMovingSumExecutionTime          0x20001388   Data           4  scheduler.o(.data)
    clocks                                   0x2000138c   Data          16  system.o(.bss)
    extiChannelRecs                          0x2000139c   Data          64  exti.o(.bss)
    ioRecs                                   0x200013dc   Data         640  io.o(.bss)
    timerConfig                              0x20001820   Data         240  timer.o(.bss)
    timerChannelInfo                         0x20001910   Data          14  timer.o(.bss)
    masterConfig                             0x20001920   Data         904  config.o(.bss)
    motor                                    0x20002ef8   Data          24  mixer.o(.bss)
    motor_disarmed                           0x20002f10   Data          24  mixer.o(.bss)
    axisPID_P                                0x20003094   Data          12  pid.o(.bss)
    axisPID_I                                0x200030a0   Data          12  pid.o(.bss)
    axisPID_D                                0x200030ac   Data          12  pid.o(.bss)
    gyro                                     0x20003268   Data          88  gyro.o(.bss)
    rxRuntimeConfig                          0x20003354   Data          12  rx.o(.bss)
    rcRaw                                    0x20003360   Data          36  rx.o(.bss)
    rcData                                   0x20003384   Data          36  rx.o(.bss)
    rcInvalidPulsPeriod                      0x200033a8   Data          72  rx.o(.bss)
    taskQueueArray                           0x200035a4   Data          48  scheduler.o(.bss)
    __libspace_start                         0x200035d4   Data          96  libspace.o(.bss)
    __temporary_stack_top$libspace           0x20003634   Data           0  libspace.o(.bss)



==============================================================================

Memory Map of the image

  Image Entry point : 0x08000189

  Load Region LR_IROM1 (Base: 0x08000000, Size: 0x0000bbf0, Max: 0x00100000, ABSOLUTE, COMPRESSED[0x0000a9b4])

    Execution Region ER_IROM1 (Exec base: 0x08000000, Load base: 0x08000000, Size: 0x0000a864, Max: 0x00100000, ABSOLUTE)

    Exec Addr    Load Addr    Size         Type   Attr      Idx    E Section Name        Object

    0x08000000   0x08000000   0x00000188   Data   RO            3    RESET               startup_stm32f407xx.o
    0x08000188   0x08000188   0x00000008   Code   RO         6526  * !!!main             c_w.l(__main.o)
    0x08000190   0x08000190   0x00000034   Code   RO         6869    !!!scatter          c_w.l(__scatter.o)
    0x080001c4   0x080001c4   0x0000005a   Code   RO         6867    !!dczerorl2         c_w.l(__dczerorl2.o)
    0x0800021e   0x0800021e   0x00000002   PAD
    0x08000220   0x08000220   0x0000001c   Code   RO         6871    !!handler_zi        c_w.l(__scatter_zi.o)
    0x0800023c   0x0800023c   0x00000000   Code   RO         6497    .ARM.Collect$$_printf_percent$$00000000  c_w.l(_printf_percent.o)
    0x0800023c   0x0800023c   0x00000006   Code   RO         6496    .ARM.Collect$$_printf_percent$$00000003  c_w.l(_printf_f.o)
    0x08000242   0x08000242   0x00000006   Code   RO         6494    .ARM.Collect$$_printf_percent$$00000009  c_w.l(_printf_d.o)
    0x08000248   0x08000248   0x00000006   Code   RO         6495    .ARM.Collect$$_printf_percent$$0000000A  c_w.l(_printf_u.o)
    0x0800024e   0x0800024e   0x00000006   Code   RO         6493    .ARM.Collect$$_printf_percent$$00000014  c_w.l(_printf_s.o)
    0x08000254   0x08000254   0x00000004   Code   RO         6624    .ARM.Collect$$_printf_percent$$00000017  c_w.l(_printf_percent_end.o)
    0x08000258   0x08000258   0x00000002   Code   RO         6740    .ARM.Collect$$libinit$$00000000  c_w.l(libinit.o)
    0x0800025a   0x0800025a   0x00000004   Code   RO         6741    .ARM.Collect$$libinit$$00000001  c_w.l(libinit2.o)
    0x0800025e   0x0800025e   0x00000000   Code   RO         6744    .ARM.Collect$$libinit$$00000004  c_w.l(libinit2.o)
    0x0800025e   0x0800025e   0x00000000   Code   RO         6747    .ARM.Collect$$libinit$$0000000A  c_w.l(libinit2.o)
    0x0800025e   0x0800025e   0x00000000   Code   RO         6749    .ARM.Collect$$libinit$$0000000C  c_w.l(libinit2.o)
    0x0800025e   0x0800025e   0x00000000   Code   RO         6751    .ARM.Collect$$libinit$$0000000E  c_w.l(libinit2.o)
    0x0800025e   0x0800025e   0x00000006   Code   RO         6752    .ARM.Collect$$libinit$$0000000F  c_w.l(libinit2.o)
    0x08000264   0x08000264   0x00000000   Code   RO         6754    .ARM.Collect$$libinit$$00000011  c_w.l(libinit2.o)
    0x08000264   0x08000264   0x0000000c   Code   RO         6755    .ARM.Collect$$libinit$$00000012  c_w.l(libinit2.o)
    0x08000270   0x08000270   0x00000000   Code   RO         6756    .ARM.Collect$$libinit$$00000013  c_w.l(libinit2.o)
    0x08000270   0x08000270   0x00000000   Code   RO         6758    .ARM.Collect$$libinit$$00000015  c_w.l(libinit2.o)
    0x08000270   0x08000270   0x0000000a   Code   RO         6759    .ARM.Collect$$libinit$$00000016  c_w.l(libinit2.o)
    0x0800027a   0x0800027a   0x00000000   Code   RO         6760    .ARM.Collect$$libinit$$00000017  c_w.l(libinit2.o)
    0x0800027a   0x0800027a   0x00000000   Code   RO         6762    .ARM.Collect$$libinit$$00000019  c_w.l(libinit2.o)
    0x0800027a   0x0800027a   0x00000000   Code   RO         6764    .ARM.Collect$$libinit$$0000001B  c_w.l(libinit2.o)
    0x0800027a   0x0800027a   0x00000000   Code   RO         6766    .ARM.Collect$$libinit$$0000001D  c_w.l(libinit2.o)
    0x0800027a   0x0800027a   0x00000000   Code   RO         6768    .ARM.Collect$$libinit$$0000001F  c_w.l(libinit2.o)
    0x0800027a   0x0800027a   0x00000000   Code   RO         6770    .ARM.Collect$$libinit$$00000021  c_w.l(libinit2.o)
    0x0800027a   0x0800027a   0x00000000   Code   RO         6772    .ARM.Collect$$libinit$$00000023  c_w.l(libinit2.o)
    0x0800027a   0x0800027a   0x00000000   Code   RO         6774    .ARM.Collect$$libinit$$00000025  c_w.l(libinit2.o)
    0x0800027a   0x0800027a   0x00000000   Code   RO         6778    .ARM.Collect$$libinit$$0000002C  c_w.l(libinit2.o)
    0x0800027a   0x0800027a   0x00000000   Code   RO         6780    .ARM.Collect$$libinit$$0000002E  c_w.l(libinit2.o)
    0x0800027a   0x0800027a   0x00000000   Code   RO         6782    .ARM.Collect$$libinit$$00000030  c_w.l(libinit2.o)
    0x0800027a   0x0800027a   0x00000000   Code   RO         6784    .ARM.Collect$$libinit$$00000032  c_w.l(libinit2.o)
    0x0800027a   0x0800027a   0x00000002   Code   RO         6785    .ARM.Collect$$libinit$$00000033  c_w.l(libinit2.o)
    0x0800027c   0x0800027c   0x00000002   Code   RO         6815    .ARM.Collect$$libshutdown$$00000000  c_w.l(libshutdown.o)
    0x0800027e   0x0800027e   0x00000000   Code   RO         6826    .ARM.Collect$$libshutdown$$00000002  c_w.l(libshutdown2.o)
    0x0800027e   0x0800027e   0x00000000   Code   RO         6828    .ARM.Collect$$libshutdown$$00000004  c_w.l(libshutdown2.o)
    0x0800027e   0x0800027e   0x00000000   Code   RO         6831    .ARM.Collect$$libshutdown$$00000007  c_w.l(libshutdown2.o)
    0x0800027e   0x0800027e   0x00000000   Code   RO         6834    .ARM.Collect$$libshutdown$$0000000A  c_w.l(libshutdown2.o)
    0x0800027e   0x0800027e   0x00000000   Code   RO         6836    .ARM.Collect$$libshutdown$$0000000C  c_w.l(libshutdown2.o)
    0x0800027e   0x0800027e   0x00000000   Code   RO         6839    .ARM.Collect$$libshutdown$$0000000F  c_w.l(libshutdown2.o)
    0x0800027e   0x0800027e   0x00000002   Code   RO         6840    .ARM.Collect$$libshutdown$$00000010  c_w.l(libshutdown2.o)
    0x08000280   0x08000280   0x00000000   Code   RO         6604    .ARM.Collect$$rtentry$$00000000  c_w.l(__rtentry.o)
    0x08000280   0x08000280   0x00000000   Code   RO         6663    .ARM.Collect$$rtentry$$00000002  c_w.l(__rtentry2.o)
    0x08000280   0x08000280   0x00000006   Code   RO         6675    .ARM.Collect$$rtentry$$00000004  c_w.l(__rtentry4.o)
    0x08000286   0x08000286   0x00000000   Code   RO         6665    .ARM.Collect$$rtentry$$00000009  c_w.l(__rtentry2.o)
    0x08000286   0x08000286   0x00000004   Code   RO         6666    .ARM.Collect$$rtentry$$0000000A  c_w.l(__rtentry2.o)
    0x0800028a   0x0800028a   0x00000000   Code   RO         6668    .ARM.Collect$$rtentry$$0000000C  c_w.l(__rtentry2.o)
    0x0800028a   0x0800028a   0x00000008   Code   RO         6669    .ARM.Collect$$rtentry$$0000000D  c_w.l(__rtentry2.o)
    0x08000292   0x08000292   0x00000002   Code   RO         6786    .ARM.Collect$$rtexit$$00000000  c_w.l(rtexit.o)
    0x08000294   0x08000294   0x00000000   Code   RO         6793    .ARM.Collect$$rtexit$$00000002  c_w.l(rtexit2.o)
    0x08000294   0x08000294   0x00000004   Code   RO         6794    .ARM.Collect$$rtexit$$00000003  c_w.l(rtexit2.o)
    0x08000298   0x08000298   0x00000006   Code   RO         6795    .ARM.Collect$$rtexit$$00000004  c_w.l(rtexit2.o)
    0x0800029e   0x0800029e   0x00000002   PAD
    0x080002a0   0x080002a0   0x00000040   Code   RO            4    .text               startup_stm32f407xx.o
    0x080002e0   0x080002e0   0x0000001e   Code   RO         6461    .text               c_w.l(toupper.o)
    0x080002fe   0x080002fe   0x00000002   PAD
    0x08000300   0x08000300   0x00000018   Code   RO         6465    .text               c_w.l(noretval__2printf.o)
    0x08000318   0x08000318   0x00000068   Code   RO         6467    .text               c_w.l(__printf.o)
    0x08000380   0x08000380   0x00000052   Code   RO         6469    .text               c_w.l(_printf_str.o)
    0x080003d2   0x080003d2   0x00000002   PAD
    0x080003d4   0x080003d4   0x00000078   Code   RO         6471    .text               c_w.l(_printf_dec.o)
    0x0800044c   0x0800044c   0x0000001a   Code   RO         6498    .text               c_w.l(atoi.o)
    0x08000466   0x08000466   0x00000014   Code   RO         6500    .text               c_w.l(strchr.o)
    0x0800047a   0x0800047a   0x0000003e   Code   RO         6504    .text               c_w.l(strlen.o)
    0x080004b8   0x080004b8   0x00000096   Code   RO         6506    .text               c_w.l(strncmp.o)
    0x0800054e   0x0800054e   0x0000008a   Code   RO         6508    .text               c_w.l(rt_memcpy_v6.o)
    0x080005d8   0x080005d8   0x00000064   Code   RO         6510    .text               c_w.l(rt_memcpy_w.o)
    0x0800063c   0x0800063c   0x0000007a   Code   RO         6512    .text               c_w.l(rt_memmove_w.o)
    0x080006b6   0x080006b6   0x00000010   Code   RO         6514    .text               c_w.l(aeabi_memset.o)
    0x080006c6   0x080006c6   0x00000044   Code   RO         6516    .text               c_w.l(rt_memclr.o)
    0x0800070a   0x0800070a   0x0000004e   Code   RO         6518    .text               c_w.l(rt_memclr_w.o)
    0x08000758   0x08000758   0x00000056   Code   RO         6520    .text               c_w.l(strncpy.o)
    0x080007ae   0x080007ae   0x00000002   PAD
    0x080007b0   0x080007b0   0x00000080   Code   RO         6522    .text               c_w.l(strcmpv7m.o)
    0x08000830   0x08000830   0x00000006   Code   RO         6524    .text               c_w.l(heapauxi.o)
    0x08000836   0x08000836   0x00000002   PAD
    0x08000838   0x08000838   0x00000010   Code   RO         6605    .text               c_w.l(rt_ctype_table.o)
    0x08000848   0x08000848   0x00000008   Code   RO         6610    .text               c_w.l(rt_errno_addr_intlibspace.o)
    0x08000850   0x08000850   0x00000016   Code   RO         6612    .text               c_w.l(_rserrno.o)
    0x08000866   0x08000866   0x000000b2   Code   RO         6616    .text               c_w.l(_printf_intcommon.o)
    0x08000918   0x08000918   0x0000041e   Code   RO         6618    .text               c_w.l(_printf_fp_dec.o)
    0x08000d36   0x08000d36   0x0000002c   Code   RO         6620    .text               c_w.l(_printf_char.o)
    0x08000d62   0x08000d62   0x00000002   PAD
    0x08000d64   0x08000d64   0x00000024   Code   RO         6622    .text               c_w.l(_printf_char_file.o)
    0x08000d88   0x08000d88   0x00000070   Code   RO         6625    .text               c_w.l(strtol.o)
    0x08000df8   0x08000df8   0x00000008   Code   RO         6659    .text               c_w.l(libspace.o)
    0x08000e00   0x08000e00   0x00000008   Code   RO         6680    .text               c_w.l(rt_locale_intlibspace.o)
    0x08000e08   0x08000e08   0x0000008a   Code   RO         6682    .text               c_w.l(lludiv10.o)
    0x08000e92   0x08000e92   0x00000002   PAD
    0x08000e94   0x08000e94   0x00000030   Code   RO         6684    .text               c_w.l(_printf_char_common.o)
    0x08000ec4   0x08000ec4   0x00000080   Code   RO         6686    .text               c_w.l(_printf_fp_infnan.o)
    0x08000f44   0x08000f44   0x0000009e   Code   RO         6688    .text               c_w.l(_strtoul.o)
    0x08000fe2   0x08000fe2   0x00000002   PAD
    0x08000fe4   0x08000fe4   0x000000e4   Code   RO         6690    .text               c_w.l(bigflt0.o)
    0x080010c8   0x080010c8   0x00000008   Code   RO         6715    .text               c_w.l(ferror.o)
    0x080010d0   0x080010d0   0x0000004a   Code   RO         6727    .text               c_w.l(sys_stackheap_outer.o)
    0x0800111a   0x0800111a   0x0000001c   Code   RO         6731    .text               c_w.l(_chval.o)
    0x08001136   0x08001136   0x00000012   Code   RO         6733    .text               c_w.l(exit.o)
    0x08001148   0x08001148   0x0000000c   Code   RO         6805    .text               c_w.l(sys_exit.o)
    0x08001154   0x08001154   0x00000002   Code   RO         6816    .text               c_w.l(use_no_semi.o)
    0x08001156   0x08001156   0x00000000   Code   RO         6818    .text               c_w.l(indicate_semi.o)
    0x08001156   0x08001156   0x0000003e   Code   RO         6693    CL$$btod_d2e        c_w.l(btod.o)
    0x08001194   0x08001194   0x00000046   Code   RO         6695    CL$$btod_d2e_denorm_low  c_w.l(btod.o)
    0x080011da   0x080011da   0x00000060   Code   RO         6694    CL$$btod_d2e_norm_op1  c_w.l(btod.o)
    0x0800123a   0x0800123a   0x00000338   Code   RO         6703    CL$$btod_div_common  c_w.l(btod.o)
    0x08001572   0x08001572   0x000000dc   Code   RO         6700    CL$$btod_e2e        c_w.l(btod.o)
    0x0800164e   0x0800164e   0x0000002a   Code   RO         6697    CL$$btod_ediv       c_w.l(btod.o)
    0x08001678   0x08001678   0x0000002a   Code   RO         6696    CL$$btod_emul       c_w.l(btod.o)
    0x080016a2   0x080016a2   0x00000244   Code   RO         6702    CL$$btod_mult_common  c_w.l(btod.o)
    0x080018e6   0x080018e6   0x00000002   PAD
    0x080018e8   0x080018e8   0x00000010   Code   RO         2879    i.DMA1_Stream0_IRQHandler  dma_stm32f4xx.o
    0x080018f8   0x080018f8   0x00000014   Code   RO         2880    i.DMA1_Stream1_IRQHandler  dma_stm32f4xx.o
    0x0800190c   0x0800190c   0x00000014   Code   RO         2881    i.DMA1_Stream2_IRQHandler  dma_stm32f4xx.o
    0x08001920   0x08001920   0x00000014   Code   RO         2882    i.DMA1_Stream3_IRQHandler  dma_stm32f4xx.o
    0x08001934   0x08001934   0x00000014   Code   RO         2883    i.DMA1_Stream4_IRQHandler  dma_stm32f4xx.o
    0x08001948   0x08001948   0x00000014   Code   RO         2884    i.DMA1_Stream5_IRQHandler  dma_stm32f4xx.o
    0x0800195c   0x0800195c   0x00000014   Code   RO         2885    i.DMA1_Stream6_IRQHandler  dma_stm32f4xx.o
    0x08001970   0x08001970   0x00000014   Code   RO         2886    i.DMA1_Stream7_IRQHandler  dma_stm32f4xx.o
    0x08001984   0x08001984   0x00000014   Code   RO         2887    i.DMA2_Stream0_IRQHandler  dma_stm32f4xx.o
    0x08001998   0x08001998   0x00000014   Code   RO         2888    i.DMA2_Stream1_IRQHandler  dma_stm32f4xx.o
    0x080019ac   0x080019ac   0x00000018   Code   RO         2889    i.DMA2_Stream2_IRQHandler  dma_stm32f4xx.o
    0x080019c4   0x080019c4   0x00000018   Code   RO         2890    i.DMA2_Stream3_IRQHandler  dma_stm32f4xx.o
    0x080019dc   0x080019dc   0x00000018   Code   RO         2891    i.DMA2_Stream4_IRQHandler  dma_stm32f4xx.o
    0x080019f4   0x080019f4   0x00000018   Code   RO         2892    i.DMA2_Stream5_IRQHandler  dma_stm32f4xx.o
    0x08001a0c   0x08001a0c   0x00000018   Code   RO         2893    i.DMA2_Stream6_IRQHandler  dma_stm32f4xx.o
    0x08001a24   0x08001a24   0x00000018   Code   RO         2894    i.DMA2_Stream7_IRQHandler  dma_stm32f4xx.o
    0x08001a3c   0x08001a3c   0x00000014   Code   RO          123    i.DMA_Cmd           stm32f4xx_dma.o
    0x08001a50   0x08001a50   0x00000124   Code   RO          124    i.DMA_DeInit        stm32f4xx_dma.o
    0x08001b74   0x08001b74   0x00000006   Code   RO          129    i.DMA_GetCurrDataCounter  stm32f4xx_dma.o
    0x08001b7a   0x08001b7a   0x0000002c   Code   RO          134    i.DMA_ITConfig      stm32f4xx_dma.o
    0x08001ba6   0x08001ba6   0x00000002   PAD
    0x08001ba8   0x08001ba8   0x00000054   Code   RO          135    i.DMA_Init          stm32f4xx_dma.o
    0x08001bfc   0x08001bfc   0x0000000a   Code   RO          136    i.DMA_MemoryTargetConfig  stm32f4xx_dma.o
    0x08001c06   0x08001c06   0x00000004   Code   RO          138    i.DMA_SetCurrDataCounter  stm32f4xx_dma.o
    0x08001c0a   0x08001c0a   0x00000022   Code   RO          139    i.DMA_StructInit    stm32f4xx_dma.o
    0x08001c2c   0x08001c2c   0x00000004   Code   RO         3017    i.EXTI0_IRQHandler  exti.o
    0x08001c30   0x08001c30   0x00000004   Code   RO         3018    i.EXTI15_10_IRQHandler  exti.o
    0x08001c34   0x08001c34   0x00000004   Code   RO         3019    i.EXTI1_IRQHandler  exti.o
    0x08001c38   0x08001c38   0x00000004   Code   RO         3020    i.EXTI2_IRQHandler  exti.o
    0x08001c3c   0x08001c3c   0x00000004   Code   RO         3021    i.EXTI3_IRQHandler  exti.o
    0x08001c40   0x08001c40   0x00000004   Code   RO         3022    i.EXTI4_IRQHandler  exti.o
    0x08001c44   0x08001c44   0x00000004   Code   RO         3023    i.EXTI9_5_IRQHandler  exti.o
    0x08001c48   0x08001c48   0x00000090   Code   RO         3024    i.EXTIConfig        exti.o
    0x08001cd8   0x08001cd8   0x00000020   Code   RO         3025    i.EXTIEnable        exti.o
    0x08001cf8   0x08001cf8   0x00000004   Code   RO         3026    i.EXTIHandlerInit   exti.o
    0x08001cfc   0x08001cfc   0x00000028   Code   RO         3027    i.EXTIInit          exti.o
    0x08001d24   0x08001d24   0x0000000c   Code   RO          254    i.EXTI_ClearITPendingBit  stm32f4xx_exti.o
    0x08001d30   0x08001d30   0x00000040   Code   RO         3029    i.EXTI_IRQHandler   exti.o
    0x08001d70   0x08001d70   0x00000070   Code   RO          259    i.EXTI_Init         stm32f4xx_exti.o
    0x08001de0   0x08001de0   0x00000094   Code   RO         2102    i.EnableGPIOClk     main.o
    0x08001e74   0x08001e74   0x000000a2   Code   RO          578    i.GPIO_Init         stm32f4xx_gpio.o
    0x08001f16   0x08001f16   0x00000020   Code   RO          579    i.GPIO_PinAFConfig  stm32f4xx_gpio.o
    0x08001f36   0x08001f36   0x00000012   Code   RO          587    i.GPIO_StructInit   stm32f4xx_gpio.o
    0x08001f48   0x08001f48   0x00000048   Code   RO         3205    i.IOConfigGPIO      io.o
    0x08001f90   0x08001f90   0x0000005c   Code   RO         3206    i.IOConfigGPIOAF    io.o
    0x08001fec   0x08001fec   0x0000006c   Code   RO         3207    i.IOGetByTag        io.o
    0x08002058   0x08002058   0x00000040   Code   RO         3208    i.IOGlobalInit      io.o
    0x08002098   0x08002098   0x0000000c   Code   RO         3209    i.IOHi              io.o
    0x080020a4   0x080020a4   0x00000006   Code   RO         3210    i.IOInit            io.o
    0x080020aa   0x080020aa   0x0000000e   Code   RO         3211    i.IOLo              io.o
    0x080020b8   0x080020b8   0x00000016   Code   RO         3212    i.IORead            io.o
    0x080020ce   0x080020ce   0x00000012   Code   RO         3215    i.IOWrite           io.o
    0x080020e0   0x080020e0   0x00000012   Code   RO         3216    i.IO_EXTI_Line      io.o
    0x080020f2   0x080020f2   0x00000004   Code   RO         3217    i.IO_EXTI_PinSource  io.o
    0x080020f6   0x080020f6   0x00000004   Code   RO         3218    i.IO_EXTI_PortSourceGPIO  io.o
    0x080020fa   0x080020fa   0x00000014   Code   RO         3220    i.IO_GPIOPinIdx     io.o
    0x0800210e   0x0800210e   0x00000002   PAD
    0x08002110   0x08002110   0x00000018   Code   RO         3221    i.IO_GPIOPortIdx    io.o
    0x08002128   0x08002128   0x00000004   Code   RO         3222    i.IO_GPIO_PinSource  io.o
    0x0800212c   0x0800212c   0x00000088   Code   RO         3345    i.LedInit           led.o
    0x080021b4   0x080021b4   0x00000028   Code   RO         3346    i.LedSet            led.o
    0x080021dc   0x080021dc   0x00000064   Code   RO           13    i.NVIC_Init         misc.o
    0x08002240   0x08002240   0x00000014   Code   RO           14    i.NVIC_PriorityGroupConfig  misc.o
    0x08002254   0x08002254   0x00000018   Code   RO          793    i.RCC_AHB1PeriphClockCmd  stm32f4xx_rcc.o
    0x0800226c   0x0800226c   0x00000018   Code   RO          795    i.RCC_AHB1PeriphResetCmd  stm32f4xx_rcc.o
    0x08002284   0x08002284   0x00000018   Code   RO          796    i.RCC_AHB2PeriphClockCmd  stm32f4xx_rcc.o
    0x0800229c   0x0800229c   0x00000018   Code   RO          802    i.RCC_APB1PeriphClockCmd  stm32f4xx_rcc.o
    0x080022b4   0x080022b4   0x00000018   Code   RO          804    i.RCC_APB1PeriphResetCmd  stm32f4xx_rcc.o
    0x080022cc   0x080022cc   0x00000018   Code   RO          805    i.RCC_APB2PeriphClockCmd  stm32f4xx_rcc.o
    0x080022e4   0x080022e4   0x00000018   Code   RO          807    i.RCC_APB2PeriphResetCmd  stm32f4xx_rcc.o
    0x080022fc   0x080022fc   0x00000010   Code   RO          810    i.RCC_ClearFlag     stm32f4xx_rcc.o
    0x0800230c   0x0800230c   0x00000024   Code   RO         3530    i.RCC_ClockCmd      rcc.o
    0x08002330   0x08002330   0x00000090   Code   RO          814    i.RCC_GetClocksFreq  stm32f4xx_rcc.o
    0x080023c0   0x080023c0   0x00000024   Code   RO         3531    i.RCC_ResetCmd      rcc.o
    0x080023e4   0x080023e4   0x0000000c   Code   RO         4346    i.ResetBeeperConfig  config.o
    0x080023f0   0x080023f0   0x00000020   Code   RO         4347    i.ResetLedStatusConfig  config.o
    0x08002410   0x08002410   0x0000002c   Code   RO         4348    i.ResetLedTimerConfig  config.o
    0x0800243c   0x0800243c   0x0000004c   Code   RO         4350    i.ResetMotorConfig  config.o
    0x08002488   0x08002488   0x00000008   Code   RO         5664    i.ResetRollAndPitchTrims  acceleration.o
    0x08002490   0x08002490   0x0000003c   Code   RO         4351    i.ResetSerialConfig  config.o
    0x080024cc   0x080024cc   0x00000064   Code   RO         4352    i.ResetSerialPinConfig  config.o
    0x08002530   0x08002530   0x00000014   Code   RO         1137    i.SPI_Cmd           stm32f4xx_spi.o
    0x08002544   0x08002544   0x00000084   Code   RO         1144    i.SPI_I2S_DeInit    stm32f4xx_spi.o
    0x080025c8   0x080025c8   0x0000000e   Code   RO         1145    i.SPI_I2S_GetFlagStatus  stm32f4xx_spi.o
    0x080025d6   0x080025d6   0x00000004   Code   RO         1148    i.SPI_I2S_ReceiveData  stm32f4xx_spi.o
    0x080025da   0x080025da   0x00000004   Code   RO         1149    i.SPI_I2S_SendData  stm32f4xx_spi.o
    0x080025de   0x080025de   0x00000038   Code   RO         1150    i.SPI_Init          stm32f4xx_spi.o
    0x08002616   0x08002616   0x00000002   PAD
    0x08002618   0x08002618   0x00000030   Code   RO         1302    i.SYSCFG_EXTILineConfig  stm32f4xx_syscfg.o
    0x08002648   0x08002648   0x000000b4   Code   RO         2396    i.SetSysClock       system_stm32f4xx.o
    0x080026fc   0x080026fc   0x00000024   Code   RO         2467    i.SysTick_Handler   system.o
    0x08002720   0x08002720   0x00000024   Code   RO         2468    i.SysTick_Init      system.o
    0x08002744   0x08002744   0x0000005c   Code   RO         2398    i.SystemInit        system_stm32f4xx.o
    0x080027a0   0x080027a0   0x00000010   Code   RO         4156    i.TIM1_CC_IRQHandler  timer.o
    0x080027b0   0x080027b0   0x00000010   Code   RO         4157    i.TIM2_IRQHandler   timer.o
    0x080027c0   0x080027c0   0x00000010   Code   RO         4158    i.TIM3_IRQHandler   timer.o
    0x080027d0   0x080027d0   0x00000010   Code   RO         4159    i.TIM4_IRQHandler   timer.o
    0x080027e0   0x080027e0   0x00000014   Code   RO         1373    i.TIM_Cmd           stm32f4xx_tim.o
    0x080027f4   0x080027f4   0x00000016   Code   RO         1375    i.TIM_CtrlPWMOutputs  stm32f4xx_tim.o
    0x0800280a   0x0800280a   0x00000002   PAD
    0x0800280c   0x0800280c   0x00000060   Code   RO         1402    i.TIM_OC1Init       stm32f4xx_tim.o
    0x0800286c   0x0800286c   0x0000000c   Code   RO         1405    i.TIM_OC1PreloadConfig  stm32f4xx_tim.o
    0x08002878   0x08002878   0x00000080   Code   RO         1407    i.TIM_OC2Init       stm32f4xx_tim.o
    0x080028f8   0x080028f8   0x00000014   Code   RO         1410    i.TIM_OC2PreloadConfig  stm32f4xx_tim.o
    0x0800290c   0x0800290c   0x0000007c   Code   RO         1412    i.TIM_OC3Init       stm32f4xx_tim.o
    0x08002988   0x08002988   0x0000000c   Code   RO         1415    i.TIM_OC3PreloadConfig  stm32f4xx_tim.o
    0x08002994   0x08002994   0x00000060   Code   RO         1417    i.TIM_OC4Init       stm32f4xx_tim.o
    0x080029f4   0x080029f4   0x00000014   Code   RO         1419    i.TIM_OC4PreloadConfig  stm32f4xx_tim.o
    0x08002a08   0x08002a08   0x00000014   Code   RO         1420    i.TIM_OCStructInit  stm32f4xx_tim.o
    0x08002a1c   0x08002a1c   0x0000007c   Code   RO         1445    i.TIM_TimeBaseInit  stm32f4xx_tim.o
    0x08002a98   0x08002a98   0x00000012   Code   RO         1446    i.TIM_TimeBaseStructInit  stm32f4xx_tim.o
    0x08002aaa   0x08002aaa   0x00000002   PAD
    0x08002aac   0x08002aac   0x00000010   Code   RO         4040    i.USART1_IRQHandler  serial_uart_stm32f4xx.o
    0x08002abc   0x08002abc   0x00000010   Code   RO         4041    i.USART3_IRQHandler  serial_uart_stm32f4xx.o
    0x08002acc   0x08002acc   0x00000010   Code   RO         4042    i.USART6_IRQHandler  serial_uart_stm32f4xx.o
    0x08002adc   0x08002adc   0x0000000c   Code   RO         1911    i.USART_ClearITPendingBit  stm32f4xx_usart.o
    0x08002ae8   0x08002ae8   0x00000014   Code   RO         1914    i.USART_Cmd         stm32f4xx_usart.o
    0x08002afc   0x08002afc   0x00000010   Code   RO         1915    i.USART_DMACmd      stm32f4xx_usart.o
    0x08002b0c   0x08002b0c   0x0000003e   Code   RO         1918    i.USART_GetITStatus  stm32f4xx_usart.o
    0x08002b4a   0x08002b4a   0x00000014   Code   RO         1919    i.USART_HalfDuplexCmd  stm32f4xx_usart.o
    0x08002b5e   0x08002b5e   0x00000030   Code   RO         1920    i.USART_ITConfig    stm32f4xx_usart.o
    0x08002b8e   0x08002b8e   0x00000002   PAD
    0x08002b90   0x08002b90   0x000000ac   Code   RO         1921    i.USART_Init        stm32f4xx_usart.o
    0x08002c3c   0x08002c3c   0x00000008   Code   RO         1931    i.USART_SendData    stm32f4xx_usart.o
    0x08002c44   0x08002c44   0x00000030   Code   RO         6725    i.__ARM_fpclassify  m_wm.l(fpclassify.o)
    0x08002c74   0x08002c74   0x00000026   Code   RO         6640    i.__ARM_fpclassifyf  m_wm.l(fpclassifyf.o)
    0x08002c9a   0x08002c9a   0x00000002   PAD
    0x08002c9c   0x08002c9c   0x00000150   Code   RO         6532    i.__hardfp_cosf     m_wm.l(cosf.o)
    0x08002dec   0x08002dec   0x00000164   Code   RO         6544    i.__hardfp_log2f    m_wm.l(log2f.o)
    0x08002f50   0x08002f50   0x00000048   Code   RO         6596    i.__hardfp_lrintf   m_wm.l(lrintf.o)
    0x08002f98   0x08002f98   0x00000664   Code   RO         6558    i.__hardfp_powf     m_wm.l(powf.o)
    0x080035fc   0x080035fc   0x00000190   Code   RO         6572    i.__hardfp_sinf     m_wm.l(sinf.o)
    0x0800378c   0x0800378c   0x0000003a   Code   RO         6584    i.__hardfp_sqrtf    m_wm.l(sqrtf.o)
    0x080037c6   0x080037c6   0x00000002   PAD
    0x080037c8   0x080037c8   0x00000014   Code   RO         6642    i.__mathlib_flt_divzero  m_wm.l(funder.o)
    0x080037dc   0x080037dc   0x00000006   Code   RO         6643    i.__mathlib_flt_infnan  m_wm.l(funder.o)
    0x080037e2   0x080037e2   0x00000006   Code   RO         6644    i.__mathlib_flt_infnan2  m_wm.l(funder.o)
    0x080037e8   0x080037e8   0x00000010   Code   RO         6645    i.__mathlib_flt_invalid  m_wm.l(funder.o)
    0x080037f8   0x080037f8   0x00000010   Code   RO         6646    i.__mathlib_flt_overflow  m_wm.l(funder.o)
    0x08003808   0x08003808   0x00000010   Code   RO         6648    i.__mathlib_flt_underflow  m_wm.l(funder.o)
    0x08003818   0x08003818   0x00000154   Code   RO         6656    i.__mathlib_rredf2  m_wm.l(rredf.o)
    0x0800396c   0x0800396c   0x00000058   Code   RO         5440    i.accelerationLimit  pid.o
    0x080039c4   0x080039c4   0x00000034   Code   RO         4353    i.activateConfig    config.o
    0x080039f8   0x080039f8   0x00000050   Code   RO         4959    i.afatfs_FATGetNextCluster  asyncfatfs.o
    0x08003a48   0x08003a48   0x00000018   Code   RO         4960    i.afatfs_FATIsEndOfChainMarker  asyncfatfs.o
    0x08003a60   0x08003a60   0x00000040   Code   RO         4961    i.afatfs_FATSetNextCluster  asyncfatfs.o
    0x08003aa0   0x08003aa0   0x000000e8   Code   RO         4962    i.afatfs_allocateCacheSector  asyncfatfs.o
    0x08003b88   0x08003b88   0x0000008c   Code   RO         4963    i.afatfs_allocateDirectoryEntry  asyncfatfs.o
    0x08003c14   0x08003c14   0x00000034   Code   RO         4964    i.afatfs_allocateFileHandle  asyncfatfs.o
    0x08003c48   0x08003c48   0x000000d4   Code   RO         4965    i.afatfs_appendRegularFreeClusterContinue  asyncfatfs.o
    0x08003d1c   0x08003d1c   0x00000014   Code   RO         4966    i.afatfs_appendRegularFreeClusterInitOperationState  asyncfatfs.o
    0x08003d30   0x08003d30   0x0000006c   Code   RO         4967    i.afatfs_assert     asyncfatfs.o
    0x08003d9c   0x08003d9c   0x00000010   Code   RO         4968    i.afatfs_byteIndexInCluster  asyncfatfs.o
    0x08003dac   0x08003dac   0x0000005c   Code   RO         4969    i.afatfs_cacheFlushSector  asyncfatfs.o
    0x08003e08   0x08003e08   0x000000dc   Code   RO         4970    i.afatfs_cacheSector  asyncfatfs.o
    0x08003ee4   0x08003ee4   0x00000020   Code   RO         4971    i.afatfs_cacheSectorMarkDirty  asyncfatfs.o
    0x08003f04   0x08003f04   0x00000070   Code   RO         4972    i.afatfs_chdir      asyncfatfs.o
    0x08003f74   0x08003f74   0x00000010   Code   RO         4973    i.afatfs_clusterSize  asyncfatfs.o
    0x08003f84   0x08003f84   0x00000088   Code   RO         4974    i.afatfs_createFile  asyncfatfs.o
    0x0800400c   0x0800400c   0x00000190   Code   RO         4975    i.afatfs_createFileContinue  asyncfatfs.o
    0x0800419c   0x0800419c   0x0000011c   Code   RO         4976    i.afatfs_extendSubdirectoryContinue  asyncfatfs.o
    0x080042b8   0x080042b8   0x00000018   Code   RO         4977    i.afatfs_fatSectorToPhysical  asyncfatfs.o
    0x080042d0   0x080042d0   0x00000032   Code   RO         4978    i.afatfs_fclose     asyncfatfs.o
    0x08004302   0x08004302   0x00000002   PAD
    0x08004304   0x08004304   0x00000090   Code   RO         4979    i.afatfs_fcloseContinue  asyncfatfs.o
    0x08004394   0x08004394   0x00000038   Code   RO         4980    i.afatfs_fileGetCursorPhysicalSector  asyncfatfs.o
    0x080043cc   0x080043cc   0x00000006   Code   RO         4981    i.afatfs_fileGetNextCluster  asyncfatfs.o
    0x080043d2   0x080043d2   0x0000000c   Code   RO         4982    i.afatfs_fileIsBusy  asyncfatfs.o
    0x080043de   0x080043de   0x00000002   PAD
    0x080043e0   0x080043e0   0x000000c4   Code   RO         4983    i.afatfs_fileLockCursorSectorForWrite  asyncfatfs.o
    0x080044a4   0x080044a4   0x000000b4   Code   RO         4984    i.afatfs_fileOperationContinue  asyncfatfs.o
    0x08004558   0x08004558   0x00000078   Code   RO         4985    i.afatfs_fileRetainCursorSectorForRead  asyncfatfs.o
    0x080045d0   0x080045d0   0x00000054   Code   RO         4986    i.afatfs_fileUnlockCacheSector  asyncfatfs.o
    0x08004624   0x08004624   0x0000000e   Code   RO         4987    i.afatfs_fileUpdateFilesize  asyncfatfs.o
    0x08004632   0x08004632   0x00000002   PAD
    0x08004634   0x08004634   0x000000e4   Code   RO         4988    i.afatfs_findClusterWithCondition  asyncfatfs.o
    0x08004718   0x08004718   0x00000014   Code   RO         4989    i.afatfs_findFirst  asyncfatfs.o
    0x0800472c   0x0800472c   0x00000004   Code   RO         4990    i.afatfs_findLast   asyncfatfs.o
    0x08004730   0x08004730   0x00000054   Code   RO         4991    i.afatfs_findNext   asyncfatfs.o
    0x08004784   0x08004784   0x00000058   Code   RO         4992    i.afatfs_flush      asyncfatfs.o
    0x080047dc   0x080047dc   0x00000052   Code   RO         4993    i.afatfs_fopen      asyncfatfs.o
    0x0800482e   0x0800482e   0x00000002   PAD
    0x08004830   0x08004830   0x0000003c   Code   RO         4994    i.afatfs_fputc      asyncfatfs.o
    0x0800486c   0x0800486c   0x00000090   Code   RO         4996    i.afatfs_fseek      asyncfatfs.o
    0x080048fc   0x080048fc   0x00000078   Code   RO         4997    i.afatfs_fseekAtomic  asyncfatfs.o
    0x08004974   0x08004974   0x0000003a   Code   RO         4998    i.afatfs_fseekInternal  asyncfatfs.o
    0x080049ae   0x080049ae   0x0000007c   Code   RO         4999    i.afatfs_fseekInternalContinue  asyncfatfs.o
    0x08004a2a   0x08004a2a   0x0000003a   Code   RO         5000    i.afatfs_ftruncate  asyncfatfs.o
    0x08004a64   0x08004a64   0x000000b4   Code   RO         5001    i.afatfs_ftruncateContinue  asyncfatfs.o
    0x08004b18   0x08004b18   0x00000064   Code   RO         5002    i.afatfs_fwrite     asyncfatfs.o
    0x08004b7c   0x08004b7c   0x00000030   Code   RO         5003    i.afatfs_getCacheDescriptorIndexForBuffer  asyncfatfs.o
    0x08004bac   0x08004bac   0x00000040   Code   RO         5004    i.afatfs_getFATPositionForCluster  asyncfatfs.o
    0x08004bec   0x08004bec   0x0000000c   Code   RO         5005    i.afatfs_getFilesystemState  asyncfatfs.o
    0x08004bf8   0x08004bf8   0x00000030   Code   RO         5006    i.afatfs_getFreeBufferSpace  asyncfatfs.o
    0x08004c28   0x08004c28   0x00000018   Code   RO         5007    i.afatfs_init       asyncfatfs.o
    0x08004c40   0x08004c40   0x000000b0   Code   RO         5008    i.afatfs_initContinue  asyncfatfs.o
    0x08004cf0   0x08004cf0   0x00000014   Code   RO         5009    i.afatfs_initFileHandle  asyncfatfs.o
    0x08004d04   0x08004d04   0x00000030   Code   RO         5010    i.afatfs_isEndOfAllocatedFile  asyncfatfs.o
    0x08004d34   0x08004d34   0x0000000c   Code   RO         5011    i.afatfs_isFull     asyncfatfs.o
    0x08004d40   0x08004d40   0x00000026   Code   RO         5012    i.afatfs_mkdir      asyncfatfs.o
    0x08004d66   0x08004d66   0x00000002   PAD
    0x08004d68   0x08004d68   0x000000e4   Code   RO         5013    i.afatfs_parseVolumeID  asyncfatfs.o
    0x08004e4c   0x08004e4c   0x0000004c   Code   RO         5014    i.afatfs_poll       asyncfatfs.o
    0x08004e98   0x08004e98   0x0000006e   Code   RO         5015    i.afatfs_saveDirectoryEntry  asyncfatfs.o
    0x08004f06   0x08004f06   0x00000002   PAD
    0x08004f08   0x08004f08   0x00000060   Code   RO         5016    i.afatfs_sdcardReadComplete  asyncfatfs.o
    0x08004f68   0x08004f68   0x0000006c   Code   RO         5017    i.afatfs_sdcardWriteComplete  asyncfatfs.o
    0x08004fd4   0x08004fd4   0x0000000a   Code   RO         5018    i.afatfs_sectorIndexInCluster  asyncfatfs.o
    0x08004fde   0x08004fde   0x00000002   PAD
    0x08004fe0   0x08004fe0   0x00000040   Code   RO         4115    i.beeperInit        sound_beeper.o
    0x08005020   0x08005020   0x00000042   Code   RO         5861    i.biquadFilterApply  filter.o
    0x08005062   0x08005062   0x00000002   PAD
    0x08005064   0x08005064   0x000000f0   Code   RO         5862    i.biquadFilterInit  filter.o
    0x08005154   0x08005154   0x00000034   Code   RO         5863    i.biquadFilterInitLPF  filter.o
    0x08005188   0x08005188   0x00000084   Code   RO         6273    i.blackboxCreateLogFile  blackbox_io.o
    0x0800520c   0x0800520c   0x00000018   Code   RO         6274    i.blackboxDeviceBeginLog  blackbox_io.o
    0x08005224   0x08005224   0x0000003c   Code   RO         6276    i.blackboxDeviceOpen  blackbox_io.o
    0x08005260   0x08005260   0x0000001c   Code   RO         6277    i.blackboxLogDirCreated  blackbox_io.o
    0x0800527c   0x0800527c   0x0000005c   Code   RO         6278    i.blackboxLogFileCreated  blackbox_io.o
    0x080052d8   0x080052d8   0x0000002c   Code   RO         6279    i.blackboxPrint     blackbox_io.o
    0x08005304   0x08005304   0x00000044   Code   RO         6281    i.blackboxReplenishHeaderBudget  blackbox_io.o
    0x08005348   0x08005348   0x000000d4   Code   RO         6282    i.blackboxSDCardBeginLog  blackbox_io.o
    0x0800541c   0x0800541c   0x00000050   Code   RO         6208    i.blackboxSetState  blackbox.o
    0x0800546c   0x0800546c   0x00000010   Code   RO         6283    i.blackboxStopLogging  blackbox_io.o
    0x0800547c   0x0800547c   0x00000024   Code   RO         6284    i.blackboxWrite     blackbox_io.o
    0x080054a0   0x080054a0   0x00000018   Code   RO         5923    i.buildRotationMatrix  maths.o
    0x080054b8   0x080054b8   0x00000060   Code   RO         6040    i.calculateNonDataDrivenChannel  rx.o
    0x08005518   0x08005518   0x00000034   Code   RO         6041    i.calculateRxChannelsAndUpdateFailsafe  rx.o
    0x0800554c   0x0800554c   0x00000144   Code   RO         4617    i.calculateSetpointRate  fc_rc.o
    0x08005690   0x08005690   0x00000018   Code   RO         4750    i.calculateThrottleStatus  rc_controls.o
    0x080056a8   0x080056a8   0x00000004   Code   RO         4358    i.checkEEPROMContainsValidData  config.o
    0x080056ac   0x080056ac   0x00000074   Code   RO         4618    i.checkForThrottleErrorResetState  fc_rc.o
    0x08005720   0x08005720   0x0000017c   Code   RO         2103    i.comparisonBetweenSinApproxAndSinf  main.o
    0x0800589c   0x0800589c   0x0000004c   Code   RO         4161    i.configTimeBaseMhz  timer.o
    0x080058e8   0x080058e8   0x00000010   Code   RO         4359    i.constrain         config.o
    0x080058f8   0x080058f8   0x00000010   Code   RO         4619    i.constrain         fc_rc.o
    0x08005908   0x08005908   0x00000020   Code   RO         4620    i.constrainf        fc_rc.o
    0x08005928   0x08005928   0x00000020   Code   RO         5345    i.constrainf        mixer.o
    0x08005948   0x08005948   0x00000010   Code   RO         5924    i.cosApprox         maths.o
    0x08005958   0x08005958   0x00000234   Code   RO         4360    i.createDefaultConfig  config.o
    0x08005b8c   0x08005b8c   0x00000018   Code   RO         5925    i.degreesToRadians  maths.o
    0x08005ba4   0x08005ba4   0x00000016   Code   RO         2469    i.delay             system.o
    0x08005bba   0x08005bba   0x00000002   PAD
    0x08005bbc   0x08005bbc   0x00000018   Code   RO         2470    i.delayMicroseconds  system.o
    0x08005bd4   0x08005bd4   0x00000110   Code   RO         6042    i.detectAndApplySignalLossBehaviour  rx.o
    0x08005ce4   0x08005ce4   0x00000006   Code   RO         5926    i.devClear          maths.o
    0x08005cea   0x08005cea   0x00000002   PAD
    0x08005cec   0x08005cec   0x00000058   Code   RO         5927    i.devPush           maths.o
    0x08005d44   0x08005d44   0x0000000e   Code   RO         5928    i.devStandardDeviation  maths.o
    0x08005d52   0x08005d52   0x00000002   PAD
    0x08005d54   0x08005d54   0x00000024   Code   RO         5929    i.devVariance       maths.o
    0x08005d78   0x08005d78   0x00000010   Code   RO         4826    i.disableFlightMode  runtime_config.o
    0x08005d88   0x08005d88   0x00000010   Code   RO         4827    i.enableFlightMode  runtime_config.o
    0x08005d98   0x08005d98   0x00000010   Code   RO         5291    i.fat16_isEndOfChainMarker  fat_standard.o
    0x08005da8   0x08005da8   0x00000006   Code   RO         5292    i.fat32_decodeClusterNumber  fat_standard.o
    0x08005dae   0x08005dae   0x00000002   PAD
    0x08005db0   0x08005db0   0x00000014   Code   RO         5293    i.fat32_isEndOfChainMarker  fat_standard.o
    0x08005dc4   0x08005dc4   0x00000050   Code   RO         5294    i.fat_convertFilenameToFATStyle  fat_standard.o
    0x08005e14   0x08005e14   0x0000000e   Code   RO         5295    i.fat_isDirectoryEntryEmpty  fat_standard.o
    0x08005e22   0x08005e22   0x0000000c   Code   RO         5296    i.fat_isDirectoryEntryTerminator  fat_standard.o
    0x08005e2e   0x08005e2e   0x0000000a   Code   RO         5297    i.fat_isFreeSpace   fat_standard.o
    0x08005e38   0x08005e38   0x00000024   Code   RO         4707    i.fcTasksInit       fc_tasks.o
    0x08005e5c   0x08005e5c   0x00000014   Code   RO         5583    i.feature           feature.o
    0x08005e70   0x08005e70   0x00000010   Code   RO         5584    i.featureClear      feature.o
    0x08005e80   0x08005e80   0x00000014   Code   RO         5586    i.featureConfigured  feature.o
    0x08005e94   0x08005e94   0x00000010   Code   RO         5588    i.featureSet        feature.o
    0x08005ea4   0x08005ea4   0x00000058   Code   RO         5864    i.filterGetNotchQ   filter.o
    0x08005efc   0x08005efc   0x00000028   Code   RO         3871    i.findNextSerialPortConfig  serial.o
    0x08005f24   0x08005f24   0x00000010   Code   RO         3872    i.findSerialPortConfig  serial.o
    0x08005f34   0x08005f34   0x0000001c   Code   RO         3873    i.findSerialPortIndexByIdentifier  serial.o
    0x08005f50   0x08005f50   0x00000028   Code   RO         3874    i.findSerialPortUsageByIdentifier  serial.o
    0x08005f78   0x08005f78   0x00000002   Code   RO         6209    i.finishBlackbox    blackbox.o
    0x08005f7a   0x08005f7a   0x0000000e   Code   RO         2104    i.fputc             main.o
    0x08005f88   0x08005f88   0x00000012   Code   RO         6210    i.gcd               blackbox.o
    0x08005f9a   0x08005f9a   0x00000002   PAD
    0x08005f9c   0x08005f9c   0x0000007c   Code   RO         4621    i.generateThrottleCurve  fc_rc.o
    0x08006018   0x08006018   0x0000000c   Code   RO         5346    i.getMotorCount     mixer.o
    0x08006024   0x08006024   0x0000000c   Code   RO         5347    i.getMotorMixRange  mixer.o
    0x08006030   0x08006030   0x00000010   Code   RO         4623    i.getRcDeflectionAbs  fc_rc.o
    0x08006040   0x08006040   0x0000002c   Code   RO         6043    i.getRxChannelCount  rx.o
    0x0800606c   0x0800606c   0x00000010   Code   RO         4624    i.getSetpointRate   fc_rc.o
    0x0800607c   0x0800607c   0x0000002c   Code   RO         6367    i.getTaskDeltaTime  scheduler.o
    0x080060a8   0x080060a8   0x0000000c   Code   RO         4625    i.getThrottlePIDAttenuation  fc_rc.o
    0x080060b4   0x080060b4   0x0000001c   Code   RO         4544    i.getUpdatedPIDCountDown  fc_core.o
    0x080060d0   0x080060d0   0x00000024   Code   RO         5726    i.gyroCalculateCalibratingCycles  gyro.o
    0x080060f4   0x080060f4   0x00000088   Code   RO         5727    i.gyroInit          gyro.o
    0x0800617c   0x0800617c   0x00000188   Code   RO         5728    i.gyroInitFilters   gyro.o
    0x08006304   0x08006304   0x00000006   Code   RO         3169    i.gyroMPU6xxxGetDividerDrops  gyro_sync.o
    0x0800630a   0x0800630a   0x00000002   PAD
    0x0800630c   0x0800630c   0x00000010   Code   RO         5729    i.gyroSetCalibrationCycles  gyro.o
    0x0800631c   0x0800631c   0x00000054   Code   RO         3170    i.gyroSetSampleRate  gyro_sync.o
    0x08006370   0x08006370   0x00000108   Code   RO         5730    i.gyroUpdate        gyro.o
    0x08006478   0x08006478   0x000000c4   Code   RO         6211    i.handleBlackbox    blackbox.o
    0x0800653c   0x0800653c   0x000000c0   Code   RO         4878    i.initActiveBoxIds  fc_msp.o
    0x080065fc   0x080065fc   0x00000030   Code   RO         6212    i.initBlackbox      blackbox.o
    0x0800662c   0x0800662c   0x0000004c   Code   RO         5843    i.initBoardAlignment  boardalignment.o
    0x08006678   0x08006678   0x00000002   Code   RO         5527    i.initEEPROM        config_eeprom.o
    0x0800667a   0x0800667a   0x00000002   PAD
    0x0800667c   0x0800667c   0x0000002c   Code   RO         5348    i.initEscEndpoints  mixer.o
    0x080066a8   0x080066a8   0x00000006   Code   RO         5590    i.intFeatureClearAll  feature.o
    0x080066ae   0x080066ae   0x00000008   Code   RO         5591    i.intFeatureSet     feature.o
    0x080066b6   0x080066b6   0x00000002   PAD
    0x080066b8   0x080066b8   0x00000020   Code   RO         4751    i.isAirModeActive   rc_controls.o
    0x080066d8   0x080066d8   0x00000020   Code   RO         4752    i.isAntiGravityModeActive  rc_controls.o
    0x080066f8   0x080066f8   0x00000014   Code   RO         5731    i.isGyroCalibrationComplete  gyro.o
    0x0800670c   0x0800670c   0x00000026   Code   RO         4753    i.isModeActivationConditionPresent  rc_controls.o
    0x08006732   0x08006732   0x00000002   PAD
    0x08006734   0x08006734   0x00000010   Code   RO         5732    i.isOnFinalGyroCalibrationCycle  gyro.o
    0x08006744   0x08006744   0x00000058   Code   RO         4754    i.isRangeActive     rc_controls.o
    0x0800679c   0x0800679c   0x0000001a   Code   RO         3954    i.isUartTransmitBufferEmpty  serial_uart.o
    0x080067b6   0x080067b6   0x00000002   PAD
    0x080067b8   0x080067b8   0x0000000c   Code   RO         4755    i.isUsingSticksForArming  rc_controls.o
    0x080067c4   0x080067c4   0x00000014   Code   RO         5592    i.latchActiveFeatures  feature.o
    0x080067d8   0x080067d8   0x00000048   Code   RO         4163    i.lookupTimerIndex  timer.o
    0x08006820   0x08006820   0x000001c4   Code   RO         2105    i.main              main.o
    0x080069e4   0x080069e4   0x00000054   Code   RO         2471    i.micros            system.o
    0x08006a38   0x08006a38   0x0000004c   Code   RO         2472    i.microsISR         system.o
    0x08006a84   0x08006a84   0x0000000c   Code   RO         2473    i.millis            system.o
    0x08006a90   0x08006a90   0x00000270   Code   RO         5350    i.mixTable          mixer.o
    0x08006d00   0x08006d00   0x00000038   Code   RO         5351    i.mixerConfigurationOutput  mixer.o
    0x08006d38   0x08006d38   0x00000010   Code   RO         5352    i.mixerInit         mixer.o
    0x08006d48   0x08006d48   0x00000020   Code   RO         5353    i.mixerResetDisarmedMotors  mixer.o
    0x08006d68   0x08006d68   0x0000000c   Code   RO         5354    i.mixerUseConfigs   mixer.o
    0x08006d74   0x08006d74   0x00000118   Code   RO         3415    i.motorInit         pwm_output.o
    0x08006e8c   0x08006e8c   0x00000174   Code   RO         2637    i.mpu9250AccAndGyroInit  accgyro_spi_mpu9250.o
    0x08007000   0x08007000   0x00000040   Code   RO         2638    i.mpu9250ReadRegister  accgyro_spi_mpu9250.o
    0x08007040   0x08007040   0x00000014   Code   RO         2639    i.mpu9250ResetGyro  accgyro_spi_mpu9250.o
    0x08007054   0x08007054   0x0000004c   Code   RO         2640    i.mpu9250SlowReadRegister  accgyro_spi_mpu9250.o
    0x080070a0   0x080070a0   0x00000070   Code   RO         2641    i.mpu9250SpiDetect  accgyro_spi_mpu9250.o
    0x08007110   0x08007110   0x00000034   Code   RO         2642    i.mpu9250SpiGyroDetect  accgyro_spi_mpu9250.o
    0x08007144   0x08007144   0x00000084   Code   RO         2643    i.mpu9250SpiGyroInit  accgyro_spi_mpu9250.o
    0x080071c8   0x080071c8   0x00000040   Code   RO         2644    i.mpu9250WriteRegister  accgyro_spi_mpu9250.o
    0x08007208   0x08007208   0x00000012   Code   RO         2544    i.mpuCheckDataReady  accgyro_mpu.o
    0x0800721a   0x0800721a   0x00000002   PAD
    0x0800721c   0x0800721c   0x0000004c   Code   RO         2545    i.mpuDetect         accgyro_mpu.o
    0x08007268   0x08007268   0x0000004c   Code   RO         2546    i.mpuGyroInit       accgyro_mpu.o
    0x080072b4   0x080072b4   0x00000030   Code   RO         2547    i.mpuGyroRead       accgyro_mpu.o
    0x080072e4   0x080072e4   0x00000012   Code   RO         2548    i.mpuIntExtiHandler  accgyro_mpu.o
    0x080072f6   0x080072f6   0x00000004   Code   RO         4879    i.mspFcInit         fc_msp.o
    0x080072fa   0x080072fa   0x00000002   PAD
    0x080072fc   0x080072fc   0x00000078   Code   RO         4545    i.mwArm             fc_core.o
    0x08007374   0x08007374   0x00000034   Code   RO         4546    i.mwDisarm          fc_core.o
    0x080073a8   0x080073a8   0x00000002   Code   RO         5865    i.nullFilterApply   filter.o
    0x080073aa   0x080073aa   0x00000004   Code   RO         6044    i.nullFrameStatus   rx.o
    0x080073ae   0x080073ae   0x00000004   Code   RO         6045    i.nullReadRawRC     rx.o
    0x080073b2   0x080073b2   0x00000002   PAD
    0x080073b4   0x080073b4   0x0000006c   Code   RO         3876    i.openSerialPort    serial.o
    0x08007420   0x08007420   0x00000038   Code   RO         6046    i.parseRcChannels   rx.o
    0x08007458   0x08007458   0x000000d4   Code   RO         5733    i.performGyroCalibration  gyro.o
    0x0800752c   0x0800752c   0x000001cc   Code   RO         5441    i.pidController     pid.o
    0x080076f8   0x080076f8   0x0000014c   Code   RO         5442    i.pidInitConfig     pid.o
    0x08007844   0x08007844   0x00000148   Code   RO         5443    i.pidInitFilters    pid.o
    0x0800798c   0x0800798c   0x00000020   Code   RO         5444    i.pidResetErrorGyroState  pid.o
    0x080079ac   0x080079ac   0x0000000c   Code   RO         5445    i.pidSetItermAccelerator  pid.o
    0x080079b8   0x080079b8   0x00000024   Code   RO         5446    i.pidSetTargetLooptime  pid.o
    0x080079dc   0x080079dc   0x00000010   Code   RO         5447    i.pidStabilisationState  pid.o
    0x080079ec   0x080079ec   0x00000174   Code   RO         4626    i.processRcCommand  fc_rc.o
    0x08007b60   0x08007b60   0x000000c0   Code   RO         4756    i.processRcStickPositions  rc_controls.o
    0x08007c20   0x08007c20   0x0000012c   Code   RO         4547    i.processRx         fc_core.o
    0x08007d4c   0x08007d4c   0x00000016   Code   RO         5866    i.pt1FilterApply    filter.o
    0x08007d62   0x08007d62   0x00000002   PAD
    0x08007d64   0x08007d64   0x00000034   Code   RO         5868    i.pt1FilterInit     filter.o
    0x08007d98   0x08007d98   0x0000000c   Code   RO         3416    i.pwmAreMotorsEnabled  pwm_output.o
    0x08007da4   0x08007da4   0x0000000c   Code   RO         3417    i.pwmCompleteMotorUpdate  pwm_output.o
    0x08007db0   0x08007db0   0x00000038   Code   RO         3418    i.pwmCompleteOneshotMotorUpdate  pwm_output.o
    0x08007de8   0x08007de8   0x00000002   Code   RO         3419    i.pwmCompleteWriteUnused  pwm_output.o
    0x08007dea   0x08007dea   0x000000a0   Code   RO         3420    i.pwmOutConfigMhz   pwm_output.o
    0x08007e8a   0x08007e8a   0x00000002   PAD
    0x08007e8c   0x08007e8c   0x0000000c   Code   RO         3422    i.pwmWriteMotor     pwm_output.o
    0x08007e98   0x08007e98   0x00000014   Code   RO         3423    i.pwmWriteStandard  pwm_output.o
    0x08007eac   0x08007eac   0x00000002   Code   RO         3424    i.pwmWriteUnused    pwm_output.o
    0x08007eae   0x08007eae   0x00000002   PAD
    0x08007eb0   0x08007eb0   0x00000060   Code   RO         6368    i.queueAdd          scheduler.o
    0x08007f10   0x08007f10   0x0000001c   Code   RO         6369    i.queueClear        scheduler.o
    0x08007f2c   0x08007f2c   0x0000002c   Code   RO         6370    i.queueContains     scheduler.o
    0x08007f58   0x08007f58   0x00000014   Code   RO         6371    i.queueFirst        scheduler.o
    0x08007f6c   0x08007f6c   0x00000018   Code   RO         6372    i.queueNext         scheduler.o
    0x08007f84   0x08007f84   0x00000040   Code   RO         6373    i.queueRemove       scheduler.o
    0x08007fc4   0x08007fc4   0x0000003a   Code   RO         3856    i.readBitfield      sdcard_standard.o
    0x08007ffe   0x08007ffe   0x00000002   PAD
    0x08008000   0x08008000   0x0000001c   Code   RO         5529    i.readEEPROM        config_eeprom.o
    0x0800801c   0x0800801c   0x00000078   Code   RO         6047    i.readRxChannelsApplyRanges  rx.o
    0x08008094   0x08008094   0x00000034   Code   RO         6374    i.rescheduleTask    scheduler.o
    0x080080c8   0x080080c8   0x00000018   Code   RO         6048    i.resetAllRxChannelRangeConfigurations  rx.o
    0x080080e0   0x080080e0   0x00000018   Code   RO         4363    i.resetEEPROM       config.o
    0x080080f8   0x080080f8   0x000000c4   Code   RO         4364    i.resetPidProfile   config.o
    0x080081bc   0x080081bc   0x0000005c   Code   RO         4365    i.resetProfile      config.o
    0x08008218   0x08008218   0x00000010   Code   RO         4366    i.resetRcControlsConfig  config.o
    0x08008228   0x08008228   0x0000000c   Code   RO         6049    i.rxGetRefreshRate  rx.o
    0x08008234   0x08008234   0x000000d8   Code   RO         6050    i.rxInit            rx.o
    0x0800830c   0x0800830c   0x0000000c   Code   RO         6051    i.rxIsReceivingSignal  rx.o
    0x08008318   0x08008318   0x0000002c   Code   RO         3656    i.rxSerial3TestInit  rxserial3test.o
    0x08008344   0x08008344   0x00000010   Code   RO         3658    i.rxSerial3TestWrite  rxserial3test.o
    0x08008354   0x08008354   0x00000054   Code   RO         6052    i.rxUpdateCheck     rx.o
    0x080083a8   0x080083a8   0x00000050   Code   RO         6153    i.sbusDataReceiveCallBack  sbus.o
    0x080083f8   0x080083f8   0x000000d8   Code   RO         6154    i.sbusFrameStatus   sbus.o
    0x080084d0   0x080084d0   0x0000007c   Code   RO         6155    i.sbusInit          sbus.o
    0x0800854c   0x0800854c   0x0000001c   Code   RO         6156    i.sbusReadRawRC     sbus.o
    0x08008568   0x08008568   0x00000018   Code   RO         5931    i.scaleRange        maths.o
    0x08008580   0x08008580   0x00000170   Code   RO         6375    i.scheduler         scheduler.o
    0x080086f0   0x080086f0   0x00000020   Code   RO         6376    i.schedulerInit     scheduler.o
    0x08008710   0x08008710   0x00000024   Code   RO         3732    i.sdcardInsertionDetectInit  sdcard.o
    0x08008734   0x08008734   0x00000068   Code   RO         3733    i.sdcard_beginWriteBlocks  sdcard.o
    0x0800879c   0x0800879c   0x00000024   Code   RO         3734    i.sdcard_deselect   sdcard.o
    0x080087c0   0x080087c0   0x00000048   Code   RO         3735    i.sdcard_endWriteBlocks  sdcard.o
    0x08008808   0x08008808   0x0000009c   Code   RO         3736    i.sdcard_fetchCSD   sdcard.o
    0x080088a4   0x080088a4   0x00000088   Code   RO         3737    i.sdcard_init       sdcard.o
    0x0800892c   0x0800892c   0x00000014   Code   RO         3738    i.sdcard_isInserted  sdcard.o
    0x08008940   0x08008940   0x000002c4   Code   RO         3739    i.sdcard_poll       sdcard.o
    0x08008c04   0x08008c04   0x00000060   Code   RO         3740    i.sdcard_readBlock  sdcard.o
    0x08008c64   0x08008c64   0x00000088   Code   RO         3741    i.sdcard_receiveCID  sdcard.o
    0x08008cec   0x08008cec   0x00000044   Code   RO         3742    i.sdcard_receiveDataBlock  sdcard.o
    0x08008d30   0x08008d30   0x00000048   Code   RO         3743    i.sdcard_reset      sdcard.o
    0x08008d78   0x08008d78   0x0000000c   Code   RO         3744    i.sdcard_select     sdcard.o
    0x08008d84   0x08008d84   0x0000001a   Code   RO         3745    i.sdcard_sendAppCommand  sdcard.o
    0x08008d9e   0x08008d9e   0x00000002   PAD
    0x08008da0   0x08008da0   0x0000005c   Code   RO         3746    i.sdcard_sendCommand  sdcard.o
    0x08008dfc   0x08008dfc   0x00000028   Code   RO         3747    i.sdcard_waitForIdle  sdcard.o
    0x08008e24   0x08008e24   0x00000024   Code   RO         3748    i.sdcard_waitForNonIdleByte  sdcard.o
    0x08008e48   0x08008e48   0x000000a4   Code   RO         3749    i.sdcard_writeBlock  sdcard.o
    0x08008eec   0x08008eec   0x00000010   Code   RO         4829    i.sensorSet         runtime_config.o
    0x08008efc   0x08008efc   0x00000014   Code   RO         4830    i.sensors           runtime_config.o
    0x08008f10   0x08008f10   0x00000020   Code   RO         5803    i.sensorsAutodetect  initialisation.o
    0x08008f30   0x08008f30   0x00000034   Code   RO         3877    i.serialInit        serial.o
    0x08008f64   0x08008f64   0x00000012   Code   RO         6053    i.serialRxInit      rx.o
    0x08008f76   0x08008f76   0x00000002   PAD
    0x08008f78   0x08008f78   0x00000110   Code   RO         4043    i.serialUART        serial_uart_stm32f4xx.o
    0x08009088   0x08009088   0x0000000c   Code   RO         4044    i.serialUART1       serial_uart_stm32f4xx.o
    0x08009094   0x08009094   0x0000000c   Code   RO         4045    i.serialUART3       serial_uart_stm32f4xx.o
    0x080090a0   0x080090a0   0x0000000c   Code   RO         4046    i.serialUART6       serial_uart_stm32f4xx.o
    0x080090ac   0x080090ac   0x00000006   Code   RO         3879    i.serialWrite       serial.o
    0x080090b2   0x080090b2   0x00000002   PAD
    0x080090b4   0x080090b4   0x00000034   Code   RO         4370    i.setProfile        config.o
    0x080090e8   0x080090e8   0x00000034   Code   RO         6377    i.setTaskEnabled    scheduler.o
    0x0800911c   0x0800911c   0x000000b4   Code   RO         5932    i.sinApprox         maths.o
    0x080091d0   0x080091d0   0x00000030   Code   RO         2740    i.spiDeviceByInstance  bus_spi.o
    0x08009200   0x08009200   0x0000001c   Code   RO         2741    i.spiGetErrorCounter  bus_spi.o
    0x0800921c   0x0800921c   0x0000001c   Code   RO         2742    i.spiInit           bus_spi.o
    0x08009238   0x08009238   0x00000118   Code   RO         2743    i.spiInitDevice     bus_spi.o
    0x08009350   0x08009350   0x00000020   Code   RO         2744    i.spiIsBusBusy      bus_spi.o
    0x08009370   0x08009370   0x0000001c   Code   RO         2745    i.spiResetErrorCounter  bus_spi.o
    0x0800938c   0x0800938c   0x0000008a   Code   RO         2746    i.spiSetDivisor     bus_spi.o
    0x08009416   0x08009416   0x00000002   PAD
    0x08009418   0x08009418   0x00000024   Code   RO         2747    i.spiTimeoutUserCallback  bus_spi.o
    0x0800943c   0x0800943c   0x000000c8   Code   RO         2748    i.spiTransfer       bus_spi.o
    0x08009504   0x08009504   0x00000052   Code   RO         2749    i.spiTransferByte   bus_spi.o
    0x08009556   0x08009556   0x00000002   PAD
    0x08009558   0x08009558   0x00000038   Code   RO         6213    i.startBlackbox     blackbox.o
    0x08009590   0x08009590   0x00000018   Code   RO         4116    i.systemBeep        sound_beeper.o
    0x080095a8   0x080095a8   0x00000050   Code   RO         2107    i.systemInit        main.o
    0x080095f8   0x080095f8   0x0000013a   Code   RO         4371    i.targetConfiguration  config.o
    0x08009732   0x08009732   0x00000002   PAD
    0x08009734   0x08009734   0x00000090   Code   RO         4548    i.taskMainPidLoop   fc_core.o
    0x080097c4   0x080097c4   0x00000020   Code   RO         6378    i.taskSystem        scheduler.o
    0x080097e4   0x080097e4   0x0000001c   Code   RO         4708    i.taskUpdateRxMain  fc_tasks.o
    0x08009800   0x08009800   0x0000007a   Code   RO         4164    i.timCCxHandler     timer.o
    0x0800987a   0x0800987a   0x0000000a   Code   RO         4166    i.timerChCCR        timer.o
    0x08009884   0x08009884   0x0000003c   Code   RO         4315    i.timerClockDivisor  timer_stm32f4xx.o
    0x080098c0   0x080098c0   0x00000034   Code   RO         4171    i.timerForceOverflow  timer.o
    0x080098f4   0x080098f4   0x0000003c   Code   RO         4172    i.timerGetByTag     timer.o
    0x08009930   0x08009930   0x00000084   Code   RO         4173    i.timerInit         timer.o
    0x080099b4   0x080099b4   0x00000028   Code   RO         4176    i.timerOCInit       timer.o
    0x080099dc   0x080099dc   0x00000028   Code   RO         4177    i.timerOCPreloadConfig  timer.o
    0x08009a04   0x08009a04   0x00000024   Code   RO         4178    i.timerRCC          timer.o
    0x08009a28   0x08009a28   0x00000096   Code   RO         4047    i.uartIrqHandler    serial_uart_stm32f4xx.o
    0x08009abe   0x08009abe   0x00000002   PAD
    0x08009ac0   0x08009ac0   0x00000174   Code   RO         3955    i.uartOpen          serial_uart.o
    0x08009c34   0x08009c34   0x0000002c   Code   RO         3956    i.uartRead          serial_uart.o
    0x08009c60   0x08009c60   0x0000008c   Code   RO         3957    i.uartReconfigure   serial_uart.o
    0x08009cec   0x08009cec   0x00000006   Code   RO         3958    i.uartSetBaudRate   serial_uart.o
    0x08009cf2   0x08009cf2   0x00000006   Code   RO         3959    i.uartSetMode       serial_uart.o
    0x08009cf8   0x08009cf8   0x0000004a   Code   RO         3960    i.uartStartTxDMA    serial_uart.o
    0x08009d42   0x08009d42   0x00000018   Code   RO         3961    i.uartTotalRxBytesWaiting  serial_uart.o
    0x08009d5a   0x08009d5a   0x00000026   Code   RO         3962    i.uartTotalTxBytesFree  serial_uart.o
    0x08009d80   0x08009d80   0x00000030   Code   RO         3963    i.uartWrite         serial_uart.o
    0x08009db0   0x08009db0   0x00000040   Code   RO         4757    i.updateActivatedModes  rc_controls.o
    0x08009df0   0x08009df0   0x00000038   Code   RO         4549    i.updateLEDs        fc_core.o
    0x08009e28   0x08009e28   0x0000012c   Code   RO         4627    i.updateRcCommands  fc_rc.o
    0x08009f54   0x08009f54   0x0000001c   Code   RO         4758    i.useRcControlsConfig  rc_controls.o
    0x08009f70   0x08009f70   0x00000040   Code   RO         4372    i.validateAndFixConfig  config.o
    0x08009fb0   0x08009fb0   0x0000002c   Code   RO         4373    i.validateAndFixGyroConfig  config.o
    0x08009fdc   0x08009fdc   0x00000050   Code   RO         6214    i.validateBlackboxConfig  blackbox.o
    0x0800a02c   0x0800a02c   0x00000040   Code   RO         2645    i.verifyMPU9250WriteRegister  accgyro_spi_mpu9250.o
    0x0800a06c   0x0800a06c   0x00000034   Code   RO         5355    i.writeMotors       mixer.o
    0x0800a0a0   0x0800a0a0   0x0000002c   Code   RO         6720    locale$$code        c_w.l(lc_ctype_c.o)
    0x0800a0cc   0x0800a0cc   0x0000002c   Code   RO         6723    locale$$code        c_w.l(lc_numeric_c.o)
    0x0800a0f8   0x0800a0f8   0x0000000c   Code   RO         6627    x$fpl$dretinf       fz_wm.l(dretinf.o)
    0x0800a104   0x0800a104   0x00000056   Code   RO         6528    x$fpl$f2d           fz_wm.l(f2d.o)
    0x0800a15a   0x0800a15a   0x0000000e   Code   RO         6630    x$fpl$ffixr         fz_wm.l(ffix.o)
    0x0800a168   0x0800a168   0x0000008c   Code   RO         6633    x$fpl$fnaninf       fz_wm.l(fnaninf.o)
    0x0800a1f4   0x0800a1f4   0x0000000a   Code   RO         6790    x$fpl$fpinit        fz_wm.l(fpinit.o)
    0x0800a1fe   0x0800a1fe   0x00000002   PAD
    0x0800a200   0x0800a200   0x00000060   Code   RO         6635    x$fpl$frnd          fz_wm.l(frnd.o)
    0x0800a260   0x0800a260   0x00000004   Code   RO         6530    x$fpl$printf1       fz_wm.l(printf1.o)
    0x0800a264   0x0800a264   0x00000000   Code   RO         6639    x$fpl$usenofp       fz_wm.l(usenofp.o)
    0x0800a264   0x0800a264   0x00000005   Data   RO         2108    .constdata          main.o
    0x0800a269   0x0800a269   0x00000003   PAD
    0x0800a26c   0x0800a26c   0x000000a8   Data   RO         2439    .constdata          target.o
    0x0800a314   0x0800a314   0x00000029   Data   RO         2646    .constdata          accgyro_spi_mpu9250.o
    0x0800a33d   0x0800a33d   0x0000001a   Data   RO         2750    .constdata          bus_spi.o
    0x0800a357   0x0800a357   0x00000017   Data   RO         3031    .constdata          exti.o
    0x0800a36e   0x0800a36e   0x00000016   Data   RO         3226    .constdata          io.o
    0x0800a384   0x0800a384   0x00000003   Data   RO         3881    .constdata          serial.o
    0x0800a387   0x0800a387   0x00000001   PAD
    0x0800a388   0x0800a388   0x00000028   Data   RO         3964    .constdata          serial_uart.o
    0x0800a3b0   0x0800a3b0   0x00000070   Data   RO         4316    .constdata          timer_stm32f4xx.o
    0x0800a420   0x0800a420   0x00000038   Data   RO         5020    .constdata          asyncfatfs.o
    0x0800a458   0x0800a458   0x00000040   Data   RO         5357    .constdata          mixer.o
    0x0800a498   0x0800a498   0x00000001   Data   RO         5735    .constdata          gyro.o
    0x0800a499   0x0800a499   0x0000001c   Data   RO         6056    .constdata          rx.o
    0x0800a4b5   0x0800a4b5   0x00000017   Data   RO         6286    .constdata          blackbox_io.o
    0x0800a4cc   0x0800a4cc   0x00000040   Data   RO         6547    .constdata          m_wm.l(log2f.o)
    0x0800a50c   0x0800a50c   0x00000140   Data   RO         6561    .constdata          m_wm.l(powf.o)
    0x0800a64c   0x0800a64c   0x00000020   Data   RO         6657    .constdata          m_wm.l(rredf.o)
    0x0800a66c   0x0800a66c   0x00000094   Data   RO         6691    .constdata          c_w.l(bigflt0.o)
    0x0800a700   0x0800a700   0x00000017   Data   RO         4709    .conststring        fc_tasks.o
    0x0800a717   0x0800a717   0x00000001   PAD
    0x0800a718   0x0800a718   0x00000020   Data   RO         6865    Region$$Table       anon$$obj.o
    0x0800a738   0x0800a738   0x00000110   Data   RO         6719    locale$$data        c_w.l(lc_ctype_c.o)
    0x0800a848   0x0800a848   0x0000001c   Data   RO         6722    locale$$data        c_w.l(lc_numeric_c.o)


    Execution Region RW_IRAM1 (Exec base: 0x20000000, Load base: 0x0800a864, Size: 0x00003c38, Max: 0x00020000, ABSOLUTE, COMPRESSED[0x00000150])

    Exec Addr    Load Addr    Size         Type   Attr      Idx    E Section Name        Object

    0x20000000   COMPRESSED   0x00000010   Data   RW          846    .data               stm32f4xx_rcc.o
    0x20000010   COMPRESSED   0x00000001   Data   RW         2109    .data               main.o
    0x20000011   COMPRESSED   0x00000003   PAD
    0x20000014   COMPRESSED   0x00000004   Data   RW         2110    .data               main.o
    0x20000018   COMPRESSED   0x00000014   Data   RW         2400    .data               system_stm32f4xx.o
    0x2000002c   COMPRESSED   0x0000000c   Data   RW         2475    .data               system.o
    0x20000038   COMPRESSED   0x00000004   Data   RW         2550    .data               accgyro_mpu.o
    0x2000003c   COMPRESSED   0x00000008   Data   RW         2647    .data               accgyro_spi_mpu9250.o
    0x20000044   COMPRESSED   0x00000020   Data   RW         2751    .data               bus_spi.o
    0x20000064   COMPRESSED   0x000001c0   Data   RW         2897    .data               dma_stm32f4xx.o
    0x20000224   COMPRESSED   0x00000007   Data   RW         3032    .data               exti.o
    0x2000022b   COMPRESSED   0x00000001   Data   RW         3353    .data               led.o
    0x2000022c   COMPRESSED   0x0000000c   Data   RW         3426    .data               pwm_output.o
    0x20000238   COMPRESSED   0x00000004   Data   RW         3659    .data               rxserial3test.o
    0x2000023c   COMPRESSED   0x00000008   Data   RW         3751    .data               sdcard.o
    0x20000244   COMPRESSED   0x00000008   Data   RW         3883    .data               serial.o
    0x2000024c   COMPRESSED   0x0000047c   Data   RW         4048    .data               serial_uart_stm32f4xx.o
    0x200006c8   COMPRESSED   0x0000047c   Data   RW         4049    .data               serial_uart_stm32f4xx.o
    0x20000b44   COMPRESSED   0x0000047c   Data   RW         4050    .data               serial_uart_stm32f4xx.o
    0x20000fc0   COMPRESSED   0x00000018   Data   RW         4051    .data               serial_uart_stm32f4xx.o
    0x20000fd8   COMPRESSED   0x00000008   Data   RW         4118    .data               sound_beeper.o
    0x20000fe0   COMPRESSED   0x00000006   Data   RW         4180    .data               timer.o
    0x20000fe6   COMPRESSED   0x00000002   PAD
    0x20000fe8   COMPRESSED   0x0000000c   Data   RW         4375    .data               config.o
    0x20000ff4   COMPRESSED   0x00000010   Data   RW         4550    .data               fc_core.o
    0x20001004   COMPRESSED   0x00000001   Data   RW         4551    .data               fc_core.o
    0x20001005   COMPRESSED   0x00000003   PAD
    0x20001008   COMPRESSED   0x00000020   Data   RW         4629    .data               fc_rc.o
    0x20001028   COMPRESSED   0x0000023c   Data   RW         4710    .data               fc_tasks.o
    0x20001264   COMPRESSED   0x00000010   Data   RW         4759    .data               rc_controls.o
    0x20001274   COMPRESSED   0x00000008   Data   RW         4760    .data               rc_controls.o
    0x2000127c   COMPRESSED   0x00000001   Data   RW         4832    .data               runtime_config.o
    0x2000127d   COMPRESSED   0x00000003   PAD
    0x20001280   COMPRESSED   0x00000008   Data   RW         4833    .data               runtime_config.o
    0x20001288   COMPRESSED   0x00000001   Data   RW         4881    .data               fc_msp.o
    0x20001289   COMPRESSED   0x00000003   PAD
    0x2000128c   COMPRESSED   0x00000020   Data   RW         5358    .data               mixer.o
    0x200012ac   COMPRESSED   0x00000054   Data   RW         5449    .data               pid.o
    0x20001300   COMPRESSED   0x00000004   Data   RW         5593    .data               feature.o
    0x20001304   COMPRESSED   0x00000014   Data   RW         5736    .data               gyro.o
    0x20001318   COMPRESSED   0x00000004   Data   RW         5804    .data               initialisation.o
    0x2000131c   COMPRESSED   0x00000001   Data   RW         5845    .data               boardalignment.o
    0x2000131d   COMPRESSED   0x00000003   PAD
    0x20001320   COMPRESSED   0x00000020   Data   RW         6058    .data               rx.o
    0x20001340   COMPRESSED   0x00000008   Data   RW         6158    .data               sbus.o
    0x20001348   COMPRESSED   0x00000008   Data   RW         6192    .data               debug.o
    0x20001350   COMPRESSED   0x00000001   Data   RW         6193    .data               debug.o
    0x20001351   COMPRESSED   0x00000003   PAD
    0x20001354   COMPRESSED   0x0000000c   Data   RW         6216    .data               blackbox.o
    0x20001360   COMPRESSED   0x00000008   Data   RW         6287    .data               blackbox_io.o
    0x20001368   COMPRESSED   0x00000024   Data   RW         6380    .data               scheduler.o
    0x2000138c        -       0x00000010   Zero   RW         2474    .bss                system.o
    0x2000139c        -       0x00000040   Zero   RW         3030    .bss                exti.o
    0x200013dc        -       0x00000280   Zero   RW         3225    .bss                io.o
    0x2000165c        -       0x00000010   Zero   RW         3352    .bss                led.o
    0x2000166c        -       0x00000140   Zero   RW         3425    .bss                pwm_output.o
    0x200017ac        -       0x00000050   Zero   RW         3750    .bss                sdcard.o
    0x200017fc        -       0x00000024   Zero   RW         3880    .bss                serial.o
    0x20001820        -       0x000000fe   Zero   RW         4179    .bss                timer.o
    0x2000191e   COMPRESSED   0x00000002   PAD
    0x20001920        -       0x00000388   Zero   RW         4374    .bss                config.o
    0x20001ca8        -       0x00000064   Zero   RW         4628    .bss                fc_rc.o
    0x20001d0c        -       0x0000001f   Zero   RW         4880    .bss                fc_msp.o
    0x20001d2b   COMPRESSED   0x00000001   PAD
    0x20001d2c        -       0x000011cc   Zero   RW         5019    .bss                asyncfatfs.o
    0x20002ef8        -       0x000000f0   Zero   RW         5356    .bss                mixer.o
    0x20002fe8        -       0x00000100   Zero   RW         5448    .bss                pid.o
    0x200030e8        -       0x00000208   Zero   RW         5734    .bss                gyro.o
    0x200032f0        -       0x00000024   Zero   RW         5844    .bss                boardalignment.o
    0x20003314        -       0x000000dc   Zero   RW         6055    .bss                rx.o
    0x200033f0        -       0x00000064   Zero   RW         6157    .bss                sbus.o
    0x20003454        -       0x00000138   Zero   RW         6215    .bss                blackbox.o
    0x2000358c        -       0x00000018   Zero   RW         6285    .bss                blackbox_io.o
    0x200035a4        -       0x00000030   Zero   RW         6379    .bss                scheduler.o
    0x200035d4        -       0x00000060   Zero   RW         6660    .bss                c_w.l(libspace.o)
    0x20003634   COMPRESSED   0x00000004   PAD
    0x20003638        -       0x00000200   Zero   RW            2    HEAP                startup_stm32f407xx.o
    0x20003838        -       0x00000400   Zero   RW            1    STACK               startup_stm32f407xx.o


==============================================================================

Image component sizes


      Code (inc. data)   RO Data    RW Data    ZI Data      Debug   Object Name

         8          0          0          0          0       4030   acceleration.o
       236         26          0          4          0      13147   accgyro_mpu.o
       956        276         41          8          0      14753   accgyro_spi_mpu9250.o
      5594        354         56          0       4556      59582   asyncfatfs.o
       480         98          0         12        312       6170   blackbox.o
       712        200         23          8         24       7515   blackbox_io.o
        76          8          0          1         36       1953   boardalignment.o
       900        106         26         32          0       7976   bus_spi.o
         0          0          0          0          0        904   button.o
      1762        100          0         12        904      17336   config.o
        30          4          0          0          0       1010   config_eeprom.o
         0          0          0          9          0        546   debug.o
       340         84          0        448          0      10136   dma_stm32f4xx.o
       312         32         23          7         64       7658   exti.o
       158          6          0          0          0       5149   fat_standard.o
       700        100          0         17          0       8521   fc_core.o
       196          8          0          1         31       1691   fc_msp.o
      1328        132          0         32        100       9757   fc_rc.o
        64          4         23        572          0       3143   fc_tasks.o
       106         30          0          4          0       4551   feature.o
       522         20          0          0          0       6374   filter.o
         0          0          0          0          0       3274   gps.o
      1092         96          1         20        520       8486   gyro.o
        90         12          0          0          0       1745   gyro_sync.o
        32          6          0          4          0       3160   initialisation.o
       482         38         22          0        640      17613   io.o
       176         16          0          1         16       2015   led.o
      1074        342          5          5          0      66510   main.o
       412         66          0          0          0       6950   maths.o
       120         14          0          0          0     316099   misc.o
       892         94         64         32        240      11005   mixer.o
      1304        104          0         84        256       9424   pid.o
         0          0          0          0          0       2825   pwm.o
       556         56          0         12        320      10695   pwm_output.o
       510         50          0         24          0      10590   rc_controls.o
        72          0          0          0          0       1302   rcc.o
        68         18          0          9          0       3487   runtime_config.o
      1014        102         28         32        220      15158   rx.o
        60         10          0          4          0       1701   rxserial3test.o
       448         44          0          8        100       4243   sbus.o
       856         98          0         36         48      11092   scheduler.o
      2010        138          0          8         80      18745   sdcard.o
        58          0          0          0          0       1335   sdcard_standard.o
       290         46          3          8         36       8926   serial.o
       778         12         40          0          0       8993   serial_uart.o
       506         26          0       3468          0       6776   serial_uart_stm32f4xx.o
        88         12          0          8          0       2302   sound_beeper.o
        64         26        392          0       1536        896   startup_stm32f407xx.o
       494         24          0          0          0       6841   stm32f4xx_dma.o
       124         10          0          0          0       1721   stm32f4xx_exti.o
       212          0          0          0          0       2569   stm32f4xx_gpio.o
       328         58          0         16          0       8323   stm32f4xx_rcc.o
       230         24          0          0          0       4659   stm32f4xx_spi.o
        48          6          0          0          0        732   stm32f4xx_syscfg.o
       712         60          0          0          0      10541   stm32f4xx_tim.o
       358          8          0          0          0       6678   stm32f4xx_usart.o
       290         38          0         12         16       7106   system.o
       272         36          0         20          0       2121   system_stm32f4xx.o
         0          0        168          0          0       2299   target.o
       704         78          0          6        254      12735   timer.o
        60         22        112          0          0       2887   timer_stm32f4xx.o

    ----------------------------------------------------------------------
     31440       3378       1064       5004      10312     816461   Object Totals
         0          0         32          0          0          0   (incl. Generated)
        76          0          5         20          3          0   (incl. Padding)

    ----------------------------------------------------------------------

      Code (inc. data)   RO Data    RW Data    ZI Data      Debug   Library Member Name

        90          0          0          0          0          0   __dczerorl2.o
         8          0          0          0          0         68   __main.o
       104          0          0          0          0         84   __printf.o
         0          0          0          0          0          0   __rtentry.o
        12          0          0          0          0          0   __rtentry2.o
         6          0          0          0          0          0   __rtentry4.o
        52          8          0          0          0          0   __scatter.o
        28          0          0          0          0          0   __scatter_zi.o
        28          0          0          0          0         68   _chval.o
        44          0          0          0          0        108   _printf_char.o
        48          6          0          0          0         96   _printf_char_common.o
        36          4          0          0          0         80   _printf_char_file.o
         6          0          0          0          0          0   _printf_d.o
       120         16          0          0          0         92   _printf_dec.o
         6          0          0          0          0          0   _printf_f.o
      1054          0          0          0          0        216   _printf_fp_dec.o
       128         16          0          0          0         84   _printf_fp_infnan.o
       178          0          0          0          0         88   _printf_intcommon.o
         0          0          0          0          0          0   _printf_percent.o
         4          0          0          0          0          0   _printf_percent_end.o
         6          0          0          0          0          0   _printf_s.o
        82          0          0          0          0         80   _printf_str.o
         6          0          0          0          0          0   _printf_u.o
        22          0          0          0          0        100   _rserrno.o
       158          0          0          0          0         92   _strtoul.o
        16          0          0          0          0         68   aeabi_memset.o
        26          0          0          0          0         80   atoi.o
       228          4        148          0          0         96   bigflt0.o
      1936        128          0          0          0        672   btod.o
        18          0          0          0          0         80   exit.o
         8          0          0          0          0         68   ferror.o
         6          0          0          0          0        152   heapauxi.o
         0          0          0          0          0          0   indicate_semi.o
        44         10        272          0          0         76   lc_ctype_c.o
        44         10         28          0          0         76   lc_numeric_c.o
         2          0          0          0          0          0   libinit.o
        34          0          0          0          0          0   libinit2.o
         2          0          0          0          0          0   libshutdown.o
         2          0          0          0          0          0   libshutdown2.o
         8          4          0          0         96         68   libspace.o
       138          0          0          0          0         80   lludiv10.o
        24          4          0          0          0         84   noretval__2printf.o
        16          4          0          0          0         76   rt_ctype_table.o
         8          4          0          0          0         68   rt_errno_addr_intlibspace.o
         8          4          0          0          0         68   rt_locale_intlibspace.o
        68          0          0          0          0         68   rt_memclr.o
        78          0          0          0          0         80   rt_memclr_w.o
       138          0          0          0          0         68   rt_memcpy_v6.o
       100          0          0          0          0         80   rt_memcpy_w.o
       122          0          0          0          0         80   rt_memmove_w.o
         2          0          0          0          0          0   rtexit.o
        10          0          0          0          0          0   rtexit2.o
        20          0          0          0          0         68   strchr.o
       128          0          0          0          0         68   strcmpv7m.o
        62          0          0          0          0         76   strlen.o
       150          0          0          0          0         80   strncmp.o
        86          0          0          0          0         76   strncpy.o
       112          0          0          0          0         88   strtol.o
        12          4          0          0          0         68   sys_exit.o
        74          0          0          0          0         80   sys_stackheap_outer.o
        30          0          0          0          0         76   toupper.o
         2          0          0          0          0         68   use_no_semi.o
        12          0          0          0          0        116   dretinf.o
        86          4          0          0          0        132   f2d.o
        14          0          0          0          0        116   ffix.o
       140          4          0          0          0        132   fnaninf.o
        10          0          0          0          0        116   fpinit.o
        96          4          0          0          0        124   frnd.o
         4          0          0          0          0        116   printf1.o
         0          0          0          0          0          0   usenofp.o
       336         56          0          0          0        136   cosf.o
        48          0          0          0          0        124   fpclassify.o
        38          0          0          0          0        116   fpclassifyf.o
        80         24          0          0          0        696   funder.o
       356         44         64          0          0        140   log2f.o
        72          0          0          0          0        136   lrintf.o
      1636        110        320          0          0        372   powf.o
       340         24         32          0          0        160   rredf.o
       400         56          0          0          0        212   sinf.o
        58          0          0          0          0        136   sqrtf.o

    ----------------------------------------------------------------------
      9740        552        864          0        100       7272   Library Totals
        26          0          0          0          4          0   (incl. Padding)

    ----------------------------------------------------------------------

      Code (inc. data)   RO Data    RW Data    ZI Data      Debug   Library Name

      5988        226        448          0         96       4192   c_w.l
       362         12          0          0          0        852   fz_wm.l
      3364        314        416          0          0       2228   m_wm.l

    ----------------------------------------------------------------------
      9740        552        864          0        100       7272   Library Totals

    ----------------------------------------------------------------------

==============================================================================


      Code (inc. data)   RO Data    RW Data    ZI Data      Debug   

     41180       3930       1928       5004      10412     778389   Grand Totals
     41180       3930       1928        336      10412     778389   ELF Image Totals (compressed)
     41180       3930       1928        336          0          0   ROM Totals

==============================================================================

    Total RO  Size (Code + RO Data)                43108 (  42.10kB)
    Total RW  Size (RW Data + ZI Data)             15416 (  15.05kB)
    Total ROM Size (Code + RO Data + RW Data)      43444 (  42.43kB)

==============================================================================

