Component: ARM Compiler 5.06 update 5 (build 528) Tool: armlink [4d35e2]

==============================================================================

Section Cross References

    startup_stm32f407xx.o(STACK) refers (Special) to heapauxi.o(.text) for __use_two_region_memory
    startup_stm32f407xx.o(HEAP) refers (Special) to heapauxi.o(.text) for __use_two_region_memory
    startup_stm32f407xx.o(RESET) refers (Special) to heapauxi.o(.text) for __use_two_region_memory
    startup_stm32f407xx.o(RESET) refers to startup_stm32f407xx.o(STACK) for __initial_sp
    startup_stm32f407xx.o(RESET) refers to startup_stm32f407xx.o(.text) for Reset_Handler
    startup_stm32f407xx.o(RESET) refers to system.o(i.SysTick_Handler) for SysTick_Handler
    startup_stm32f407xx.o(RESET) refers to exti.o(i.EXTI0_IRQHandler) for EXTI0_IRQHandler
    startup_stm32f407xx.o(RESET) refers to exti.o(i.EXTI1_IRQHandler) for EXTI1_IRQHandler
    startup_stm32f407xx.o(RESET) refers to exti.o(i.EXTI2_IRQHandler) for EXTI2_IRQHandler
    startup_stm32f407xx.o(RESET) refers to exti.o(i.EXTI3_IRQHandler) for EXTI3_IRQHandler
    startup_stm32f407xx.o(RESET) refers to exti.o(i.EXTI4_IRQHandler) for EXTI4_IRQHandler
    startup_stm32f407xx.o(RESET) refers to dma_stm32f4xx.o(i.DMA1_Stream0_IRQHandler) for DMA1_Stream0_IRQHandler
    startup_stm32f407xx.o(RESET) refers to dma_stm32f4xx.o(i.DMA1_Stream1_IRQHandler) for DMA1_Stream1_IRQHandler
    startup_stm32f407xx.o(RESET) refers to dma_stm32f4xx.o(i.DMA1_Stream2_IRQHandler) for DMA1_Stream2_IRQHandler
    startup_stm32f407xx.o(RESET) refers to dma_stm32f4xx.o(i.DMA1_Stream3_IRQHandler) for DMA1_Stream3_IRQHandler
    startup_stm32f407xx.o(RESET) refers to dma_stm32f4xx.o(i.DMA1_Stream4_IRQHandler) for DMA1_Stream4_IRQHandler
    startup_stm32f407xx.o(RESET) refers to dma_stm32f4xx.o(i.DMA1_Stream5_IRQHandler) for DMA1_Stream5_IRQHandler
    startup_stm32f407xx.o(RESET) refers to dma_stm32f4xx.o(i.DMA1_Stream6_IRQHandler) for DMA1_Stream6_IRQHandler
    startup_stm32f407xx.o(RESET) refers to exti.o(i.EXTI9_5_IRQHandler) for EXTI9_5_IRQHandler
    startup_stm32f407xx.o(RESET) refers to timer.o(i.TIM1_CC_IRQHandler) for TIM1_CC_IRQHandler
    startup_stm32f407xx.o(RESET) refers to timer.o(i.TIM2_IRQHandler) for TIM2_IRQHandler
    startup_stm32f407xx.o(RESET) refers to timer.o(i.TIM3_IRQHandler) for TIM3_IRQHandler
    startup_stm32f407xx.o(RESET) refers to timer.o(i.TIM4_IRQHandler) for TIM4_IRQHandler
    startup_stm32f407xx.o(RESET) refers to serial_uart_stm32f4xx.o(i.USART1_IRQHandler) for USART1_IRQHandler
    startup_stm32f407xx.o(RESET) refers to serial_uart_stm32f4xx.o(i.USART3_IRQHandler) for USART3_IRQHandler
    startup_stm32f407xx.o(RESET) refers to exti.o(i.EXTI15_10_IRQHandler) for EXTI15_10_IRQHandler
    startup_stm32f407xx.o(RESET) refers to dma_stm32f4xx.o(i.DMA1_Stream7_IRQHandler) for DMA1_Stream7_IRQHandler
    startup_stm32f407xx.o(RESET) refers to dma_stm32f4xx.o(i.DMA2_Stream0_IRQHandler) for DMA2_Stream0_IRQHandler
    startup_stm32f407xx.o(RESET) refers to dma_stm32f4xx.o(i.DMA2_Stream1_IRQHandler) for DMA2_Stream1_IRQHandler
    startup_stm32f407xx.o(RESET) refers to dma_stm32f4xx.o(i.DMA2_Stream2_IRQHandler) for DMA2_Stream2_IRQHandler
    startup_stm32f407xx.o(RESET) refers to dma_stm32f4xx.o(i.DMA2_Stream3_IRQHandler) for DMA2_Stream3_IRQHandler
    startup_stm32f407xx.o(RESET) refers to dma_stm32f4xx.o(i.DMA2_Stream4_IRQHandler) for DMA2_Stream4_IRQHandler
    startup_stm32f407xx.o(RESET) refers to dma_stm32f4xx.o(i.DMA2_Stream5_IRQHandler) for DMA2_Stream5_IRQHandler
    startup_stm32f407xx.o(RESET) refers to dma_stm32f4xx.o(i.DMA2_Stream6_IRQHandler) for DMA2_Stream6_IRQHandler
    startup_stm32f407xx.o(RESET) refers to dma_stm32f4xx.o(i.DMA2_Stream7_IRQHandler) for DMA2_Stream7_IRQHandler
    startup_stm32f407xx.o(RESET) refers to serial_uart_stm32f4xx.o(i.USART6_IRQHandler) for USART6_IRQHandler
    startup_stm32f407xx.o(.text) refers (Special) to heapauxi.o(.text) for __use_two_region_memory
    startup_stm32f407xx.o(.text) refers to system_stm32f4xx.o(i.SystemInit) for SystemInit
    startup_stm32f407xx.o(.text) refers to __main.o(!!!main) for __main
    startup_stm32f407xx.o(.text) refers to startup_stm32f407xx.o(HEAP) for Heap_Mem
    startup_stm32f407xx.o(.text) refers to startup_stm32f407xx.o(STACK) for Stack_Mem
    stm32f4xx_flash.o(i.FLASH_EraseAllBank1Sectors) refers to stm32f4xx_flash.o(i.FLASH_WaitForLastOperation) for FLASH_WaitForLastOperation
    stm32f4xx_flash.o(i.FLASH_EraseAllBank2Sectors) refers to stm32f4xx_flash.o(i.FLASH_WaitForLastOperation) for FLASH_WaitForLastOperation
    stm32f4xx_flash.o(i.FLASH_EraseAllSectors) refers to stm32f4xx_flash.o(i.FLASH_WaitForLastOperation) for FLASH_WaitForLastOperation
    stm32f4xx_flash.o(i.FLASH_EraseSector) refers to stm32f4xx_flash.o(i.FLASH_WaitForLastOperation) for FLASH_WaitForLastOperation
[...]
    sdcardInsertionDetectInit                0x080073cd   Thumb Code    32  sdcard.o(i.sdcardInsertionDetectInit)
    sdcard_beginWriteBlocks                  0x080073f1   Thumb Code    98  sdcard.o(i.sdcard_beginWriteBlocks)
    sdcard_init                              0x08007561   Thumb Code   120  sdcard.o(i.sdcard_init)
    sdcard_isInserted                        0x080075e9   Thumb Code    16  sdcard.o(i.sdcard_isInserted)
    sdcard_poll                              0x080075fd   Thumb Code   698  sdcard.o(i.sdcard_poll)
    sdcard_readBlock                         0x080078c1   Thumb Code    92  sdcard.o(i.sdcard_readBlock)
    sdcard_writeBlock                        0x08007b05   Thumb Code   154  sdcard.o(i.sdcard_writeBlock)
    sensorSet                                0x08007ba9   Thumb Code    10  runtime_config.o(i.sensorSet)
    sensors                                  0x08007bb9   Thumb Code    16  runtime_config.o(i.sensors)
    sensorsAutodetect                        0x08007bcd   Thumb Code    26  initialisation.o(i.sensorsAutodetect)
    serialInit                               0x08007bed   Thumb Code    38  serial.o(i.serialInit)
    serialRxInit                             0x08007c21   Thumb Code    18  rx.o(i.serialRxInit)
    serialUART                               0x08007c35   Thumb Code   264  serial_uart_stm32f4xx.o(i.serialUART)
    serialUART1                              0x08007d45   Thumb Code    12  serial_uart_stm32f4xx.o(i.serialUART1)
    serialUART3                              0x08007d51   Thumb Code    12  serial_uart_stm32f4xx.o(i.serialUART3)
    serialUART6                              0x08007d5d   Thumb Code    12  serial_uart_stm32f4xx.o(i.serialUART6)
    serialWrite                              0x08007d69   Thumb Code     6  serial.o(i.serialWrite)
    setProfile                               0x08007d71   Thumb Code    42  config.o(i.setProfile)
    setTaskEnabled                           0x08007da5   Thumb Code    44  scheduler.o(i.setTaskEnabled)
    spiDeviceByInstance                      0x08007dd9   Thumb Code    36  bus_spi.o(i.spiDeviceByInstance)
    spiGetErrorCounter                       0x08007e09   Thumb Code    24  bus_spi.o(i.spiGetErrorCounter)
    spiInit                                  0x08007e25   Thumb Code    28  bus_spi.o(i.spiInit)
    spiInitDevice                            0x08007e41   Thumb Code   258  bus_spi.o(i.spiInitDevice)
    spiIsBusBusy                             0x08007f59   Thumb Code    32  bus_spi.o(i.spiIsBusBusy)
    spiResetErrorCounter                     0x08007f79   Thumb Code    22  bus_spi.o(i.spiResetErrorCounter)
    spiSetDivisor                            0x08007f95   Thumb Code   138  bus_spi.o(i.spiSetDivisor)
    spiTimeoutUserCallback                   0x08008021   Thumb Code    32  bus_spi.o(i.spiTimeoutUserCallback)
    spiTransfer                              0x08008045   Thumb Code   146  bus_spi.o(i.spiTransfer)
    spiTransferByte                          0x0800810d   Thumb Code    82  bus_spi.o(i.spiTransferByte)
    startBlackbox                            0x08008161   Thumb Code    48  blackbox.o(i.startBlackbox)
    systemBeep                               0x08008199   Thumb Code    18  sound_beeper.o(i.systemBeep)
    systemInit                               0x080081b1   Thumb Code    70  main.o(i.systemInit)
    targetConfiguration                      0x08008201   Thumb Code   314  config.o(i.targetConfiguration)
    taskMainPidLoop                          0x0800833d   Thumb Code   122  fc_core.o(i.taskMainPidLoop)
    taskSystem                               0x080083cd   Thumb Code    28  scheduler.o(i.taskSystem)
    taskUpdateRxMain                         0x080083ed   Thumb Code    24  fc_tasks.o(i.taskUpdateRxMain)
    timerChCCR                               0x08008483   Thumb Code    10  timer.o(i.timerChCCR)
    timerClockDivisor                        0x0800848d   Thumb Code    38  timer_stm32f4xx.o(i.timerClockDivisor)
    timerForceOverflow                       0x080084c9   Thumb Code    46  timer.o(i.timerForceOverflow)
    timerGetByTag                            0x080084fd   Thumb Code    54  timer.o(i.timerGetByTag)
    timerInit                                0x08008539   Thumb Code   120  timer.o(i.timerInit)
    timerOCInit                              0x080085bd   Thumb Code    40  timer.o(i.timerOCInit)
    timerOCPreloadConfig                     0x080085e5   Thumb Code    40  timer.o(i.timerOCPreloadConfig)
    timerRCC                                 0x0800860d   Thumb Code    30  timer.o(i.timerRCC)
    uartIrqHandler                           0x08008631   Thumb Code   150  serial_uart_stm32f4xx.o(i.uartIrqHandler)
    uartOpen                                 0x080086c9   Thumb Code   360  serial_uart.o(i.uartOpen)
    uartRead                                 0x0800883d   Thumb Code    44  serial_uart.o(i.uartRead)
    uartSetBaudRate                          0x080088f5   Thumb Code     6  serial_uart.o(i.uartSetBaudRate)
    uartSetMode                              0x080088fb   Thumb Code     6  serial_uart.o(i.uartSetMode)
    uartStartTxDMA                           0x08008901   Thumb Code    74  serial_uart.o(i.uartStartTxDMA)
    uartTotalRxBytesWaiting                  0x0800894b   Thumb Code    24  serial_uart.o(i.uartTotalRxBytesWaiting)
    uartTotalTxBytesFree                     0x08008963   Thumb Code    38  serial_uart.o(i.uartTotalTxBytesFree)
    uartWrite                                0x08008989   Thumb Code    48  serial_uart.o(i.uartWrite)
    updateActivatedModes                     0x080089b9   Thumb Code    58  rc_controls.o(i.updateActivatedModes)
    updateLEDs                               0x080089f9   Thumb Code    42  fc_core.o(i.updateLEDs)
    updateRcCommands                         0x08008a31   Thumb Code   272  fc_rc.o(i.updateRcCommands)
    useRcControlsConfig                      0x08008b5d   Thumb Code    22  rc_controls.o(i.useRcControlsConfig)
    validateAndFixConfig                     0x08008b79   Thumb Code    64  config.o(i.validateAndFixConfig)
    validateAndFixGyroConfig                 0x08008bb9   Thumb Code    38  config.o(i.validateAndFixGyroConfig)
    validateBlackboxConfig                   0x08008be5   Thumb Code    76  blackbox.o(i.validateBlackboxConfig)
    verifyMPU9250WriteRegister               0x08008c35   Thumb Code    64  accgyro_spi_mpu9250.o(i.verifyMPU9250WriteRegister)
    writeMotors                              0x08008c75   Thumb Code    44  mixer.o(i.writeMotors)
    _get_lc_ctype                            0x08008ca9   Thumb Code    44  lc_ctype_c.o(locale$$code)
    _ffix_r                                  0x08008cd5   Thumb Code    14  ffix.o(x$fpl$ffixr)
    __fpl_fnaninf                            0x08008ce3   Thumb Code   140  fnaninf.o(x$fpl$fnaninf)
    _fp_init                                 0x08008d6f   Thumb Code    10  fpinit.o(x$fpl$fpinit)
    __fplib_config_fpu_vfp                   0x08008d77   Thumb Code     0  fpinit.o(x$fpl$fpinit)
    __fplib_config_pureend_doubles           0x08008d77   Thumb Code     0  fpinit.o(x$fpl$fpinit)
    _frnd                                    0x08008d79   Thumb Code    96  frnd.o(x$fpl$frnd)
    __I$use$fp                               0x08008dd8   Number         0  usenofp.o(x$fpl$usenofp)
    timerHardware                            0x08008de0   Data         168  target.o(.constdata)
    ioPortDefs                               0x08008ee7   Data           6  io.o(.constdata)
    serialPortIdentifiers                    0x08008ef8   Data           3  serial.o(.constdata)
    uartVTable                               0x08008efc   Data          40  serial_uart.o(.constdata)
    timerDefinitions                         0x08008f24   Data         112  timer_stm32f4xx.o(.constdata)
    rcChannelLetters                         0x08009028   Data          21  rx.o(.constdata)
    Region$$Table$$Base                      0x0800920c   Number         0  anon$$obj.o(Region$$Table)
    Region$$Table$$Limit                     0x0800922c   Number         0  anon$$obj.o(Region$$Table)
    __ctype                                  0x08009239   Data           0  lc_ctype_c.o(locale$$data)
    systemState                              0x20000010   Data           1  main.o(.data)
    __stdout                                 0x20000014   Data           4  main.o(.data)
    SystemCoreClock                          0x20000018   Data           4  system_stm32f4xx.o(.data)
    AHBPrescTable                            0x2000001c   Data          16  system_stm32f4xx.o(.data)
    sysTickUptime                            0x20000030   Data           4  system.o(.data)
    mpuReset                                 0x20000038   Data           4  accgyro_mpu.o(.data)
    pwmMotorsEnabled                         0x2000022c   Data           1  pwm_output.o(.data)
    timerInfo                                0x20000fe0   Data           6  timer.o(.data)
    currentProfile                           0x20000fec   Data           4  config.o(.data)
    currentControlRateProfile                0x20000ff0   Data           4  config.o(.data)
    motorControlEnable                       0x20000ff4   Data           1  fc_core.o(.data)
    isRXDataNew                              0x20001004   Data           1  fc_core.o(.data)
    cfTasks                                  0x20001024   Data         572  fc_tasks.o(.data)
    rcModeActivationMask                     0x2000126c   Data           4  rc_controls.o(.data)
    rcCommand                                0x20001270   Data           8  rc_controls.o(.data)
    armingFlags                              0x20001278   Data           1  runtime_config.o(.data)
    flightModeFlags                          0x2000127c   Data           2  runtime_config.o(.data)
    currentMixerMode                         0x20001289   Data           1  mixer.o(.data)
    motorOutputHigh                          0x2000128c   Data           2  mixer.o(.data)
    motorOutputLow                           0x2000128e   Data           2  mixer.o(.data)
    rxConfig                                 0x200012a0   Data           4  mixer.o(.data)
    targetPidLooptime                        0x200012b0   Data           4  pid.o(.data)
    detectedSensors                          0x2000130c   Data           4  initialisation.o(.data)
    debug                                    0x20001338   Data           8  debug.o(.data)
    debugMode                                0x20001340   Data           1  debug.o(.data)
    blackboxHeaderBudget                     0x20001354   Data           4  blackbox_io.o(.data)
    averageSystemLoadPercentage              0x2000135a   Data           2  scheduler.o(.data)
    checkFuncMaxExecutionTime                0x20001370   Data           4  scheduler.o(.data)
    checkFuncTotalExecutionTime              0x20001374   Data           4  scheduler.o(.data)
    checkFuncMovingSumExecutionTime          0x20001378   Data           4  scheduler.o(.data)
    clocks                                   0x2000137c   Data          16  system.o(.bss)
    extiChannelRecs                          0x2000138c   Data          64  exti.o(.bss)
    ioRecs                                   0x200013cc   Data         640  io.o(.bss)
    timerConfig                              0x20001810   Data         240  timer.o(.bss)
    timerChannelInfo                         0x20001900   Data          14  timer.o(.bss)
    masterConfig                             0x20001910   Data         888  config.o(.bss)
    motor                                    0x20002eb0   Data          24  mixer.o(.bss)
    motor_disarmed                           0x20002ec8   Data          24  mixer.o(.bss)
    axisPID_P                                0x2000304c   Data          12  pid.o(.bss)
    axisPID_I                                0x20003058   Data          12  pid.o(.bss)
    gyro                                     0x20003214   Data          88  gyro.o(.bss)
    rxRuntimeConfig                          0x200032dc   Data          12  rx.o(.bss)
    rcRaw                                    0x200032e8   Data          36  rx.o(.bss)
    rcData                                   0x2000330c   Data          36  rx.o(.bss)
    rcInvalidPulsPeriod                      0x20003330   Data          72  rx.o(.bss)
    taskQueueArray                           0x2000352c   Data          48  scheduler.o(.bss)
    __libspace_start                         0x2000355c   Data          96  libspace.o(.bss)
    __temporary_stack_top$libspace           0x200035bc   Data           0  libspace.o(.bss)



==============================================================================

Memory Map of the image

  Image Entry point : 0x08000189

  Load Region LR_IROM1 (Base: 0x08000000, Size: 0x0000a6b8, Max: 0x00100000, ABSOLUTE, COMPRESSED[0x00009490])

    Execution Region ER_IROM1 (Exec base: 0x08000000, Load base: 0x08000000, Size: 0x0000933c, Max: 0x00100000, ABSOLUTE)

    Exec Addr    Load Addr    Size         Type   Attr      Idx    E Section Name        Object

    0x08000000   0x08000000   0x00000188   Data   RO            3    RESET               startup_stm32f407xx.o
    0x08000188   0x08000188   0x00000008   Code   RO         6453  * !!!main             c_w.l(__main.o)
    0x08000190   0x08000190   0x00000034   Code   RO         6754    !!!scatter          c_w.l(__scatter.o)
    0x080001c4   0x080001c4   0x0000005a   Code   RO         6752    !!dczerorl2         c_w.l(__dczerorl2.o)
    0x0800021e   0x0800021e   0x00000002   PAD
    0x08000220   0x08000220   0x0000001c   Code   RO         6756    !!handler_zi        c_w.l(__scatter_zi.o)
    0x0800023c   0x0800023c   0x00000000   Code   RO         6424    .ARM.Collect$$_printf_percent$$00000000  c_w.l(_printf_percent.o)
    0x0800023c   0x0800023c   0x00000006   Code   RO         6422    .ARM.Collect$$_printf_percent$$00000009  c_w.l(_printf_d.o)
    0x08000242   0x08000242   0x00000006   Code   RO         6423    .ARM.Collect$$_printf_percent$$0000000A  c_w.l(_printf_u.o)
    0x08000248   0x08000248   0x00000006   Code   RO         6421    .ARM.Collect$$_printf_percent$$00000014  c_w.l(_printf_s.o)
    0x0800024e   0x0800024e   0x00000004   Code   RO         6545    .ARM.Collect$$_printf_percent$$00000017  c_w.l(_printf_percent_end.o)
    0x08000252   0x08000252   0x00000002   Code   RO         6625    .ARM.Collect$$libinit$$00000000  c_w.l(libinit.o)
    0x08000254   0x08000254   0x00000004   Code   RO         6626    .ARM.Collect$$libinit$$00000001  c_w.l(libinit2.o)
    0x08000258   0x08000258   0x00000000   Code   RO         6629    .ARM.Collect$$libinit$$00000004  c_w.l(libinit2.o)
    0x08000258   0x08000258   0x00000000   Code   RO         6632    .ARM.Collect$$libinit$$0000000A  c_w.l(libinit2.o)
    0x08000258   0x08000258   0x00000000   Code   RO         6634    .ARM.Collect$$libinit$$0000000C  c_w.l(libinit2.o)
    0x08000258   0x08000258   0x00000000   Code   RO         6636    .ARM.Collect$$libinit$$0000000E  c_w.l(libinit2.o)
    0x08000258   0x08000258   0x00000006   Code   RO         6637    .ARM.Collect$$libinit$$0000000F  c_w.l(libinit2.o)
    0x0800025e   0x0800025e   0x00000000   Code   RO         6639    .ARM.Collect$$libinit$$00000011  c_w.l(libinit2.o)
    0x0800025e   0x0800025e   0x0000000c   Code   RO         6640    .ARM.Collect$$libinit$$00000012  c_w.l(libinit2.o)
    0x0800026a   0x0800026a   0x00000000   Code   RO         6641    .ARM.Collect$$libinit$$00000013  c_w.l(libinit2.o)
    0x0800026a   0x0800026a   0x00000000   Code   RO         6643    .ARM.Collect$$libinit$$00000015  c_w.l(libinit2.o)
    0x0800026a   0x0800026a   0x00000000   Code   RO         6645    .ARM.Collect$$libinit$$00000017  c_w.l(libinit2.o)
    0x0800026a   0x0800026a   0x00000000   Code   RO         6647    .ARM.Collect$$libinit$$00000019  c_w.l(libinit2.o)
    0x0800026a   0x0800026a   0x00000000   Code   RO         6649    .ARM.Collect$$libinit$$0000001B  c_w.l(libinit2.o)
    0x0800026a   0x0800026a   0x00000000   Code   RO         6651    .ARM.Collect$$libinit$$0000001D  c_w.l(libinit2.o)
    0x0800026a   0x0800026a   0x00000000   Code   RO         6653    .ARM.Collect$$libinit$$0000001F  c_w.l(libinit2.o)
    0x0800026a   0x0800026a   0x00000000   Code   RO         6655    .ARM.Collect$$libinit$$00000021  c_w.l(libinit2.o)
    0x0800026a   0x0800026a   0x00000000   Code   RO         6657    .ARM.Collect$$libinit$$00000023  c_w.l(libinit2.o)
    0x0800026a   0x0800026a   0x00000000   Code   RO         6659    .ARM.Collect$$libinit$$00000025  c_w.l(libinit2.o)
    0x0800026a   0x0800026a   0x00000000   Code   RO         6663    .ARM.Collect$$libinit$$0000002C  c_w.l(libinit2.o)
    0x0800026a   0x0800026a   0x00000000   Code   RO         6665    .ARM.Collect$$libinit$$0000002E  c_w.l(libinit2.o)
    0x0800026a   0x0800026a   0x00000000   Code   RO         6667    .ARM.Collect$$libinit$$00000030  c_w.l(libinit2.o)
    0x0800026a   0x0800026a   0x00000000   Code   RO         6669    .ARM.Collect$$libinit$$00000032  c_w.l(libinit2.o)
    0x0800026a   0x0800026a   0x00000002   Code   RO         6670    .ARM.Collect$$libinit$$00000033  c_w.l(libinit2.o)
    0x0800026c   0x0800026c   0x00000002   Code   RO         6700    .ARM.Collect$$libshutdown$$00000000  c_w.l(libshutdown.o)
    0x0800026e   0x0800026e   0x00000000   Code   RO         6711    .ARM.Collect$$libshutdown$$00000002  c_w.l(libshutdown2.o)
    0x0800026e   0x0800026e   0x00000000   Code   RO         6713    .ARM.Collect$$libshutdown$$00000004  c_w.l(libshutdown2.o)
    0x0800026e   0x0800026e   0x00000000   Code   RO         6716    .ARM.Collect$$libshutdown$$00000007  c_w.l(libshutdown2.o)
    0x0800026e   0x0800026e   0x00000000   Code   RO         6719    .ARM.Collect$$libshutdown$$0000000A  c_w.l(libshutdown2.o)
    0x0800026e   0x0800026e   0x00000000   Code   RO         6721    .ARM.Collect$$libshutdown$$0000000C  c_w.l(libshutdown2.o)
    0x0800026e   0x0800026e   0x00000000   Code   RO         6724    .ARM.Collect$$libshutdown$$0000000F  c_w.l(libshutdown2.o)
    0x0800026e   0x0800026e   0x00000002   Code   RO         6725    .ARM.Collect$$libshutdown$$00000010  c_w.l(libshutdown2.o)
    0x08000270   0x08000270   0x00000000   Code   RO         6527    .ARM.Collect$$rtentry$$00000000  c_w.l(__rtentry.o)
    0x08000270   0x08000270   0x00000000   Code   RO         6580    .ARM.Collect$$rtentry$$00000002  c_w.l(__rtentry2.o)
    0x08000270   0x08000270   0x00000006   Code   RO         6592    .ARM.Collect$$rtentry$$00000004  c_w.l(__rtentry4.o)
    0x08000276   0x08000276   0x00000000   Code   RO         6582    .ARM.Collect$$rtentry$$00000009  c_w.l(__rtentry2.o)
    0x08000276   0x08000276   0x00000004   Code   RO         6583    .ARM.Collect$$rtentry$$0000000A  c_w.l(__rtentry2.o)
    0x0800027a   0x0800027a   0x00000000   Code   RO         6585    .ARM.Collect$$rtentry$$0000000C  c_w.l(__rtentry2.o)
    0x0800027a   0x0800027a   0x00000008   Code   RO         6586    .ARM.Collect$$rtentry$$0000000D  c_w.l(__rtentry2.o)
    0x08000282   0x08000282   0x00000002   Code   RO         6671    .ARM.Collect$$rtexit$$00000000  c_w.l(rtexit.o)
    0x08000284   0x08000284   0x00000000   Code   RO         6678    .ARM.Collect$$rtexit$$00000002  c_w.l(rtexit2.o)
    0x08000284   0x08000284   0x00000004   Code   RO         6679    .ARM.Collect$$rtexit$$00000003  c_w.l(rtexit2.o)
    0x08000288   0x08000288   0x00000006   Code   RO         6680    .ARM.Collect$$rtexit$$00000004  c_w.l(rtexit2.o)
    0x0800028e   0x0800028e   0x00000002   PAD
    0x08000290   0x08000290   0x00000040   Code   RO            4    .text               startup_stm32f407xx.o
    0x080002d0   0x080002d0   0x0000001e   Code   RO         6389    .text               c_w.l(toupper.o)
    0x080002ee   0x080002ee   0x00000002   PAD
    0x080002f0   0x080002f0   0x00000018   Code   RO         6393    .text               c_w.l(noretval__2printf.o)
    0x08000308   0x08000308   0x00000068   Code   RO         6395    .text               c_w.l(__printf.o)
    0x08000370   0x08000370   0x00000052   Code   RO         6397    .text               c_w.l(_printf_str.o)
    0x080003c2   0x080003c2   0x00000002   PAD
    0x080003c4   0x080003c4   0x00000078   Code   RO         6399    .text               c_w.l(_printf_dec.o)
    0x0800043c   0x0800043c   0x0000001a   Code   RO         6425    .text               c_w.l(atoi.o)
    0x08000456   0x08000456   0x00000014   Code   RO         6427    .text               c_w.l(strchr.o)
    0x0800046a   0x0800046a   0x0000003e   Code   RO         6431    .text               c_w.l(strlen.o)
    0x080004a8   0x080004a8   0x00000096   Code   RO         6433    .text               c_w.l(strncmp.o)
    0x0800053e   0x0800053e   0x0000008a   Code   RO         6435    .text               c_w.l(rt_memcpy_v6.o)
    0x080005c8   0x080005c8   0x00000064   Code   RO         6437    .text               c_w.l(rt_memcpy_w.o)
    0x0800062c   0x0800062c   0x0000007a   Code   RO         6439    .text               c_w.l(rt_memmove_w.o)
    0x080006a6   0x080006a6   0x00000010   Code   RO         6441    .text               c_w.l(aeabi_memset.o)
    0x080006b6   0x080006b6   0x00000044   Code   RO         6443    .text               c_w.l(rt_memclr.o)
    0x080006fa   0x080006fa   0x0000004e   Code   RO         6445    .text               c_w.l(rt_memclr_w.o)
    0x08000748   0x08000748   0x00000056   Code   RO         6447    .text               c_w.l(strncpy.o)
    0x0800079e   0x0800079e   0x00000002   PAD
    0x080007a0   0x080007a0   0x00000080   Code   RO         6449    .text               c_w.l(strcmpv7m.o)
    0x08000820   0x08000820   0x00000006   Code   RO         6451    .text               c_w.l(heapauxi.o)
    0x08000826   0x08000826   0x00000002   PAD
    0x08000828   0x08000828   0x00000010   Code   RO         6528    .text               c_w.l(rt_ctype_table.o)
    0x08000838   0x08000838   0x00000008   Code   RO         6533    .text               c_w.l(rt_errno_addr_intlibspace.o)
    0x08000840   0x08000840   0x00000016   Code   RO         6535    .text               c_w.l(_rserrno.o)
    0x08000856   0x08000856   0x000000b2   Code   RO         6539    .text               c_w.l(_printf_intcommon.o)
    0x08000908   0x08000908   0x0000002c   Code   RO         6541    .text               c_w.l(_printf_char.o)
    0x08000934   0x08000934   0x00000024   Code   RO         6543    .text               c_w.l(_printf_char_file.o)
    0x08000958   0x08000958   0x00000070   Code   RO         6546    .text               c_w.l(strtol.o)
    0x080009c8   0x080009c8   0x00000008   Code   RO         6576    .text               c_w.l(libspace.o)
    0x080009d0   0x080009d0   0x00000008   Code   RO         6597    .text               c_w.l(rt_locale_intlibspace.o)
    0x080009d8   0x080009d8   0x00000030   Code   RO         6599    .text               c_w.l(_printf_char_common.o)
    0x08000a08   0x08000a08   0x0000009e   Code   RO         6601    .text               c_w.l(_strtoul.o)
    0x08000aa6   0x08000aa6   0x00000008   Code   RO         6603    .text               c_w.l(ferror.o)
    0x08000aae   0x08000aae   0x0000004a   Code   RO         6612    .text               c_w.l(sys_stackheap_outer.o)
    0x08000af8   0x08000af8   0x0000001c   Code   RO         6616    .text               c_w.l(_chval.o)
    0x08000b14   0x08000b14   0x00000012   Code   RO         6618    .text               c_w.l(exit.o)
    0x08000b26   0x08000b26   0x00000002   PAD
    0x08000b28   0x08000b28   0x0000000c   Code   RO         6690    .text               c_w.l(sys_exit.o)
    0x08000b34   0x08000b34   0x00000002   Code   RO         6701    .text               c_w.l(use_no_semi.o)
    0x08000b36   0x08000b36   0x00000000   Code   RO         6703    .text               c_w.l(indicate_semi.o)
    0x08000b36   0x08000b36   0x00000002   PAD
    0x08000b38   0x08000b38   0x00000010   Code   RO         2871    i.DMA1_Stream0_IRQHandler  dma_stm32f4xx.o
    0x08000b48   0x08000b48   0x00000014   Code   RO         2872    i.DMA1_Stream1_IRQHandler  dma_stm32f4xx.o
    0x08000b5c   0x08000b5c   0x00000014   Code   RO         2873    i.DMA1_Stream2_IRQHandler  dma_stm32f4xx.o
    0x08000b70   0x08000b70   0x00000014   Code   RO         2874    i.DMA1_Stream3_IRQHandler  dma_stm32f4xx.o
    0x08000b84   0x08000b84   0x00000014   Code   RO         2875    i.DMA1_Stream4_IRQHandler  dma_stm32f4xx.o
    0x08000b98   0x08000b98   0x00000014   Code   RO         2876    i.DMA1_Stream5_IRQHandler  dma_stm32f4xx.o
    0x08000bac   0x08000bac   0x00000014   Code   RO         2877    i.DMA1_Stream6_IRQHandler  dma_stm32f4xx.o
    0x08000bc0   0x08000bc0   0x00000014   Code   RO         2878    i.DMA1_Stream7_IRQHandler  dma_stm32f4xx.o
    0x08000bd4   0x08000bd4   0x00000014   Code   RO         2879    i.DMA2_Stream0_IRQHandler  dma_stm32f4xx.o
    0x08000be8   0x08000be8   0x00000014   Code   RO         2880    i.DMA2_Stream1_IRQHandler  dma_stm32f4xx.o
    0x08000bfc   0x08000bfc   0x00000018   Code   RO         2881    i.DMA2_Stream2_IRQHandler  dma_stm32f4xx.o
    0x08000c14   0x08000c14   0x00000018   Code   RO         2882    i.DMA2_Stream3_IRQHandler  dma_stm32f4xx.o
    0x08000c2c   0x08000c2c   0x00000018   Code   RO         2883    i.DMA2_Stream4_IRQHandler  dma_stm32f4xx.o
    0x08000c44   0x08000c44   0x00000018   Code   RO         2884    i.DMA2_Stream5_IRQHandler  dma_stm32f4xx.o
    0x08000c5c   0x08000c5c   0x00000018   Code   RO         2885    i.DMA2_Stream6_IRQHandler  dma_stm32f4xx.o
    0x08000c74   0x08000c74   0x00000018   Code   RO         2886    i.DMA2_Stream7_IRQHandler  dma_stm32f4xx.o
    0x08000c8c   0x08000c8c   0x00000014   Code   RO          123    i.DMA_Cmd           stm32f4xx_dma.o
    0x08000ca0   0x08000ca0   0x00000124   Code   RO          124    i.DMA_DeInit        stm32f4xx_dma.o
    0x08000dc4   0x08000dc4   0x00000006   Code   RO          129    i.DMA_GetCurrDataCounter  stm32f4xx_dma.o
    0x08000dca   0x08000dca   0x0000002c   Code   RO          134    i.DMA_ITConfig      stm32f4xx_dma.o
    0x08000df6   0x08000df6   0x00000002   PAD
    0x08000df8   0x08000df8   0x00000054   Code   RO          135    i.DMA_Init          stm32f4xx_dma.o
    0x08000e4c   0x08000e4c   0x0000000a   Code   RO          136    i.DMA_MemoryTargetConfig  stm32f4xx_dma.o
    0x08000e56   0x08000e56   0x00000004   Code   RO          138    i.DMA_SetCurrDataCounter  stm32f4xx_dma.o
    0x08000e5a   0x08000e5a   0x00000022   Code   RO          139    i.DMA_StructInit    stm32f4xx_dma.o
    0x08000e7c   0x08000e7c   0x00000004   Code   RO         3009    i.EXTI0_IRQHandler  exti.o
    0x08000e80   0x08000e80   0x00000004   Code   RO         3010    i.EXTI15_10_IRQHandler  exti.o
    0x08000e84   0x08000e84   0x00000004   Code   RO         3011    i.EXTI1_IRQHandler  exti.o
    0x08000e88   0x08000e88   0x00000004   Code   RO         3012    i.EXTI2_IRQHandler  exti.o
    0x08000e8c   0x08000e8c   0x00000004   Code   RO         3013    i.EXTI3_IRQHandler  exti.o
    0x08000e90   0x08000e90   0x00000004   Code   RO         3014    i.EXTI4_IRQHandler  exti.o
    0x08000e94   0x08000e94   0x00000004   Code   RO         3015    i.EXTI9_5_IRQHandler  exti.o
    0x08000e98   0x08000e98   0x00000090   Code   RO         3016    i.EXTIConfig        exti.o
    0x08000f28   0x08000f28   0x00000020   Code   RO         3017    i.EXTIEnable        exti.o
    0x08000f48   0x08000f48   0x00000004   Code   RO         3018    i.EXTIHandlerInit   exti.o
    0x08000f4c   0x08000f4c   0x00000028   Code   RO         3019    i.EXTIInit          exti.o
    0x08000f74   0x08000f74   0x0000000c   Code   RO          254    i.EXTI_ClearITPendingBit  stm32f4xx_exti.o
    0x08000f80   0x08000f80   0x00000040   Code   RO         3021    i.EXTI_IRQHandler   exti.o
    0x08000fc0   0x08000fc0   0x00000070   Code   RO          259    i.EXTI_Init         stm32f4xx_exti.o
    0x08001030   0x08001030   0x00000094   Code   RO         2102    i.EnableGPIOClk     main.o
    0x080010c4   0x080010c4   0x000000a2   Code   RO          578    i.GPIO_Init         stm32f4xx_gpio.o
    0x08001166   0x08001166   0x00000020   Code   RO          579    i.GPIO_PinAFConfig  stm32f4xx_gpio.o
    0x08001186   0x08001186   0x00000012   Code   RO          587    i.GPIO_StructInit   stm32f4xx_gpio.o
    0x08001198   0x08001198   0x00000048   Code   RO         3197    i.IOConfigGPIO      io.o
    0x080011e0   0x080011e0   0x0000005c   Code   RO         3198    i.IOConfigGPIOAF    io.o
    0x0800123c   0x0800123c   0x0000006c   Code   RO         3199    i.IOGetByTag        io.o
    0x080012a8   0x080012a8   0x00000040   Code   RO         3200    i.IOGlobalInit      io.o
    0x080012e8   0x080012e8   0x0000000c   Code   RO         3201    i.IOHi              io.o
    0x080012f4   0x080012f4   0x00000006   Code   RO         3202    i.IOInit            io.o
    0x080012fa   0x080012fa   0x0000000e   Code   RO         3203    i.IOLo              io.o
    0x08001308   0x08001308   0x00000016   Code   RO         3204    i.IORead            io.o
    0x0800131e   0x0800131e   0x00000012   Code   RO         3207    i.IOWrite           io.o
    0x08001330   0x08001330   0x00000012   Code   RO         3208    i.IO_EXTI_Line      io.o
    0x08001342   0x08001342   0x00000004   Code   RO         3209    i.IO_EXTI_PinSource  io.o
    0x08001346   0x08001346   0x00000004   Code   RO         3210    i.IO_EXTI_PortSourceGPIO  io.o
    0x0800134a   0x0800134a   0x00000014   Code   RO         3212    i.IO_GPIOPinIdx     io.o
    0x0800135e   0x0800135e   0x00000002   PAD
    0x08001360   0x08001360   0x00000018   Code   RO         3213    i.IO_GPIOPortIdx    io.o
    0x08001378   0x08001378   0x00000004   Code   RO         3214    i.IO_GPIO_PinSource  io.o
    0x0800137c   0x0800137c   0x00000088   Code   RO         3337    i.LedInit           led.o
    0x08001404   0x08001404   0x00000028   Code   RO         3338    i.LedSet            led.o
    0x0800142c   0x0800142c   0x00000064   Code   RO           13    i.NVIC_Init         misc.o
    0x08001490   0x08001490   0x00000014   Code   RO           14    i.NVIC_PriorityGroupConfig  misc.o
    0x080014a4   0x080014a4   0x00000018   Code   RO          793    i.RCC_AHB1PeriphClockCmd  stm32f4xx_rcc.o
    0x080014bc   0x080014bc   0x00000018   Code   RO          795    i.RCC_AHB1PeriphResetCmd  stm32f4xx_rcc.o
    0x080014d4   0x080014d4   0x00000018   Code   RO          796    i.RCC_AHB2PeriphClockCmd  stm32f4xx_rcc.o
    0x080014ec   0x080014ec   0x00000018   Code   RO          802    i.RCC_APB1PeriphClockCmd  stm32f4xx_rcc.o
    0x08001504   0x08001504   0x00000018   Code   RO          804    i.RCC_APB1PeriphResetCmd  stm32f4xx_rcc.o
    0x0800151c   0x0800151c   0x00000018   Code   RO          805    i.RCC_APB2PeriphClockCmd  stm32f4xx_rcc.o
    0x08001534   0x08001534   0x00000018   Code   RO          807    i.RCC_APB2PeriphResetCmd  stm32f4xx_rcc.o
    0x0800154c   0x0800154c   0x00000010   Code   RO          810    i.RCC_ClearFlag     stm32f4xx_rcc.o
    0x0800155c   0x0800155c   0x00000024   Code   RO         3522    i.RCC_ClockCmd      rcc.o
    0x08001580   0x08001580   0x00000090   Code   RO          814    i.RCC_GetClocksFreq  stm32f4xx_rcc.o
    0x08001610   0x08001610   0x00000024   Code   RO         3523    i.RCC_ResetCmd      rcc.o
    0x08001634   0x08001634   0x0000000c   Code   RO         4338    i.ResetBeeperConfig  config.o
    0x08001640   0x08001640   0x00000020   Code   RO         4339    i.ResetLedStatusConfig  config.o
    0x08001660   0x08001660   0x0000002c   Code   RO         4340    i.ResetLedTimerConfig  config.o
    0x0800168c   0x0800168c   0x0000004c   Code   RO         4342    i.ResetMotorConfig  config.o
    0x080016d8   0x080016d8   0x00000008   Code   RO         5651    i.ResetRollAndPitchTrims  acceleration.o
    0x080016e0   0x080016e0   0x0000003c   Code   RO         4343    i.ResetSerialConfig  config.o
    0x0800171c   0x0800171c   0x00000064   Code   RO         4344    i.ResetSerialPinConfig  config.o
    0x08001780   0x08001780   0x00000014   Code   RO         1137    i.SPI_Cmd           stm32f4xx_spi.o
    0x08001794   0x08001794   0x00000084   Code   RO         1144    i.SPI_I2S_DeInit    stm32f4xx_spi.o
    0x08001818   0x08001818   0x0000000e   Code   RO         1145    i.SPI_I2S_GetFlagStatus  stm32f4xx_spi.o
    0x08001826   0x08001826   0x00000004   Code   RO         1148    i.SPI_I2S_ReceiveData  stm32f4xx_spi.o
    0x0800182a   0x0800182a   0x00000004   Code   RO         1149    i.SPI_I2S_SendData  stm32f4xx_spi.o
    0x0800182e   0x0800182e   0x00000038   Code   RO         1150    i.SPI_Init          stm32f4xx_spi.o
    0x08001866   0x08001866   0x00000002   PAD
    0x08001868   0x08001868   0x00000030   Code   RO         1302    i.SYSCFG_EXTILineConfig  stm32f4xx_syscfg.o
    0x08001898   0x08001898   0x000000b4   Code   RO         2388    i.SetSysClock       system_stm32f4xx.o
    0x0800194c   0x0800194c   0x00000024   Code   RO         2459    i.SysTick_Handler   system.o
    0x08001970   0x08001970   0x00000024   Code   RO         2460    i.SysTick_Init      system.o
    0x08001994   0x08001994   0x0000005c   Code   RO         2390    i.SystemInit        system_stm32f4xx.o
    0x080019f0   0x080019f0   0x00000010   Code   RO         4148    i.TIM1_CC_IRQHandler  timer.o
    0x08001a00   0x08001a00   0x00000010   Code   RO         4149    i.TIM2_IRQHandler   timer.o
    0x08001a10   0x08001a10   0x00000010   Code   RO         4150    i.TIM3_IRQHandler   timer.o
    0x08001a20   0x08001a20   0x00000010   Code   RO         4151    i.TIM4_IRQHandler   timer.o
    0x08001a30   0x08001a30   0x00000014   Code   RO         1373    i.TIM_Cmd           stm32f4xx_tim.o
    0x08001a44   0x08001a44   0x00000016   Code   RO         1375    i.TIM_CtrlPWMOutputs  stm32f4xx_tim.o
    0x08001a5a   0x08001a5a   0x00000002   PAD
    0x08001a5c   0x08001a5c   0x00000060   Code   RO         1402    i.TIM_OC1Init       stm32f4xx_tim.o
    0x08001abc   0x08001abc   0x0000000c   Code   RO         1405    i.TIM_OC1PreloadConfig  stm32f4xx_tim.o
    0x08001ac8   0x08001ac8   0x00000080   Code   RO         1407    i.TIM_OC2Init       stm32f4xx_tim.o
    0x08001b48   0x08001b48   0x00000014   Code   RO         1410    i.TIM_OC2PreloadConfig  stm32f4xx_tim.o
    0x08001b5c   0x08001b5c   0x0000007c   Code   RO         1412    i.TIM_OC3Init       stm32f4xx_tim.o
    0x08001bd8   0x08001bd8   0x0000000c   Code   RO         1415    i.TIM_OC3PreloadConfig  stm32f4xx_tim.o
    0x08001be4   0x08001be4   0x00000060   Code   RO         1417    i.TIM_OC4Init       stm32f4xx_tim.o
    0x08001c44   0x08001c44   0x00000014   Code   RO         1419    i.TIM_OC4PreloadConfig  stm32f4xx_tim.o
    0x08001c58   0x08001c58   0x00000014   Code   RO         1420    i.TIM_OCStructInit  stm32f4xx_tim.o
    0x08001c6c   0x08001c6c   0x0000007c   Code   RO         1445    i.TIM_TimeBaseInit  stm32f4xx_tim.o
    0x08001ce8   0x08001ce8   0x00000012   Code   RO         1446    i.TIM_TimeBaseStructInit  stm32f4xx_tim.o
    0x08001cfa   0x08001cfa   0x00000002   PAD
    0x08001cfc   0x08001cfc   0x00000010   Code   RO         4032    i.USART1_IRQHandler  serial_uart_stm32f4xx.o
    0x08001d0c   0x08001d0c   0x00000010   Code   RO         4033    i.USART3_IRQHandler  serial_uart_stm32f4xx.o
    0x08001d1c   0x08001d1c   0x00000010   Code   RO         4034    i.USART6_IRQHandler  serial_uart_stm32f4xx.o
    0x08001d2c   0x08001d2c   0x0000000c   Code   RO         1911    i.USART_ClearITPendingBit  stm32f4xx_usart.o
    0x08001d38   0x08001d38   0x00000014   Code   RO         1914    i.USART_Cmd         stm32f4xx_usart.o
    0x08001d4c   0x08001d4c   0x00000010   Code   RO         1915    i.USART_DMACmd      stm32f4xx_usart.o
    0x08001d5c   0x08001d5c   0x0000003e   Code   RO         1918    i.USART_GetITStatus  stm32f4xx_usart.o
    0x08001d9a   0x08001d9a   0x00000014   Code   RO         1919    i.USART_HalfDuplexCmd  stm32f4xx_usart.o
    0x08001dae   0x08001dae   0x00000030   Code   RO         1920    i.USART_ITConfig    stm32f4xx_usart.o
    0x08001dde   0x08001dde   0x00000002   PAD
    0x08001de0   0x08001de0   0x000000ac   Code   RO         1921    i.USART_Init        stm32f4xx_usart.o
    0x08001e8c   0x08001e8c   0x00000008   Code   RO         1931    i.USART_SendData    stm32f4xx_usart.o
    0x08001e94   0x08001e94   0x00000026   Code   RO         6557    i.__ARM_fpclassifyf  m_wm.l(fpclassifyf.o)
    0x08001eba   0x08001eba   0x00000002   PAD
    0x08001ebc   0x08001ebc   0x00000150   Code   RO         6455    i.__hardfp_cosf     m_wm.l(cosf.o)
    0x0800200c   0x0800200c   0x00000164   Code   RO         6467    i.__hardfp_log2f    m_wm.l(log2f.o)
    0x08002170   0x08002170   0x00000048   Code   RO         6519    i.__hardfp_lrintf   m_wm.l(lrintf.o)
    0x080021b8   0x080021b8   0x00000664   Code   RO         6481    i.__hardfp_powf     m_wm.l(powf.o)
    0x0800281c   0x0800281c   0x00000190   Code   RO         6495    i.__hardfp_sinf     m_wm.l(sinf.o)
    0x080029ac   0x080029ac   0x0000003a   Code   RO         6507    i.__hardfp_sqrtf    m_wm.l(sqrtf.o)
    0x080029e6   0x080029e6   0x00000002   PAD
    0x080029e8   0x080029e8   0x00000014   Code   RO         6559    i.__mathlib_flt_divzero  m_wm.l(funder.o)
    0x080029fc   0x080029fc   0x00000006   Code   RO         6560    i.__mathlib_flt_infnan  m_wm.l(funder.o)
    0x08002a02   0x08002a02   0x00000006   Code   RO         6561    i.__mathlib_flt_infnan2  m_wm.l(funder.o)
    0x08002a08   0x08002a08   0x00000010   Code   RO         6562    i.__mathlib_flt_invalid  m_wm.l(funder.o)
    0x08002a18   0x08002a18   0x00000010   Code   RO         6563    i.__mathlib_flt_overflow  m_wm.l(funder.o)
    0x08002a28   0x08002a28   0x00000010   Code   RO         6565    i.__mathlib_flt_underflow  m_wm.l(funder.o)
    0x08002a38   0x08002a38   0x00000154   Code   RO         6573    i.__mathlib_rredf2  m_wm.l(rredf.o)
    0x08002b8c   0x08002b8c   0x00000058   Code   RO         5426    i.accelerationLimit  pid.o
    0x08002be4   0x08002be4   0x00000034   Code   RO         4345    i.activateConfig    config.o
    0x08002c18   0x08002c18   0x00000050   Code   RO         4947    i.afatfs_FATGetNextCluster  asyncfatfs.o
    0x08002c68   0x08002c68   0x00000018   Code   RO         4948    i.afatfs_FATIsEndOfChainMarker  asyncfatfs.o
    0x08002c80   0x08002c80   0x00000040   Code   RO         4949    i.afatfs_FATSetNextCluster  asyncfatfs.o
    0x08002cc0   0x08002cc0   0x000000e8   Code   RO         4950    i.afatfs_allocateCacheSector  asyncfatfs.o
    0x08002da8   0x08002da8   0x0000008c   Code   RO         4951    i.afatfs_allocateDirectoryEntry  asyncfatfs.o
    0x08002e34   0x08002e34   0x00000034   Code   RO         4952    i.afatfs_allocateFileHandle  asyncfatfs.o
    0x08002e68   0x08002e68   0x000000d4   Code   RO         4953    i.afatfs_appendRegularFreeClusterContinue  asyncfatfs.o
    0x08002f3c   0x08002f3c   0x00000014   Code   RO         4954    i.afatfs_appendRegularFreeClusterInitOperationState  asyncfatfs.o
    0x08002f50   0x08002f50   0x0000006c   Code   RO         4955    i.afatfs_assert     asyncfatfs.o
    0x08002fbc   0x08002fbc   0x00000010   Code   RO         4956    i.afatfs_byteIndexInCluster  asyncfatfs.o
    0x08002fcc   0x08002fcc   0x0000005c   Code   RO         4957    i.afatfs_cacheFlushSector  asyncfatfs.o
    0x08003028   0x08003028   0x000000dc   Code   RO         4958    i.afatfs_cacheSector  asyncfatfs.o
    0x08003104   0x08003104   0x00000020   Code   RO         4959    i.afatfs_cacheSectorMarkDirty  asyncfatfs.o
    0x08003124   0x08003124   0x00000070   Code   RO         4960    i.afatfs_chdir      asyncfatfs.o
    0x08003194   0x08003194   0x00000010   Code   RO         4961    i.afatfs_clusterSize  asyncfatfs.o
    0x080031a4   0x080031a4   0x00000088   Code   RO         4962    i.afatfs_createFile  asyncfatfs.o
    0x0800322c   0x0800322c   0x00000190   Code   RO         4963    i.afatfs_createFileContinue  asyncfatfs.o
    0x080033bc   0x080033bc   0x0000011c   Code   RO         4964    i.afatfs_extendSubdirectoryContinue  asyncfatfs.o
    0x080034d8   0x080034d8   0x00000018   Code   RO         4965    i.afatfs_fatSectorToPhysical  asyncfatfs.o
    0x080034f0   0x080034f0   0x00000032   Code   RO         4966    i.afatfs_fclose     asyncfatfs.o
    0x08003522   0x08003522   0x00000002   PAD
    0x08003524   0x08003524   0x00000090   Code   RO         4967    i.afatfs_fcloseContinue  asyncfatfs.o
    0x080035b4   0x080035b4   0x00000038   Code   RO         4968    i.afatfs_fileGetCursorPhysicalSector  asyncfatfs.o
    0x080035ec   0x080035ec   0x00000006   Code   RO         4969    i.afatfs_fileGetNextCluster  asyncfatfs.o
    0x080035f2   0x080035f2   0x0000000c   Code   RO         4970    i.afatfs_fileIsBusy  asyncfatfs.o
    0x080035fe   0x080035fe   0x00000002   PAD
    0x08003600   0x08003600   0x000000c4   Code   RO         4971    i.afatfs_fileLockCursorSectorForWrite  asyncfatfs.o
    0x080036c4   0x080036c4   0x000000b4   Code   RO         4972    i.afatfs_fileOperationContinue  asyncfatfs.o
    0x08003778   0x08003778   0x00000078   Code   RO         4973    i.afatfs_fileRetainCursorSectorForRead  asyncfatfs.o
    0x080037f0   0x080037f0   0x00000054   Code   RO         4974    i.afatfs_fileUnlockCacheSector  asyncfatfs.o
    0x08003844   0x08003844   0x0000000e   Code   RO         4975    i.afatfs_fileUpdateFilesize  asyncfatfs.o
    0x08003852   0x08003852   0x00000002   PAD
    0x08003854   0x08003854   0x000000e4   Code   RO         4976    i.afatfs_findClusterWithCondition  asyncfatfs.o
    0x08003938   0x08003938   0x00000014   Code   RO         4977    i.afatfs_findFirst  asyncfatfs.o
    0x0800394c   0x0800394c   0x00000004   Code   RO         4978    i.afatfs_findLast   asyncfatfs.o
    0x08003950   0x08003950   0x00000054   Code   RO         4979    i.afatfs_findNext   asyncfatfs.o
    0x080039a4   0x080039a4   0x00000058   Code   RO         4980    i.afatfs_flush      asyncfatfs.o
    0x080039fc   0x080039fc   0x00000052   Code   RO         4981    i.afatfs_fopen      asyncfatfs.o
    0x08003a4e   0x08003a4e   0x00000002   PAD
    0x08003a50   0x08003a50   0x0000003c   Code   RO         4982    i.afatfs_fputc      asyncfatfs.o
    0x08003a8c   0x08003a8c   0x00000090   Code   RO         4984    i.afatfs_fseek      asyncfatfs.o
    0x08003b1c   0x08003b1c   0x00000078   Code   RO         4985    i.afatfs_fseekAtomic  asyncfatfs.o
    0x08003b94   0x08003b94   0x0000003a   Code   RO         4986    i.afatfs_fseekInternal  asyncfatfs.o
    0x08003bce   0x08003bce   0x0000007c   Code   RO         4987    i.afatfs_fseekInternalContinue  asyncfatfs.o
    0x08003c4a   0x08003c4a   0x0000003a   Code   RO         4988    i.afatfs_ftruncate  asyncfatfs.o
    0x08003c84   0x08003c84   0x000000b4   Code   RO         4989    i.afatfs_ftruncateContinue  asyncfatfs.o
    0x08003d38   0x08003d38   0x00000064   Code   RO         4990    i.afatfs_fwrite     asyncfatfs.o
    0x08003d9c   0x08003d9c   0x00000030   Code   RO         4991    i.afatfs_getCacheDescriptorIndexForBuffer  asyncfatfs.o
    0x08003dcc   0x08003dcc   0x00000040   Code   RO         4992    i.afatfs_getFATPositionForCluster  asyncfatfs.o
    0x08003e0c   0x08003e0c   0x0000000c   Code   RO         4993    i.afatfs_getFilesystemState  asyncfatfs.o
    0x08003e18   0x08003e18   0x00000030   Code   RO         4994    i.afatfs_getFreeBufferSpace  asyncfatfs.o
    0x08003e48   0x08003e48   0x00000018   Code   RO         4995    i.afatfs_init       asyncfatfs.o
    0x08003e60   0x08003e60   0x000000b0   Code   RO         4996    i.afatfs_initContinue  asyncfatfs.o
    0x08003f10   0x08003f10   0x00000014   Code   RO         4997    i.afatfs_initFileHandle  asyncfatfs.o
    0x08003f24   0x08003f24   0x00000030   Code   RO         4998    i.afatfs_isEndOfAllocatedFile  asyncfatfs.o
    0x08003f54   0x08003f54   0x0000000c   Code   RO         4999    i.afatfs_isFull     asyncfatfs.o
    0x08003f60   0x08003f60   0x00000026   Code   RO         5000    i.afatfs_mkdir      asyncfatfs.o
    0x08003f86   0x08003f86   0x00000002   PAD
    0x08003f88   0x08003f88   0x000000e4   Code   RO         5001    i.afatfs_parseVolumeID  asyncfatfs.o
    0x0800406c   0x0800406c   0x0000004c   Code   RO         5002    i.afatfs_poll       asyncfatfs.o
    0x080040b8   0x080040b8   0x0000006e   Code   RO         5003    i.afatfs_saveDirectoryEntry  asyncfatfs.o
    0x08004126   0x08004126   0x00000002   PAD
    0x08004128   0x08004128   0x00000060   Code   RO         5004    i.afatfs_sdcardReadComplete  asyncfatfs.o
    0x08004188   0x08004188   0x0000006c   Code   RO         5005    i.afatfs_sdcardWriteComplete  asyncfatfs.o
    0x080041f4   0x080041f4   0x0000000a   Code   RO         5006    i.afatfs_sectorIndexInCluster  asyncfatfs.o
    0x080041fe   0x080041fe   0x00000002   PAD
    0x08004200   0x08004200   0x00000040   Code   RO         4107    i.beeperInit        sound_beeper.o
    0x08004240   0x08004240   0x00000042   Code   RO         5830    i.biquadFilterApply  filter.o
    0x08004282   0x08004282   0x00000002   PAD
    0x08004284   0x08004284   0x000000f0   Code   RO         5831    i.biquadFilterInit  filter.o
    0x08004374   0x08004374   0x00000034   Code   RO         5832    i.biquadFilterInitLPF  filter.o
    0x080043a8   0x080043a8   0x00000084   Code   RO         6201    i.blackboxCreateLogFile  blackbox_io.o
    0x0800442c   0x0800442c   0x00000018   Code   RO         6202    i.blackboxDeviceBeginLog  blackbox_io.o
    0x08004444   0x08004444   0x0000003c   Code   RO         6204    i.blackboxDeviceOpen  blackbox_io.o
    0x08004480   0x08004480   0x0000001c   Code   RO         6205    i.blackboxLogDirCreated  blackbox_io.o
    0x0800449c   0x0800449c   0x0000005c   Code   RO         6206    i.blackboxLogFileCreated  blackbox_io.o
    0x080044f8   0x080044f8   0x0000002c   Code   RO         6207    i.blackboxPrint     blackbox_io.o
    0x08004524   0x08004524   0x00000044   Code   RO         6209    i.blackboxReplenishHeaderBudget  blackbox_io.o
    0x08004568   0x08004568   0x000000d4   Code   RO         6210    i.blackboxSDCardBeginLog  blackbox_io.o
    0x0800463c   0x0800463c   0x00000050   Code   RO         6136    i.blackboxSetState  blackbox.o
    0x0800468c   0x0800468c   0x00000010   Code   RO         6211    i.blackboxStopLogging  blackbox_io.o
    0x0800469c   0x0800469c   0x00000024   Code   RO         6212    i.blackboxWrite     blackbox_io.o
    0x080046c0   0x080046c0   0x00000060   Code   RO         5968    i.calculateNonDataDrivenChannel  rx.o
    0x08004720   0x08004720   0x00000034   Code   RO         5969    i.calculateRxChannelsAndUpdateFailsafe  rx.o
    0x08004754   0x08004754   0x00000144   Code   RO         4609    i.calculateSetpointRate  fc_rc.o
    0x08004898   0x08004898   0x00000018   Code   RO         4738    i.calculateThrottleStatus  rc_controls.o
    0x080048b0   0x080048b0   0x00000004   Code   RO         4350    i.checkEEPROMContainsValidData  config.o
    0x080048b4   0x080048b4   0x0000004c   Code   RO         4153    i.configTimeBaseMhz  timer.o
    0x08004900   0x08004900   0x00000010   Code   RO         4351    i.constrain         config.o
    0x08004910   0x08004910   0x00000010   Code   RO         4610    i.constrain         fc_rc.o
    0x08004920   0x08004920   0x00000020   Code   RO         4611    i.constrainf        fc_rc.o
    0x08004940   0x08004940   0x0000022c   Code   RO         4352    i.createDefaultConfig  config.o
    0x08004b6c   0x08004b6c   0x00000016   Code   RO         2461    i.delay             system.o
    0x08004b82   0x08004b82   0x00000002   PAD
    0x08004b84   0x08004b84   0x00000018   Code   RO         2462    i.delayMicroseconds  system.o
    0x08004b9c   0x08004b9c   0x00000110   Code   RO         5970    i.detectAndApplySignalLossBehaviour  rx.o
    0x08004cac   0x08004cac   0x00000006   Code   RO         5890    i.devClear          maths.o
    0x08004cb2   0x08004cb2   0x00000002   PAD
    0x08004cb4   0x08004cb4   0x00000058   Code   RO         5891    i.devPush           maths.o
    0x08004d0c   0x08004d0c   0x0000000e   Code   RO         5892    i.devStandardDeviation  maths.o
    0x08004d1a   0x08004d1a   0x00000002   PAD
    0x08004d1c   0x08004d1c   0x00000024   Code   RO         5893    i.devVariance       maths.o
    0x08004d40   0x08004d40   0x00000010   Code   RO         4814    i.disableFlightMode  runtime_config.o
    0x08004d50   0x08004d50   0x00000010   Code   RO         4815    i.enableFlightMode  runtime_config.o
    0x08004d60   0x08004d60   0x00000010   Code   RO         5279    i.fat16_isEndOfChainMarker  fat_standard.o
    0x08004d70   0x08004d70   0x00000006   Code   RO         5280    i.fat32_decodeClusterNumber  fat_standard.o
    0x08004d76   0x08004d76   0x00000002   PAD
    0x08004d78   0x08004d78   0x00000014   Code   RO         5281    i.fat32_isEndOfChainMarker  fat_standard.o
    0x08004d8c   0x08004d8c   0x00000050   Code   RO         5282    i.fat_convertFilenameToFATStyle  fat_standard.o
    0x08004ddc   0x08004ddc   0x0000000e   Code   RO         5283    i.fat_isDirectoryEntryEmpty  fat_standard.o
    0x08004dea   0x08004dea   0x0000000c   Code   RO         5284    i.fat_isDirectoryEntryTerminator  fat_standard.o
    0x08004df6   0x08004df6   0x0000000a   Code   RO         5285    i.fat_isFreeSpace   fat_standard.o
    0x08004e00   0x08004e00   0x00000024   Code   RO         4695    i.fcTasksInit       fc_tasks.o
    0x08004e24   0x08004e24   0x00000014   Code   RO         5570    i.feature           feature.o
    0x08004e38   0x08004e38   0x00000010   Code   RO         5571    i.featureClear      feature.o
    0x08004e48   0x08004e48   0x00000014   Code   RO         5573    i.featureConfigured  feature.o
    0x08004e5c   0x08004e5c   0x00000010   Code   RO         5575    i.featureSet        feature.o
    0x08004e6c   0x08004e6c   0x00000058   Code   RO         5833    i.filterGetNotchQ   filter.o
    0x08004ec4   0x08004ec4   0x00000028   Code   RO         3863    i.findNextSerialPortConfig  serial.o
    0x08004eec   0x08004eec   0x00000010   Code   RO         3864    i.findSerialPortConfig  serial.o
    0x08004efc   0x08004efc   0x0000001c   Code   RO         3865    i.findSerialPortIndexByIdentifier  serial.o
    0x08004f18   0x08004f18   0x00000028   Code   RO         3866    i.findSerialPortUsageByIdentifier  serial.o
    0x08004f40   0x08004f40   0x00000002   Code   RO         6137    i.finishBlackbox    blackbox.o
    0x08004f42   0x08004f42   0x0000000e   Code   RO         2103    i.fputc             main.o
    0x08004f50   0x08004f50   0x00000012   Code   RO         6138    i.gcd               blackbox.o
    0x08004f62   0x08004f62   0x00000002   PAD
    0x08004f64   0x08004f64   0x0000007c   Code   RO         4612    i.generateThrottleCurve  fc_rc.o
    0x08004fe0   0x08004fe0   0x0000000c   Code   RO         5333    i.getMotorCount     mixer.o
    0x08004fec   0x08004fec   0x0000000c   Code   RO         5334    i.getMotorMixRange  mixer.o
    0x08004ff8   0x08004ff8   0x0000002c   Code   RO         5971    i.getRxChannelCount  rx.o
    0x08005024   0x08005024   0x00000010   Code   RO         4615    i.getSetpointRate   fc_rc.o
    0x08005034   0x08005034   0x0000002c   Code   RO         6295    i.getTaskDeltaTime  scheduler.o
    0x08005060   0x08005060   0x0000000c   Code   RO         4616    i.getThrottlePIDAttenuation  fc_rc.o
    0x0800506c   0x0800506c   0x0000001c   Code   RO         4536    i.getUpdatedPIDCountDown  fc_core.o
    0x08005088   0x08005088   0x00000024   Code   RO         5713    i.gyroCalculateCalibratingCycles  gyro.o
    0x080050ac   0x080050ac   0x00000088   Code   RO         5714    i.gyroInit          gyro.o
    0x08005134   0x08005134   0x00000188   Code   RO         5715    i.gyroInitFilters   gyro.o
    0x080052bc   0x080052bc   0x00000006   Code   RO         3161    i.gyroMPU6xxxGetDividerDrops  gyro_sync.o
    0x080052c2   0x080052c2   0x00000002   PAD
    0x080052c4   0x080052c4   0x00000010   Code   RO         5716    i.gyroSetCalibrationCycles  gyro.o
    0x080052d4   0x080052d4   0x00000054   Code   RO         3162    i.gyroSetSampleRate  gyro_sync.o
    0x08005328   0x08005328   0x00000108   Code   RO         5717    i.gyroUpdate        gyro.o
    0x08005430   0x08005430   0x000000c4   Code   RO         6139    i.handleBlackbox    blackbox.o
    0x080054f4   0x080054f4   0x000000c0   Code   RO         4866    i.initActiveBoxIds  fc_msp.o
    0x080055b4   0x080055b4   0x00000030   Code   RO         6140    i.initBlackbox      blackbox.o
    0x080055e4   0x080055e4   0x00000002   Code   RO         5514    i.initEEPROM        config_eeprom.o
    0x080055e6   0x080055e6   0x00000002   PAD
    0x080055e8   0x080055e8   0x0000002c   Code   RO         5335    i.initEscEndpoints  mixer.o
    0x08005614   0x08005614   0x00000006   Code   RO         5577    i.intFeatureClearAll  feature.o
    0x0800561a   0x0800561a   0x00000008   Code   RO         5578    i.intFeatureSet     feature.o
    0x08005622   0x08005622   0x00000002   PAD
    0x08005624   0x08005624   0x00000020   Code   RO         4739    i.isAirModeActive   rc_controls.o
    0x08005644   0x08005644   0x00000020   Code   RO         4740    i.isAntiGravityModeActive  rc_controls.o
    0x08005664   0x08005664   0x00000014   Code   RO         5718    i.isGyroCalibrationComplete  gyro.o
    0x08005678   0x08005678   0x00000026   Code   RO         4741    i.isModeActivationConditionPresent  rc_controls.o
    0x0800569e   0x0800569e   0x00000002   PAD
    0x080056a0   0x080056a0   0x00000010   Code   RO         5719    i.isOnFinalGyroCalibrationCycle  gyro.o
    0x080056b0   0x080056b0   0x00000058   Code   RO         4742    i.isRangeActive     rc_controls.o
    0x08005708   0x08005708   0x0000001a   Code   RO         3946    i.isUartTransmitBufferEmpty  serial_uart.o
    0x08005722   0x08005722   0x00000002   PAD
    0x08005724   0x08005724   0x0000000c   Code   RO         4743    i.isUsingSticksForArming  rc_controls.o
    0x08005730   0x08005730   0x00000014   Code   RO         5579    i.latchActiveFeatures  feature.o
    0x08005744   0x08005744   0x00000048   Code   RO         4155    i.lookupTimerIndex  timer.o
    0x0800578c   0x0800578c   0x000001b8   Code   RO         2104    i.main              main.o
    0x08005944   0x08005944   0x00000054   Code   RO         2463    i.micros            system.o
    0x08005998   0x08005998   0x0000004c   Code   RO         2464    i.microsISR         system.o
    0x080059e4   0x080059e4   0x0000000c   Code   RO         2465    i.millis            system.o
    0x080059f0   0x080059f0   0x0000004c   Code   RO         5337    i.mixTable          mixer.o
    0x08005a3c   0x08005a3c   0x00000038   Code   RO         5338    i.mixerConfigurationOutput  mixer.o
    0x08005a74   0x08005a74   0x00000010   Code   RO         5339    i.mixerInit         mixer.o
    0x08005a84   0x08005a84   0x00000020   Code   RO         5340    i.mixerResetDisarmedMotors  mixer.o
    0x08005aa4   0x08005aa4   0x0000000c   Code   RO         5341    i.mixerUseConfigs   mixer.o
    0x08005ab0   0x08005ab0   0x00000118   Code   RO         3407    i.motorInit         pwm_output.o
    0x08005bc8   0x08005bc8   0x00000174   Code   RO         2629    i.mpu9250AccAndGyroInit  accgyro_spi_mpu9250.o
    0x08005d3c   0x08005d3c   0x00000040   Code   RO         2630    i.mpu9250ReadRegister  accgyro_spi_mpu9250.o
    0x08005d7c   0x08005d7c   0x00000014   Code   RO         2631    i.mpu9250ResetGyro  accgyro_spi_mpu9250.o
    0x08005d90   0x08005d90   0x0000004c   Code   RO         2632    i.mpu9250SlowReadRegister  accgyro_spi_mpu9250.o
    0x08005ddc   0x08005ddc   0x00000070   Code   RO         2633    i.mpu9250SpiDetect  accgyro_spi_mpu9250.o
    0x08005e4c   0x08005e4c   0x00000034   Code   RO         2634    i.mpu9250SpiGyroDetect  accgyro_spi_mpu9250.o
    0x08005e80   0x08005e80   0x00000084   Code   RO         2635    i.mpu9250SpiGyroInit  accgyro_spi_mpu9250.o
    0x08005f04   0x08005f04   0x00000040   Code   RO         2636    i.mpu9250WriteRegister  accgyro_spi_mpu9250.o
    0x08005f44   0x08005f44   0x00000012   Code   RO         2536    i.mpuCheckDataReady  accgyro_mpu.o
    0x08005f56   0x08005f56   0x00000002   PAD
    0x08005f58   0x08005f58   0x0000004c   Code   RO         2537    i.mpuDetect         accgyro_mpu.o
    0x08005fa4   0x08005fa4   0x0000004c   Code   RO         2538    i.mpuGyroInit       accgyro_mpu.o
    0x08005ff0   0x08005ff0   0x00000030   Code   RO         2539    i.mpuGyroRead       accgyro_mpu.o
    0x08006020   0x08006020   0x00000012   Code   RO         2540    i.mpuIntExtiHandler  accgyro_mpu.o
    0x08006032   0x08006032   0x00000004   Code   RO         4867    i.mspFcInit         fc_msp.o
    0x08006036   0x08006036   0x00000002   PAD
    0x08006038   0x08006038   0x00000078   Code   RO         4537    i.mwArm             fc_core.o
    0x080060b0   0x080060b0   0x00000034   Code   RO         4538    i.mwDisarm          fc_core.o
    0x080060e4   0x080060e4   0x00000002   Code   RO         5834    i.nullFilterApply   filter.o
    0x080060e6   0x080060e6   0x00000004   Code   RO         5972    i.nullFrameStatus   rx.o
    0x080060ea   0x080060ea   0x00000004   Code   RO         5973    i.nullReadRawRC     rx.o
    0x080060ee   0x080060ee   0x00000002   PAD
    0x080060f0   0x080060f0   0x0000006c   Code   RO         3868    i.openSerialPort    serial.o
    0x0800615c   0x0800615c   0x00000038   Code   RO         5974    i.parseRcChannels   rx.o
    0x08006194   0x08006194   0x000000d4   Code   RO         5720    i.performGyroCalibration  gyro.o
    0x08006268   0x08006268   0x00000100   Code   RO         5427    i.pidController     pid.o
    0x08006368   0x08006368   0x0000014c   Code   RO         5428    i.pidInitConfig     pid.o
    0x080064b4   0x080064b4   0x00000148   Code   RO         5429    i.pidInitFilters    pid.o
    0x080065fc   0x080065fc   0x00000020   Code   RO         5430    i.pidResetErrorGyroState  pid.o
    0x0800661c   0x0800661c   0x00000024   Code   RO         5432    i.pidSetTargetLooptime  pid.o
    0x08006640   0x08006640   0x00000010   Code   RO         5433    i.pidStabilisationState  pid.o
    0x08006650   0x08006650   0x000001cc   Code   RO         4617    i.processRcCommand  fc_rc.o
    0x0800681c   0x0800681c   0x000000c0   Code   RO         4744    i.processRcStickPositions  rc_controls.o
    0x080068dc   0x080068dc   0x0000012c   Code   RO         4539    i.processRx         fc_core.o
    0x08006a08   0x08006a08   0x00000016   Code   RO         5835    i.pt1FilterApply    filter.o
    0x08006a1e   0x08006a1e   0x00000002   PAD
    0x08006a20   0x08006a20   0x00000034   Code   RO         5837    i.pt1FilterInit     filter.o
    0x08006a54   0x08006a54   0x0000000c   Code   RO         3408    i.pwmAreMotorsEnabled  pwm_output.o
    0x08006a60   0x08006a60   0x0000000c   Code   RO         3409    i.pwmCompleteMotorUpdate  pwm_output.o
    0x08006a6c   0x08006a6c   0x00000038   Code   RO         3410    i.pwmCompleteOneshotMotorUpdate  pwm_output.o
    0x08006aa4   0x08006aa4   0x00000002   Code   RO         3411    i.pwmCompleteWriteUnused  pwm_output.o
    0x08006aa6   0x08006aa6   0x000000a0   Code   RO         3412    i.pwmOutConfigMhz   pwm_output.o
    0x08006b46   0x08006b46   0x00000002   PAD
    0x08006b48   0x08006b48   0x0000000c   Code   RO         3414    i.pwmWriteMotor     pwm_output.o
    0x08006b54   0x08006b54   0x00000014   Code   RO         3415    i.pwmWriteStandard  pwm_output.o
    0x08006b68   0x08006b68   0x00000002   Code   RO         3416    i.pwmWriteUnused    pwm_output.o
    0x08006b6a   0x08006b6a   0x00000002   PAD
    0x08006b6c   0x08006b6c   0x00000060   Code   RO         6296    i.queueAdd          scheduler.o
    0x08006bcc   0x08006bcc   0x0000001c   Code   RO         6297    i.queueClear        scheduler.o
    0x08006be8   0x08006be8   0x0000002c   Code   RO         6298    i.queueContains     scheduler.o
    0x08006c14   0x08006c14   0x00000014   Code   RO         6299    i.queueFirst        scheduler.o
    0x08006c28   0x08006c28   0x00000018   Code   RO         6300    i.queueNext         scheduler.o
    0x08006c40   0x08006c40   0x00000040   Code   RO         6301    i.queueRemove       scheduler.o
    0x08006c80   0x08006c80   0x0000003a   Code   RO         3848    i.readBitfield      sdcard_standard.o
    0x08006cba   0x08006cba   0x00000002   PAD
    0x08006cbc   0x08006cbc   0x0000001c   Code   RO         5516    i.readEEPROM        config_eeprom.o
    0x08006cd8   0x08006cd8   0x00000078   Code   RO         5975    i.readRxChannelsApplyRanges  rx.o
    0x08006d50   0x08006d50   0x00000034   Code   RO         6302    i.rescheduleTask    scheduler.o
    0x08006d84   0x08006d84   0x00000018   Code   RO         5976    i.resetAllRxChannelRangeConfigurations  rx.o
    0x08006d9c   0x08006d9c   0x00000018   Code   RO         4355    i.resetEEPROM       config.o
    0x08006db4   0x08006db4   0x000000c4   Code   RO         4356    i.resetPidProfile   config.o
    0x08006e78   0x08006e78   0x0000005c   Code   RO         4357    i.resetProfile      config.o
    0x08006ed4   0x08006ed4   0x00000010   Code   RO         4358    i.resetRcControlsConfig  config.o
    0x08006ee4   0x08006ee4   0x0000000c   Code   RO         5977    i.rxGetRefreshRate  rx.o
    0x08006ef0   0x08006ef0   0x000000d8   Code   RO         5978    i.rxInit            rx.o
    0x08006fc8   0x08006fc8   0x0000000c   Code   RO         5979    i.rxIsReceivingSignal  rx.o
    0x08006fd4   0x08006fd4   0x0000002c   Code   RO         3648    i.rxSerial3TestInit  rxserial3test.o
    0x08007000   0x08007000   0x00000010   Code   RO         3650    i.rxSerial3TestWrite  rxserial3test.o
    0x08007010   0x08007010   0x00000054   Code   RO         5980    i.rxUpdateCheck     rx.o
    0x08007064   0x08007064   0x00000050   Code   RO         6081    i.sbusDataReceiveCallBack  sbus.o
    0x080070b4   0x080070b4   0x000000d8   Code   RO         6082    i.sbusFrameStatus   sbus.o
    0x0800718c   0x0800718c   0x0000007c   Code   RO         6083    i.sbusInit          sbus.o
    0x08007208   0x08007208   0x0000001c   Code   RO         6084    i.sbusReadRawRC     sbus.o
    0x08007224   0x08007224   0x00000018   Code   RO         5894    i.scaleRange        maths.o
    0x0800723c   0x0800723c   0x00000170   Code   RO         6303    i.scheduler         scheduler.o
    0x080073ac   0x080073ac   0x00000020   Code   RO         6304    i.schedulerInit     scheduler.o
    0x080073cc   0x080073cc   0x00000024   Code   RO         3724    i.sdcardInsertionDetectInit  sdcard.o
    0x080073f0   0x080073f0   0x00000068   Code   RO         3725    i.sdcard_beginWriteBlocks  sdcard.o
    0x08007458   0x08007458   0x00000024   Code   RO         3726    i.sdcard_deselect   sdcard.o
    0x0800747c   0x0800747c   0x00000048   Code   RO         3727    i.sdcard_endWriteBlocks  sdcard.o
    0x080074c4   0x080074c4   0x0000009c   Code   RO         3728    i.sdcard_fetchCSD   sdcard.o
    0x08007560   0x08007560   0x00000088   Code   RO         3729    i.sdcard_init       sdcard.o
    0x080075e8   0x080075e8   0x00000014   Code   RO         3730    i.sdcard_isInserted  sdcard.o
    0x080075fc   0x080075fc   0x000002c4   Code   RO         3731    i.sdcard_poll       sdcard.o
    0x080078c0   0x080078c0   0x00000060   Code   RO         3732    i.sdcard_readBlock  sdcard.o
    0x08007920   0x08007920   0x00000088   Code   RO         3733    i.sdcard_receiveCID  sdcard.o
    0x080079a8   0x080079a8   0x00000044   Code   RO         3734    i.sdcard_receiveDataBlock  sdcard.o
    0x080079ec   0x080079ec   0x00000048   Code   RO         3735    i.sdcard_reset      sdcard.o
    0x08007a34   0x08007a34   0x0000000c   Code   RO         3736    i.sdcard_select     sdcard.o
    0x08007a40   0x08007a40   0x0000001a   Code   RO         3737    i.sdcard_sendAppCommand  sdcard.o
    0x08007a5a   0x08007a5a   0x00000002   PAD
    0x08007a5c   0x08007a5c   0x0000005c   Code   RO         3738    i.sdcard_sendCommand  sdcard.o
    0x08007ab8   0x08007ab8   0x00000028   Code   RO         3739    i.sdcard_waitForIdle  sdcard.o
    0x08007ae0   0x08007ae0   0x00000024   Code   RO         3740    i.sdcard_waitForNonIdleByte  sdcard.o
    0x08007b04   0x08007b04   0x000000a4   Code   RO         3741    i.sdcard_writeBlock  sdcard.o
    0x08007ba8   0x08007ba8   0x00000010   Code   RO         4817    i.sensorSet         runtime_config.o
    0x08007bb8   0x08007bb8   0x00000014   Code   RO         4818    i.sensors           runtime_config.o
    0x08007bcc   0x08007bcc   0x00000020   Code   RO         5790    i.sensorsAutodetect  initialisation.o
    0x08007bec   0x08007bec   0x00000034   Code   RO         3869    i.serialInit        serial.o
    0x08007c20   0x08007c20   0x00000012   Code   RO         5981    i.serialRxInit      rx.o
    0x08007c32   0x08007c32   0x00000002   PAD
    0x08007c34   0x08007c34   0x00000110   Code   RO         4035    i.serialUART        serial_uart_stm32f4xx.o
    0x08007d44   0x08007d44   0x0000000c   Code   RO         4036    i.serialUART1       serial_uart_stm32f4xx.o
    0x08007d50   0x08007d50   0x0000000c   Code   RO         4037    i.serialUART3       serial_uart_stm32f4xx.o
    0x08007d5c   0x08007d5c   0x0000000c   Code   RO         4038    i.serialUART6       serial_uart_stm32f4xx.o
    0x08007d68   0x08007d68   0x00000006   Code   RO         3871    i.serialWrite       serial.o
    0x08007d6e   0x08007d6e   0x00000002   PAD
    0x08007d70   0x08007d70   0x00000034   Code   RO         4362    i.setProfile        config.o
    0x08007da4   0x08007da4   0x00000034   Code   RO         6305    i.setTaskEnabled    scheduler.o
    0x08007dd8   0x08007dd8   0x00000030   Code   RO         2732    i.spiDeviceByInstance  bus_spi.o
    0x08007e08   0x08007e08   0x0000001c   Code   RO         2733    i.spiGetErrorCounter  bus_spi.o
    0x08007e24   0x08007e24   0x0000001c   Code   RO         2734    i.spiInit           bus_spi.o
    0x08007e40   0x08007e40   0x00000118   Code   RO         2735    i.spiInitDevice     bus_spi.o
    0x08007f58   0x08007f58   0x00000020   Code   RO         2736    i.spiIsBusBusy      bus_spi.o
    0x08007f78   0x08007f78   0x0000001c   Code   RO         2737    i.spiResetErrorCounter  bus_spi.o
    0x08007f94   0x08007f94   0x0000008a   Code   RO         2738    i.spiSetDivisor     bus_spi.o
    0x0800801e   0x0800801e   0x00000002   PAD
    0x08008020   0x08008020   0x00000024   Code   RO         2739    i.spiTimeoutUserCallback  bus_spi.o
    0x08008044   0x08008044   0x000000c8   Code   RO         2740    i.spiTransfer       bus_spi.o
    0x0800810c   0x0800810c   0x00000052   Code   RO         2741    i.spiTransferByte   bus_spi.o
    0x0800815e   0x0800815e   0x00000002   PAD
    0x08008160   0x08008160   0x00000038   Code   RO         6141    i.startBlackbox     blackbox.o
    0x08008198   0x08008198   0x00000018   Code   RO         4108    i.systemBeep        sound_beeper.o
    0x080081b0   0x080081b0   0x00000050   Code   RO         2106    i.systemInit        main.o
    0x08008200   0x08008200   0x0000013a   Code   RO         4363    i.targetConfiguration  config.o
    0x0800833a   0x0800833a   0x00000002   PAD
    0x0800833c   0x0800833c   0x00000090   Code   RO         4540    i.taskMainPidLoop   fc_core.o
    0x080083cc   0x080083cc   0x00000020   Code   RO         6306    i.taskSystem        scheduler.o
    0x080083ec   0x080083ec   0x0000001c   Code   RO         4696    i.taskUpdateRxMain  fc_tasks.o
    0x08008408   0x08008408   0x0000007a   Code   RO         4156    i.timCCxHandler     timer.o
    0x08008482   0x08008482   0x0000000a   Code   RO         4158    i.timerChCCR        timer.o
    0x0800848c   0x0800848c   0x0000003c   Code   RO         4307    i.timerClockDivisor  timer_stm32f4xx.o
    0x080084c8   0x080084c8   0x00000034   Code   RO         4163    i.timerForceOverflow  timer.o
    0x080084fc   0x080084fc   0x0000003c   Code   RO         4164    i.timerGetByTag     timer.o
    0x08008538   0x08008538   0x00000084   Code   RO         4165    i.timerInit         timer.o
    0x080085bc   0x080085bc   0x00000028   Code   RO         4168    i.timerOCInit       timer.o
    0x080085e4   0x080085e4   0x00000028   Code   RO         4169    i.timerOCPreloadConfig  timer.o
    0x0800860c   0x0800860c   0x00000024   Code   RO         4170    i.timerRCC          timer.o
    0x08008630   0x08008630   0x00000096   Code   RO         4039    i.uartIrqHandler    serial_uart_stm32f4xx.o
    0x080086c6   0x080086c6   0x00000002   PAD
    0x080086c8   0x080086c8   0x00000174   Code   RO         3947    i.uartOpen          serial_uart.o
    0x0800883c   0x0800883c   0x0000002c   Code   RO         3948    i.uartRead          serial_uart.o
    0x08008868   0x08008868   0x0000008c   Code   RO         3949    i.uartReconfigure   serial_uart.o
    0x080088f4   0x080088f4   0x00000006   Code   RO         3950    i.uartSetBaudRate   serial_uart.o
    0x080088fa   0x080088fa   0x00000006   Code   RO         3951    i.uartSetMode       serial_uart.o
    0x08008900   0x08008900   0x0000004a   Code   RO         3952    i.uartStartTxDMA    serial_uart.o
    0x0800894a   0x0800894a   0x00000018   Code   RO         3953    i.uartTotalRxBytesWaiting  serial_uart.o
    0x08008962   0x08008962   0x00000026   Code   RO         3954    i.uartTotalTxBytesFree  serial_uart.o
    0x08008988   0x08008988   0x00000030   Code   RO         3955    i.uartWrite         serial_uart.o
    0x080089b8   0x080089b8   0x00000040   Code   RO         4745    i.updateActivatedModes  rc_controls.o
    0x080089f8   0x080089f8   0x00000038   Code   RO         4541    i.updateLEDs        fc_core.o
    0x08008a30   0x08008a30   0x0000012c   Code   RO         4618    i.updateRcCommands  fc_rc.o
    0x08008b5c   0x08008b5c   0x0000001c   Code   RO         4746    i.useRcControlsConfig  rc_controls.o
    0x08008b78   0x08008b78   0x00000040   Code   RO         4364    i.validateAndFixConfig  config.o
    0x08008bb8   0x08008bb8   0x0000002c   Code   RO         4365    i.validateAndFixGyroConfig  config.o
    0x08008be4   0x08008be4   0x00000050   Code   RO         6142    i.validateBlackboxConfig  blackbox.o
    0x08008c34   0x08008c34   0x00000040   Code   RO         2637    i.verifyMPU9250WriteRegister  accgyro_spi_mpu9250.o
    0x08008c74   0x08008c74   0x00000034   Code   RO         5342    i.writeMotors       mixer.o
    0x08008ca8   0x08008ca8   0x0000002c   Code   RO         6608    locale$$code        c_w.l(lc_ctype_c.o)
    0x08008cd4   0x08008cd4   0x0000000e   Code   RO         6549    x$fpl$ffixr         fz_wm.l(ffix.o)
    0x08008ce2   0x08008ce2   0x0000008c   Code   RO         6610    x$fpl$fnaninf       fz_wm.l(fnaninf.o)
    0x08008d6e   0x08008d6e   0x0000000a   Code   RO         6675    x$fpl$fpinit        fz_wm.l(fpinit.o)
    0x08008d78   0x08008d78   0x00000060   Code   RO         6552    x$fpl$frnd          fz_wm.l(frnd.o)
    0x08008dd8   0x08008dd8   0x00000000   Code   RO         6556    x$fpl$usenofp       fz_wm.l(usenofp.o)
    0x08008dd8   0x08008dd8   0x00000005   Data   RO         2107    .constdata          main.o
    0x08008ddd   0x08008ddd   0x00000003   PAD
    0x08008de0   0x08008de0   0x000000a8   Data   RO         2431    .constdata          target.o
    0x08008e88   0x08008e88   0x00000029   Data   RO         2638    .constdata          accgyro_spi_mpu9250.o
    0x08008eb1   0x08008eb1   0x0000001a   Data   RO         2742    .constdata          bus_spi.o
    0x08008ecb   0x08008ecb   0x00000017   Data   RO         3023    .constdata          exti.o
    0x08008ee2   0x08008ee2   0x00000016   Data   RO         3218    .constdata          io.o
    0x08008ef8   0x08008ef8   0x00000003   Data   RO         3873    .constdata          serial.o
    0x08008efb   0x08008efb   0x00000001   PAD
    0x08008efc   0x08008efc   0x00000028   Data   RO         3956    .constdata          serial_uart.o
    0x08008f24   0x08008f24   0x00000070   Data   RO         4308    .constdata          timer_stm32f4xx.o
    0x08008f94   0x08008f94   0x00000011   Data   RO         4620    .constdata          fc_rc.o
    0x08008fa5   0x08008fa5   0x00000038   Data   RO         5008    .constdata          asyncfatfs.o
    0x08008fdd   0x08008fdd   0x00000003   PAD
    0x08008fe0   0x08008fe0   0x00000040   Data   RO         5344    .constdata          mixer.o
    0x08009020   0x08009020   0x00000001   Data   RO         5722    .constdata          gyro.o
    0x08009021   0x08009021   0x0000001c   Data   RO         5984    .constdata          rx.o
    0x0800903d   0x0800903d   0x00000017   Data   RO         6214    .constdata          blackbox_io.o
    0x08009054   0x08009054   0x00000040   Data   RO         6470    .constdata          m_wm.l(log2f.o)
    0x08009094   0x08009094   0x00000140   Data   RO         6484    .constdata          m_wm.l(powf.o)
    0x080091d4   0x080091d4   0x00000020   Data   RO         6574    .constdata          m_wm.l(rredf.o)
    0x080091f4   0x080091f4   0x00000017   Data   RO         4697    .conststring        fc_tasks.o
    0x0800920b   0x0800920b   0x00000001   PAD
    0x0800920c   0x0800920c   0x00000020   Data   RO         6750    Region$$Table       anon$$obj.o
    0x0800922c   0x0800922c   0x00000110   Data   RO         6607    locale$$data        c_w.l(lc_ctype_c.o)


    Execution Region RW_IRAM1 (Exec base: 0x20000000, Load base: 0x0800933c, Size: 0x00003bc0, Max: 0x00020000, ABSOLUTE, COMPRESSED[0x00000154])

    Exec Addr    Load Addr    Size         Type   Attr      Idx    E Section Name        Object

    0x20000000   COMPRESSED   0x00000010   Data   RW          846    .data               stm32f4xx_rcc.o
    0x20000010   COMPRESSED   0x00000001   Data   RW         2108    .data               main.o
    0x20000011   COMPRESSED   0x00000003   PAD
    0x20000014   COMPRESSED   0x00000004   Data   RW         2109    .data               main.o
    0x20000018   COMPRESSED   0x00000014   Data   RW         2392    .data               system_stm32f4xx.o
    0x2000002c   COMPRESSED   0x0000000c   Data   RW         2467    .data               system.o
    0x20000038   COMPRESSED   0x00000004   Data   RW         2542    .data               accgyro_mpu.o
    0x2000003c   COMPRESSED   0x00000008   Data   RW         2639    .data               accgyro_spi_mpu9250.o
    0x20000044   COMPRESSED   0x00000020   Data   RW         2743    .data               bus_spi.o
    0x20000064   COMPRESSED   0x000001c0   Data   RW         2889    .data               dma_stm32f4xx.o
    0x20000224   COMPRESSED   0x00000007   Data   RW         3024    .data               exti.o
    0x2000022b   COMPRESSED   0x00000001   Data   RW         3345    .data               led.o
    0x2000022c   COMPRESSED   0x0000000c   Data   RW         3418    .data               pwm_output.o
    0x20000238   COMPRESSED   0x00000004   Data   RW         3651    .data               rxserial3test.o
    0x2000023c   COMPRESSED   0x00000008   Data   RW         3743    .data               sdcard.o
    0x20000244   COMPRESSED   0x00000008   Data   RW         3875    .data               serial.o
    0x2000024c   COMPRESSED   0x0000047c   Data   RW         4040    .data               serial_uart_stm32f4xx.o
    0x200006c8   COMPRESSED   0x0000047c   Data   RW         4041    .data               serial_uart_stm32f4xx.o
    0x20000b44   COMPRESSED   0x0000047c   Data   RW         4042    .data               serial_uart_stm32f4xx.o
    0x20000fc0   COMPRESSED   0x00000018   Data   RW         4043    .data               serial_uart_stm32f4xx.o
    0x20000fd8   COMPRESSED   0x00000008   Data   RW         4110    .data               sound_beeper.o
    0x20000fe0   COMPRESSED   0x00000006   Data   RW         4172    .data               timer.o
    0x20000fe6   COMPRESSED   0x00000002   PAD
    0x20000fe8   COMPRESSED   0x0000000c   Data   RW         4367    .data               config.o
    0x20000ff4   COMPRESSED   0x00000010   Data   RW         4542    .data               fc_core.o
    0x20001004   COMPRESSED   0x00000001   Data   RW         4543    .data               fc_core.o
    0x20001005   COMPRESSED   0x00000003   PAD
    0x20001008   COMPRESSED   0x0000001c   Data   RW         4621    .data               fc_rc.o
    0x20001024   COMPRESSED   0x0000023c   Data   RW         4698    .data               fc_tasks.o
    0x20001260   COMPRESSED   0x00000010   Data   RW         4747    .data               rc_controls.o
    0x20001270   COMPRESSED   0x00000008   Data   RW         4748    .data               rc_controls.o
    0x20001278   COMPRESSED   0x00000001   Data   RW         4820    .data               runtime_config.o
    0x20001279   COMPRESSED   0x00000003   PAD
    0x2000127c   COMPRESSED   0x00000008   Data   RW         4821    .data               runtime_config.o
    0x20001284   COMPRESSED   0x00000001   Data   RW         4869    .data               fc_msp.o
    0x20001285   COMPRESSED   0x00000003   PAD
    0x20001288   COMPRESSED   0x00000020   Data   RW         5345    .data               mixer.o
    0x200012a8   COMPRESSED   0x0000004c   Data   RW         5436    .data               pid.o
    0x200012f4   COMPRESSED   0x00000004   Data   RW         5580    .data               feature.o
    0x200012f8   COMPRESSED   0x00000014   Data   RW         5723    .data               gyro.o
    0x2000130c   COMPRESSED   0x00000004   Data   RW         5791    .data               initialisation.o
    0x20001310   COMPRESSED   0x00000020   Data   RW         5986    .data               rx.o
    0x20001330   COMPRESSED   0x00000008   Data   RW         6086    .data               sbus.o
    0x20001338   COMPRESSED   0x00000008   Data   RW         6120    .data               debug.o
    0x20001340   COMPRESSED   0x00000001   Data   RW         6121    .data               debug.o
    0x20001341   COMPRESSED   0x00000003   PAD
    0x20001344   COMPRESSED   0x0000000c   Data   RW         6144    .data               blackbox.o
    0x20001350   COMPRESSED   0x00000008   Data   RW         6215    .data               blackbox_io.o
    0x20001358   COMPRESSED   0x00000024   Data   RW         6308    .data               scheduler.o
    0x2000137c        -       0x00000010   Zero   RW         2466    .bss                system.o
    0x2000138c        -       0x00000040   Zero   RW         3022    .bss                exti.o
    0x200013cc        -       0x00000280   Zero   RW         3217    .bss                io.o
    0x2000164c        -       0x00000010   Zero   RW         3344    .bss                led.o
    0x2000165c        -       0x00000140   Zero   RW         3417    .bss                pwm_output.o
    0x2000179c        -       0x00000050   Zero   RW         3742    .bss                sdcard.o
    0x200017ec        -       0x00000024   Zero   RW         3872    .bss                serial.o
    0x20001810        -       0x000000fe   Zero   RW         4171    .bss                timer.o
    0x2000190e   COMPRESSED   0x00000002   PAD
    0x20001910        -       0x00000378   Zero   RW         4366    .bss                config.o
    0x20001c88        -       0x0000003c   Zero   RW         4619    .bss                fc_rc.o
    0x20001cc4        -       0x0000001f   Zero   RW         4868    .bss                fc_msp.o
    0x20001ce3   COMPRESSED   0x00000001   PAD
    0x20001ce4        -       0x000011cc   Zero   RW         5007    .bss                asyncfatfs.o
    0x20002eb0        -       0x000000f0   Zero   RW         5343    .bss                mixer.o
    0x20002fa0        -       0x000000f4   Zero   RW         5434    .bss                pid.o
    0x20003094        -       0x00000208   Zero   RW         5721    .bss                gyro.o
    0x2000329c        -       0x000000dc   Zero   RW         5983    .bss                rx.o
    0x20003378        -       0x00000064   Zero   RW         6085    .bss                sbus.o
    0x200033dc        -       0x00000138   Zero   RW         6143    .bss                blackbox.o
    0x20003514        -       0x00000018   Zero   RW         6213    .bss                blackbox_io.o
    0x2000352c        -       0x00000030   Zero   RW         6307    .bss                scheduler.o
    0x2000355c        -       0x00000060   Zero   RW         6577    .bss                c_w.l(libspace.o)
    0x200035bc   COMPRESSED   0x00000004   PAD
    0x200035c0        -       0x00000200   Zero   RW            2    HEAP                startup_stm32f407xx.o
    0x200037c0        -       0x00000400   Zero   RW            1    STACK               startup_stm32f407xx.o


==============================================================================

Image component sizes


      Code (inc. data)   RO Data    RW Data    ZI Data      Debug   Object Name

         8          0          0          0          0       4086   acceleration.o
       236         26          0          4          0      13303   accgyro_mpu.o
       956        276         41          8          0      14921   accgyro_spi_mpu9250.o
      5594        354         56          0       4556      60290   asyncfatfs.o
       480         98          0         12        312       6278   blackbox.o
       712        200         23          8         24       7647   blackbox_io.o
       900        106         26         32          0       8108   bus_spi.o
         0          0          0          0          0        916   button.o
      1754         96          0         12        888      17304   config.o
        30          4          0          0          0       1034   config_eeprom.o
         0          0          0          9          0        566   debug.o
       340         84          0        448          0      10364   dma_stm32f4xx.o
       312         32         23          7         64       7818   exti.o
       158          6          0          0          0       5233   fat_standard.o
       700        100          0         17          0       8617   fc_core.o
       196          8          0          1         31       1735   fc_msp.o
      1284        148         17         28         60       8588   fc_rc.o
        64          4         23        572          0       3195   fc_tasks.o
       106         30          0          4          0       4647   feature.o
       522         20          0          0          0       6482   filter.o
         0          0          0          0          0       3286   gps.o
      1092         96          1         20        520       8610   gyro.o
        90         12          0          0          0       1781   gyro_sync.o
        32          6          0          4          0       3208   initialisation.o
       482         38         22          0        640      17821   io.o
       176         16          0          1         16       2055   led.o
       682        122          5          5          0      64912   main.o
       168         10          0          0          0       4127   maths.o
       120         14          0          0          0     316231   misc.o
       312         70         64         32        240       9319   mixer.o
      1088         98          0         76        244       8535   pid.o
         0          0          0          0          0       2837   pwm.o
       556         56          0         12        320      10851   pwm_output.o
       510         50          0         24          0      10722   rc_controls.o
        72          0          0          0          0       1326   rcc.o
        68         18          0          9          0       3539   runtime_config.o
      1014        102         28         32        220      15350   rx.o
        60         10          0          4          0       1749   rxserial3test.o
       448         44          0          8        100       4299   sbus.o
       856         98          0         36         48      11260   scheduler.o
      2010        138          0          8         80      18981   sdcard.o
        58          0          0          0          0       1359   sdcard_standard.o
       290         46          3          8         36       9042   serial.o
       778         12         40          0          0       9141   serial_uart.o
       506         26          0       3468          0       6896   serial_uart_stm32f4xx.o
        88         12          0          8          0       2354   sound_beeper.o
        64         26        392          0       1536        908   startup_stm32f407xx.o
       494         24          0          0          0       6945   stm32f4xx_dma.o
       124         10          0          0          0       1757   stm32f4xx_exti.o
       212          0          0          0          0       2613   stm32f4xx_gpio.o
       328         58          0         16          0       8451   stm32f4xx_rcc.o
       230         24          0          0          0       4739   stm32f4xx_spi.o
        48          6          0          0          0        744   stm32f4xx_syscfg.o
       712         60          0          0          0      10705   stm32f4xx_tim.o
       358          8          0          0          0       6778   stm32f4xx_usart.o
       290         38          0         12         16       7238   system.o
       272         36          0         20          0       2161   system_stm32f4xx.o
         0          0        168          0          0       2331   target.o
       704         78          0          6        254      12919   timer.o
        60         22        112          0          0       2935   timer_stm32f4xx.o

    ----------------------------------------------------------------------
     29880       3076       1084       4988      10208     811947   Object Totals
         0          0         32          0          0          0   (incl. Generated)
        76          0          8         17          3          0   (incl. Padding)

    ----------------------------------------------------------------------

      Code (inc. data)   RO Data    RW Data    ZI Data      Debug   Library Member Name

        90          0          0          0          0          0   __dczerorl2.o
         8          0          0          0          0         68   __main.o
       104          0          0          0          0         84   __printf.o
         0          0          0          0          0          0   __rtentry.o
        12          0          0          0          0          0   __rtentry2.o
         6          0          0          0          0          0   __rtentry4.o
        52          8          0          0          0          0   __scatter.o
        28          0          0          0          0          0   __scatter_zi.o
        28          0          0          0          0         68   _chval.o
        44          0          0          0          0        108   _printf_char.o
        48          6          0          0          0         96   _printf_char_common.o
        36          4          0          0          0         80   _printf_char_file.o
         6          0          0          0          0          0   _printf_d.o
       120         16          0          0          0         92   _printf_dec.o
       178          0          0          0          0         88   _printf_intcommon.o
         0          0          0          0          0          0   _printf_percent.o
         4          0          0          0          0          0   _printf_percent_end.o
         6          0          0          0          0          0   _printf_s.o
        82          0          0          0          0         80   _printf_str.o
         6          0          0          0          0          0   _printf_u.o
        22          0          0          0          0        100   _rserrno.o
       158          0          0          0          0         92   _strtoul.o
        16          0          0          0          0         68   aeabi_memset.o
        26          0          0          0          0         80   atoi.o
        18          0          0          0          0         80   exit.o
         8          0          0          0          0         68   ferror.o
         6          0          0          0          0        152   heapauxi.o
         0          0          0          0          0          0   indicate_semi.o
        44         10        272          0          0         76   lc_ctype_c.o
         2          0          0          0          0          0   libinit.o
        24          0          0          0          0          0   libinit2.o
         2          0          0          0          0          0   libshutdown.o
         2          0          0          0          0          0   libshutdown2.o
         8          4          0          0         96         68   libspace.o
        24          4          0          0          0         84   noretval__2printf.o
        16          4          0          0          0         76   rt_ctype_table.o
         8          4          0          0          0         68   rt_errno_addr_intlibspace.o
         8          4          0          0          0         68   rt_locale_intlibspace.o
        68          0          0          0          0         68   rt_memclr.o
        78          0          0          0          0         80   rt_memclr_w.o
       138          0          0          0          0         68   rt_memcpy_v6.o
       100          0          0          0          0         80   rt_memcpy_w.o
       122          0          0          0          0         80   rt_memmove_w.o
         2          0          0          0          0          0   rtexit.o
        10          0          0          0          0          0   rtexit2.o
        20          0          0          0          0         68   strchr.o
       128          0          0          0          0         68   strcmpv7m.o
        62          0          0          0          0         76   strlen.o
       150          0          0          0          0         80   strncmp.o
        86          0          0          0          0         76   strncpy.o
       112          0          0          0          0         88   strtol.o
        12          4          0          0          0         68   sys_exit.o
        74          0          0          0          0         80   sys_stackheap_outer.o
        30          0          0          0          0         76   toupper.o
         2          0          0          0          0         68   use_no_semi.o
        14          0          0          0          0        116   ffix.o
       140          4          0          0          0        132   fnaninf.o
        10          0          0          0          0        116   fpinit.o
        96          4          0          0          0        124   frnd.o
         0          0          0          0          0          0   usenofp.o
       336         56          0          0          0        136   cosf.o
        38          0          0          0          0        116   fpclassifyf.o
        80         24          0          0          0        696   funder.o
       356         44         64          0          0        140   log2f.o
        72          0          0          0          0        136   lrintf.o
      1636        110        320          0          0        372   powf.o
       340         24         32          0          0        160   rredf.o
       400         56          0          0          0        212   sinf.o
        58          0          0          0          0        136   sqrtf.o

    ----------------------------------------------------------------------
      6040        390        688          0        100       5560   Library Totals
        20          0          0          0          4          0   (incl. Padding)

    ----------------------------------------------------------------------

      Code (inc. data)   RO Data    RW Data    ZI Data      Debug   Library Name

      2444         68        272          0         96       2968   c_w.l
       260          8          0          0          0        488   fz_wm.l
      3316        314        416          0          0       2104   m_wm.l

    ----------------------------------------------------------------------
      6040        390        688          0        100       5560   Library Totals

    ----------------------------------------------------------------------

==============================================================================


      Code (inc. data)   RO Data    RW Data    ZI Data      Debug   

     35920       3466       1772       4988      10308     774191   Grand Totals
     35920       3466       1772        340      10308     774191   ELF Image Totals (compressed)
     35920       3466       1772        340          0          0   ROM Totals

==============================================================================

    Total RO  Size (Code + RO Data)                37692 (  36.81kB)
    Total RW  Size (RW Data + ZI Data)             15296 (  14.94kB)
    Total ROM Size (Code + RO Data + RW Data)      38032 (  37.14kB)

==============================================================================

